"C:\Program Files\Java\jdk1.8.0_91\bin\java.exe" -agentlib:jdwp=transport=dt_socket,address=127.0.0.1:55995,suspend=y,server=n -Xmx1024m -XX:+UseConcMarkSweepGC -XX:+PrintGCDetails -XX:+PrintGCDateStamps -javaagent:C:\Users\hfzhang\.IdeaIC2018.2\system\captureAgent\debugger-agent.jar=file:/C:/Users/hfzhang/AppData/Local/Temp/capture.props -Dfile.encoding=UTF-8 -classpath "C:\Program Files\Java\jdk1.8.0_91\jre\lib\charsets.jar;C:\Program Files\Java\jdk1.8.0_91\jre\lib\deploy.jar;C:\Program Files\Java\jdk1.8.0_91\jre\lib\ext\access-bridge-64.jar;C:\Program Files\Java\jdk1.8.0_91\jre\lib\ext\cldrdata.jar;C:\Program Files\Java\jdk1.8.0_91\jre\lib\ext\dnsns.jar;C:\Program Files\Java\jdk1.8.0_91\jre\lib\ext\jaccess.jar;C:\Program Files\Java\jdk1.8.0_91\jre\lib\ext\jfxrt.jar;C:\Program Files\Java\jdk1.8.0_91\jre\lib\ext\localedata.jar;C:\Program Files\Java\jdk1.8.0_91\jre\lib\ext\nashorn.jar;C:\Program Files\Java\jdk1.8.0_91\jre\lib\ext\sunec.jar;C:\Program Files\Java\jdk1.8.0_91\jre\lib\ext\sunjce_provider.jar;C:\Program Files\Java\jdk1.8.0_91\jre\lib\ext\sunmscapi.jar;C:\Program Files\Java\jdk1.8.0_91\jre\lib\ext\sunpkcs11.jar;C:\Program Files\Java\jdk1.8.0_91\jre\lib\ext\zipfs.jar;C:\Program Files\Java\jdk1.8.0_91\jre\lib\javaws.jar;C:\Program Files\Java\jdk1.8.0_91\jre\lib\jce.jar;C:\Program Files\Java\jdk1.8.0_91\jre\lib\jfr.jar;C:\Program Files\Java\jdk1.8.0_91\jre\lib\jfxswt.jar;C:\Program Files\Java\jdk1.8.0_91\jre\lib\jsse.jar;C:\Program Files\Java\jdk1.8.0_91\jre\lib\management-agent.jar;C:\Program Files\Java\jdk1.8.0_91\jre\lib\plugin.jar;C:\Program Files\Java\jdk1.8.0_91\jre\lib\resources.jar;C:\Program Files\Java\jdk1.8.0_91\jre\lib\rt.jar;D:\User\workspace\springboot-maven-hf\jvm-actual\target\classes;D:\m2\repository\org\springframework\boot\spring-boot-starter-web\2.3.5.RELEASE\spring-boot-starter-web-2.3.5.RELEASE.jar;D:\m2\repository\org\springframework\boot\spring-boot-starter\2.3.5.RELEASE\spring-boot-starter-2.3.5.RELEASE.jar;D:\m2\repository\org\springframework\boot\spring-boot\2.3.5.RELEASE\spring-boot-2.3.5.RELEASE.jar;D:\m2\repository\org\springframework\boot\spring-boot-autoconfigure\2.3.5.RELEASE\spring-boot-autoconfigure-2.3.5.RELEASE.jar;D:\m2\repository\org\springframework\boot\spring-boot-starter-logging\2.3.5.RELEASE\spring-boot-starter-logging-2.3.5.RELEASE.jar;D:\m2\repository\ch\qos\logback\logback-classic\1.2.3\logback-classic-1.2.3.jar;D:\m2\repository\ch\qos\logback\logback-core\1.2.3\logback-core-1.2.3.jar;D:\m2\repository\org\apache\logging\log4j\log4j-to-slf4j\2.13.3\log4j-to-slf4j-2.13.3.jar;D:\m2\repository\org\apache\logging\log4j\log4j-api\2.13.3\log4j-api-2.13.3.jar;D:\m2\repository\org\slf4j\jul-to-slf4j\1.7.30\jul-to-slf4j-1.7.30.jar;D:\m2\repository\jakarta\annotation\jakarta.annotation-api\1.3.5\jakarta.annotation-api-1.3.5.jar;D:\m2\repository\org\yaml\snakeyaml\1.26\snakeyaml-1.26.jar;D:\m2\repository\org\springframework\boot\spring-boot-starter-json\2.3.5.RELEASE\spring-boot-starter-json-2.3.5.RELEASE.jar;D:\m2\repository\com\fasterxml\jackson\core\jackson-databind\2.11.3\jackson-databind-2.11.3.jar;D:\m2\repository\com\fasterxml\jackson\core\jackson-annotations\2.11.3\jackson-annotations-2.11.3.jar;D:\m2\repository\com\fasterxml\jackson\core\jackson-core\2.11.3\jackson-core-2.11.3.jar;D:\m2\repository\com\fasterxml\jackson\datatype\jackson-datatype-jdk8\2.11.3\jackson-datatype-jdk8-2.11.3.jar;D:\m2\repository\com\fasterxml\jackson\datatype\jackson-datatype-jsr310\2.11.3\jackson-datatype-jsr310-2.11.3.jar;D:\m2\repository\com\fasterxml\jackson\module\jackson-module-parameter-names\2.11.3\jackson-module-parameter-names-2.11.3.jar;D:\m2\repository\org\springframework\boot\spring-boot-starter-tomcat\2.3.5.RELEASE\spring-boot-starter-tomcat-2.3.5.RELEASE.jar;D:\m2\repository\org\apache\tomcat\embed\tomcat-embed-core\9.0.39\tomcat-embed-core-9.0.39.jar;D:\m2\repository\org\glassfish\jakarta.el\3.0.3\jakarta.el-3.0.3.jar;D:\m2\repository\org\apache\tomcat\embed\tomcat-embed-websocket\9.0.39\tomcat-embed-websocket-9.0.39.jar;D:\m2\repository\org\springframework\spring-web\5.2.10.RELEASE\spring-web-5.2.10.RELEASE.jar;D:\m2\repository\org\springframework\spring-beans\5.2.10.RELEASE\spring-beans-5.2.10.RELEASE.jar;D:\m2\repository\org\springframework\spring-webmvc\5.2.10.RELEASE\spring-webmvc-5.2.10.RELEASE.jar;D:\m2\repository\org\springframework\spring-aop\5.2.10.RELEASE\spring-aop-5.2.10.RELEASE.jar;D:\m2\repository\org\springframework\spring-context\5.2.10.RELEASE\spring-context-5.2.10.RELEASE.jar;D:\m2\repository\org\springframework\spring-expression\5.2.10.RELEASE\spring-expression-5.2.10.RELEASE.jar;D:\m2\repository\org\slf4j\slf4j-api\1.7.30\slf4j-api-1.7.30.jar;D:\m2\repository\org\springframework\spring-core\5.2.10.RELEASE\spring-core-5.2.10.RELEASE.jar;D:\m2\repository\org\springframework\spring-jcl\5.2.10.RELEASE\spring-jcl-5.2.10.RELEASE.jar;D:\m2\repository\io\netty\netty-all\4.1.51.Final\netty-all-4.1.51.Final.jar;D:\m2\repository\org\apache\httpcomponents\httpasyncclient\4.1.4\httpasyncclient-4.1.4.jar;D:\m2\repository\org\apache\httpcomponents\httpcore\4.4.13\httpcore-4.4.13.jar;D:\m2\repository\org\apache\httpcomponents\httpcore-nio\4.4.13\httpcore-nio-4.4.13.jar;D:\m2\repository\org\apache\httpcomponents\httpclient\4.5.13\httpclient-4.5.13.jar;D:\m2\repository\commons-codec\commons-codec\1.14\commons-codec-1.14.jar;D:\Program Files\JetBrains\IntelliJ IDEA Community Edition 2018.2\lib\idea_rt.jar" com.hf.job03.GCLogAnalysis
Connected to the target VM, address: '127.0.0.1:55995', transport: 'socket'
正在执行...
2021-01-21T16:17:26.284+0800: [GC (Allocation Failure) 2021-01-21T16:17:26.284+0800: [ParNew: 68578K->8576K(77440K), 0.0056669 secs] 68578K->21529K(249472K), 0.0057569 secs] [Times: user=0.00 sys=0.00, real=0.01 secs] 
2021-01-21T16:17:26.306+0800: [GC (Allocation Failure) 2021-01-21T16:17:26.306+0800: [ParNew: 77400K->8576K(77440K), 0.0086336 secs] 90354K->41886K(249472K), 0.0086958 secs] [Times: user=0.05 sys=0.08, real=0.01 secs] 
2021-01-21T16:17:26.328+0800: [GC (Allocation Failure) 2021-01-21T16:17:26.328+0800: [ParNew: 77271K->8572K(77440K), 0.0128504 secs] 110582K->64413K(249472K), 0.0129151 secs] [Times: user=0.00 sys=0.00, real=0.01 secs] 
2021-01-21T16:17:26.351+0800: [GC (Allocation Failure) 2021-01-21T16:17:26.351+0800: [ParNew: 77436K->8570K(77440K), 0.0132385 secs] 133277K->88117K(249472K), 0.0132888 secs] [Times: user=0.09 sys=0.00, real=0.01 secs] 
2021-01-21T16:17:26.374+0800: [GC (Allocation Failure) 2021-01-21T16:17:26.374+0800: [ParNew: 77434K->8575K(77440K), 0.0122792 secs] 156981K->109938K(249472K), 0.0123373 secs] [Times: user=0.00 sys=0.00, real=0.01 secs] 
2021-01-21T16:17:26.386+0800: [GC (CMS Initial Mark) [1 CMS-initial-mark: 101362K(172032K)] 110086K(249472K), 0.0001892 secs] [Times: user=0.00 sys=0.00, real=0.00 secs] 
2021-01-21T16:17:26.387+0800: [CMS-concurrent-mark-start]
2021-01-21T16:17:26.388+0800: [CMS-concurrent-mark: 0.001/0.001 secs] [Times: user=0.05 sys=0.00, real=0.00 secs] 
2021-01-21T16:17:26.388+0800: [CMS-concurrent-preclean-start]
2021-01-21T16:17:26.388+0800: [CMS-concurrent-preclean: 0.000/0.000 secs] [Times: user=0.00 sys=0.00, real=0.00 secs] 
2021-01-21T16:17:26.388+0800: [CMS-concurrent-abortable-preclean-start]
2021-01-21T16:17:26.396+0800: [GC (Allocation Failure) 2021-01-21T16:17:26.396+0800: [ParNew: 77439K->8571K(77440K), 0.0115267 secs] 178802K->131024K(249472K), 0.0115914 secs] [Times: user=0.08 sys=0.02, real=0.01 secs] 
2021-01-21T16:17:26.418+0800: [GC (Allocation Failure) 2021-01-21T16:17:26.418+0800: [ParNew: 77435K->8565K(77440K), 0.0118963 secs] 199888K->153662K(249472K), 0.0119513 secs] [Times: user=0.11 sys=0.00, real=0.01 secs] 
2021-01-21T16:17:26.441+0800: [GC (Allocation Failure) 2021-01-21T16:17:26.441+0800: [ParNew: 77139K->8573K(77440K), 0.0116284 secs] 222236K->176242K(249472K), 0.0116809 secs] [Times: user=0.08 sys=0.02, real=0.01 secs] 
2021-01-21T16:17:26.463+0800: [GC (Allocation Failure) 2021-01-21T16:17:26.463+0800: [ParNew: 77159K->8568K(77440K), 0.0137047 secs] 244829K->200065K(269904K), 0.0137690 secs] [Times: user=0.09 sys=0.00, real=0.01 secs] 
2021-01-21T16:17:26.489+0800: [GC (Allocation Failure) 2021-01-21T16:17:26.489+0800: [ParNew: 76791K->8573K(77440K), 0.0142054 secs] 268287K->223710K(293612K), 0.0142753 secs] [Times: user=0.03 sys=0.03, real=0.01 secs] 
2021-01-21T16:17:26.516+0800: [GC (Allocation Failure) 2021-01-21T16:17:26.516+0800: [ParNew: 77437K->8574K(77440K), 0.0148315 secs] 292574K->248116K(318016K), 0.0148973 secs] [Times: user=0.06 sys=0.01, real=0.01 secs] 
2021-01-21T16:17:26.544+0800: [GC (Allocation Failure) 2021-01-21T16:17:26.544+0800: [ParNew: 77438K->8572K(77440K), 0.0137135 secs] 316980K->271901K(341840K), 0.0137834 secs] [Times: user=0.00 sys=0.00, real=0.01 secs] 
2021-01-21T16:17:26.569+0800: [GC (Allocation Failure) 2021-01-21T16:17:26.569+0800: [ParNew: 77412K->8575K(77440K), 0.0142563 secs] 340741K->297231K(367120K), 0.0143144 secs] [Times: user=0.08 sys=0.00, real=0.02 secs] 
2021-01-21T16:17:26.594+0800: [GC (Allocation Failure) 2021-01-21T16:17:26.594+0800: [ParNew: 77255K->8574K(77440K), 0.0129737 secs] 365910K->319938K(389904K), 0.0130272 secs] [Times: user=0.08 sys=0.02, real=0.01 secs] 
2021-01-21T16:17:26.618+0800: [GC (Allocation Failure) 2021-01-21T16:17:26.618+0800: [ParNew: 77438K->8575K(77440K), 0.0124247 secs] 388802K->341458K(411500K), 0.0124782 secs] [Times: user=0.08 sys=0.01, real=0.01 secs] 
2021-01-21T16:17:26.639+0800: [GC (Allocation Failure) 2021-01-21T16:17:26.639+0800: [ParNew: 77283K->8570K(77440K), 0.0134713 secs] 410166K->364959K(434932K), 0.0135294 secs] [Times: user=0.11 sys=0.00, real=0.01 secs] 
2021-01-21T16:17:26.662+0800: [GC (Allocation Failure) 2021-01-21T16:17:26.662+0800: [ParNew: 77338K->8575K(77440K), 0.0126314 secs] 433727K->386871K(456836K), 0.0126900 secs] [Times: user=0.09 sys=0.02, real=0.01 secs] 
2021-01-21T16:17:26.686+0800: [GC (Allocation Failure) 2021-01-21T16:17:26.686+0800: [ParNew: 77359K->8575K(77440K), 0.0113313 secs] 455655K->406714K(476676K), 0.0113915 secs] [Times: user=0.00 sys=0.00, real=0.01 secs] 
2021-01-21T16:17:26.711+0800: [GC (Allocation Failure) 2021-01-21T16:17:26.711+0800: [ParNew: 77439K->8574K(77440K), 0.0135166 secs] 475578K->430531K(500588K), 0.0135741 secs] [Times: user=0.06 sys=0.02, real=0.01 secs] 
2021-01-21T16:17:26.736+0800: [GC (Allocation Failure) 2021-01-21T16:17:26.736+0800: [ParNew: 77438K->8573K(77440K), 0.0114742 secs] 499395K->448780K(518756K), 0.0115390 secs] [Times: user=0.00 sys=0.00, real=0.01 secs] 
2021-01-21T16:17:26.759+0800: [GC (Allocation Failure) 2021-01-21T16:17:26.759+0800: [ParNew: 77191K->8573K(77440K), 0.0143149 secs] 517399K->472644K(542604K), 0.0143822 secs] [Times: user=0.06 sys=0.00, real=0.01 secs] 
2021-01-21T16:17:26.788+0800: [GC (Allocation Failure) 2021-01-21T16:17:26.788+0800: [ParNew: 77437K->8574K(77440K), 0.0137967 secs] 541508K->497368K(567424K), 0.0138476 secs] [Times: user=0.09 sys=0.00, real=0.01 secs] 
2021-01-21T16:17:26.811+0800: [GC (Allocation Failure) 2021-01-21T16:17:26.811+0800: [ParNew: 77438K->8574K(77440K), 0.0126411 secs] 566232K->520193K(590204K), 0.0127059 secs] [Times: user=0.00 sys=0.00, real=0.01 secs] 
2021-01-21T16:17:26.834+0800: [GC (Allocation Failure) 2021-01-21T16:17:26.835+0800: [ParNew: 77091K->8562K(77440K), 0.0128678 secs] 588709K->543127K(613244K), 0.0129208 secs] [Times: user=0.09 sys=0.00, real=0.01 secs] 
2021-01-21T16:17:26.858+0800: [GC (Allocation Failure) 2021-01-21T16:17:26.858+0800: [ParNew: 77426K->8575K(77440K), 0.0144676 secs] 611991K->567427K(637484K), 0.0145411 secs] [Times: user=0.08 sys=0.02, real=0.01 secs] 
2021-01-21T16:17:26.883+0800: [GC (Allocation Failure) 2021-01-21T16:17:26.883+0800: [ParNew: 77439K->8573K(77440K), 0.0130035 secs] 636291K->589786K(660016K), 0.0130606 secs] [Times: user=0.09 sys=0.02, real=0.01 secs] 
2021-01-21T16:17:26.909+0800: [GC (Allocation Failure) 2021-01-21T16:17:26.909+0800: [ParNew: 77437K->8571K(77440K), 0.0136384 secs] 658650K->610823K(681020K), 0.0137093 secs] [Times: user=0.09 sys=0.00, real=0.01 secs] 
2021-01-21T16:17:26.933+0800: [GC (Allocation Failure) 2021-01-21T16:17:26.933+0800: [ParNew: 76726K->8567K(77440K), 0.0161583 secs] 678977K->636335K(706592K), 0.0162292 secs] [Times: user=0.11 sys=0.00, real=0.02 secs] 
2021-01-21T16:17:26.961+0800: [GC (Allocation Failure) 2021-01-21T16:17:26.961+0800: [ParNew: 77431K->8571K(77440K), 0.0138327 secs] 705199K->657892K(728200K), 0.0139062 secs] [Times: user=0.06 sys=0.00, real=0.01 secs] 
2021-01-21T16:17:26.989+0800: [GC (Allocation Failure) 2021-01-21T16:17:26.989+0800: [ParNew: 77374K->8572K(77440K), 0.0137751 secs] 726695K->680026K(750188K), 0.0138522 secs] [Times: user=0.08 sys=0.00, real=0.01 secs] 
2021-01-21T16:17:27.018+0800: [GC (Allocation Failure) 2021-01-21T16:17:27.018+0800: [ParNew: 77121K->8575K(77440K), 0.0135279 secs] 748576K->701652K(771932K), 0.0135998 secs] [Times: user=0.08 sys=0.00, real=0.01 secs] 
2021-01-21T16:17:27.032+0800: [CMS-concurrent-abortable-preclean: 0.038/0.644 secs] [Times: user=2.09 sys=0.17, real=0.64 secs] 
2021-01-21T16:17:27.032+0800: [GC (CMS Final Remark) [YG occupancy: 10691 K (77440 K)]2021-01-21T16:17:27.032+0800: [Rescan (parallel) , 0.0007438 secs]2021-01-21T16:17:27.033+0800: [weak refs processing, 0.0000848 secs]2021-01-21T16:17:27.033+0800: [class unloading, 0.0003588 secs]2021-01-21T16:17:27.033+0800: [scrub symbol table, 0.0005701 secs]2021-01-21T16:17:27.034+0800: [scrub string table, 0.0001830 secs][1 CMS-remark: 693076K(694492K)] 703767K(771932K), 0.0020881 secs] [Times: user=0.00 sys=0.00, real=0.00 secs] 
2021-01-21T16:17:27.034+0800: [CMS-concurrent-sweep-start]
2021-01-21T16:17:27.035+0800: [CMS-concurrent-sweep: 0.001/0.001 secs] [Times: user=0.00 sys=0.00, real=0.00 secs] 
2021-01-21T16:17:27.035+0800: [CMS-concurrent-reset-start]
2021-01-21T16:17:27.037+0800: [CMS-concurrent-reset: 0.002/0.002 secs] [Times: user=0.00 sys=0.00, real=0.00 secs] 
2021-01-21T16:17:27.047+0800: [GC (Allocation Failure) 2021-01-21T16:17:27.047+0800: [ParNew: 77439K->77439K(77440K), 0.0000329 secs]2021-01-21T16:17:27.047+0800: [CMS: 683428K->331814K(699072K), 0.0602308 secs] 760868K->331814K(776512K), [Metaspace: 3213K->3213K(1056768K)], 0.0609094 secs] [Times: user=0.06 sys=0.00, real=0.06 secs] 
Disconnected from the target VM, address: '127.0.0.1:55995', transport: 'socket'
执行结束!共生成对象次数:9235
Heap
 par new generation   total 314560K, used 253202K [0x00000000c0000000, 0x00000000d5550000, 0x00000000d5550000)
  eden space 279616K,  90% used [0x00000000c0000000, 0x00000000cf7449d8, 0x00000000d1110000)
  from space 34944K,   0% used [0x00000000d1110000, 0x00000000d1110000, 0x00000000d3330000)
  to   space 34944K,   0% used [0x00000000d3330000, 0x00000000d3330000, 0x00000000d5550000)
 concurrent mark-sweep generation total 699072K, used 331814K [0x00000000d5550000, 0x0000000100000000, 0x0000000100000000)
 Metaspace       used 3219K, capacity 4568K, committed 4864K, reserved 1056768K
  class space    used 344K, capacity 392K, committed 512K, reserved 1048576K

Process finished with exit code 0
