"C:\Program Files\Java\jdk1.8.0_91\bin\java.exe" -agentlib:jdwp=transport=dt_socket,address=127.0.0.1:56535,suspend=y,server=n -Xmx2048m -XX:+UseSerialGC -XX:+PrintGCDetails -XX:+PrintGCDateStamps -javaagent:C:\Users\hfzhang\.IdeaIC2018.2\system\captureAgent\debugger-agent.jar=file:/C:/Users/hfzhang/AppData/Local/Temp/capture.props -Dfile.encoding=UTF-8 -classpath "C:\Program Files\Java\jdk1.8.0_91\jre\lib\charsets.jar;C:\Program Files\Java\jdk1.8.0_91\jre\lib\deploy.jar;C:\Program Files\Java\jdk1.8.0_91\jre\lib\ext\access-bridge-64.jar;C:\Program Files\Java\jdk1.8.0_91\jre\lib\ext\cldrdata.jar;C:\Program Files\Java\jdk1.8.0_91\jre\lib\ext\dnsns.jar;C:\Program Files\Java\jdk1.8.0_91\jre\lib\ext\jaccess.jar;C:\Program Files\Java\jdk1.8.0_91\jre\lib\ext\jfxrt.jar;C:\Program Files\Java\jdk1.8.0_91\jre\lib\ext\localedata.jar;C:\Program Files\Java\jdk1.8.0_91\jre\lib\ext\nashorn.jar;C:\Program Files\Java\jdk1.8.0_91\jre\lib\ext\sunec.jar;C:\Program Files\Java\jdk1.8.0_91\jre\lib\ext\sunjce_provider.jar;C:\Program Files\Java\jdk1.8.0_91\jre\lib\ext\sunmscapi.jar;C:\Program Files\Java\jdk1.8.0_91\jre\lib\ext\sunpkcs11.jar;C:\Program Files\Java\jdk1.8.0_91\jre\lib\ext\zipfs.jar;C:\Program Files\Java\jdk1.8.0_91\jre\lib\javaws.jar;C:\Program Files\Java\jdk1.8.0_91\jre\lib\jce.jar;C:\Program Files\Java\jdk1.8.0_91\jre\lib\jfr.jar;C:\Program Files\Java\jdk1.8.0_91\jre\lib\jfxswt.jar;C:\Program Files\Java\jdk1.8.0_91\jre\lib\jsse.jar;C:\Program Files\Java\jdk1.8.0_91\jre\lib\management-agent.jar;C:\Program Files\Java\jdk1.8.0_91\jre\lib\plugin.jar;C:\Program Files\Java\jdk1.8.0_91\jre\lib\resources.jar;C:\Program Files\Java\jdk1.8.0_91\jre\lib\rt.jar;D:\User\workspace\springboot-maven-hf\jvm-actual\target\classes;D:\m2\repository\org\springframework\boot\spring-boot-starter-web\2.3.5.RELEASE\spring-boot-starter-web-2.3.5.RELEASE.jar;D:\m2\repository\org\springframework\boot\spring-boot-starter\2.3.5.RELEASE\spring-boot-starter-2.3.5.RELEASE.jar;D:\m2\repository\org\springframework\boot\spring-boot\2.3.5.RELEASE\spring-boot-2.3.5.RELEASE.jar;D:\m2\repository\org\springframework\boot\spring-boot-autoconfigure\2.3.5.RELEASE\spring-boot-autoconfigure-2.3.5.RELEASE.jar;D:\m2\repository\org\springframework\boot\spring-boot-starter-logging\2.3.5.RELEASE\spring-boot-starter-logging-2.3.5.RELEASE.jar;D:\m2\repository\ch\qos\logback\logback-classic\1.2.3\logback-classic-1.2.3.jar;D:\m2\repository\ch\qos\logback\logback-core\1.2.3\logback-core-1.2.3.jar;D:\m2\repository\org\apache\logging\log4j\log4j-to-slf4j\2.13.3\log4j-to-slf4j-2.13.3.jar;D:\m2\repository\org\apache\logging\log4j\log4j-api\2.13.3\log4j-api-2.13.3.jar;D:\m2\repository\org\slf4j\jul-to-slf4j\1.7.30\jul-to-slf4j-1.7.30.jar;D:\m2\repository\jakarta\annotation\jakarta.annotation-api\1.3.5\jakarta.annotation-api-1.3.5.jar;D:\m2\repository\org\yaml\snakeyaml\1.26\snakeyaml-1.26.jar;D:\m2\repository\org\springframework\boot\spring-boot-starter-json\2.3.5.RELEASE\spring-boot-starter-json-2.3.5.RELEASE.jar;D:\m2\repository\com\fasterxml\jackson\core\jackson-databind\2.11.3\jackson-databind-2.11.3.jar;D:\m2\repository\com\fasterxml\jackson\core\jackson-annotations\2.11.3\jackson-annotations-2.11.3.jar;D:\m2\repository\com\fasterxml\jackson\core\jackson-core\2.11.3\jackson-core-2.11.3.jar;D:\m2\repository\com\fasterxml\jackson\datatype\jackson-datatype-jdk8\2.11.3\jackson-datatype-jdk8-2.11.3.jar;D:\m2\repository\com\fasterxml\jackson\datatype\jackson-datatype-jsr310\2.11.3\jackson-datatype-jsr310-2.11.3.jar;D:\m2\repository\com\fasterxml\jackson\module\jackson-module-parameter-names\2.11.3\jackson-module-parameter-names-2.11.3.jar;D:\m2\repository\org\springframework\boot\spring-boot-starter-tomcat\2.3.5.RELEASE\spring-boot-starter-tomcat-2.3.5.RELEASE.jar;D:\m2\repository\org\apache\tomcat\embed\tomcat-embed-core\9.0.39\tomcat-embed-core-9.0.39.jar;D:\m2\repository\org\glassfish\jakarta.el\3.0.3\jakarta.el-3.0.3.jar;D:\m2\repository\org\apache\tomcat\embed\tomcat-embed-websocket\9.0.39\tomcat-embed-websocket-9.0.39.jar;D:\m2\repository\org\springframework\spring-web\5.2.10.RELEASE\spring-web-5.2.10.RELEASE.jar;D:\m2\repository\org\springframework\spring-beans\5.2.10.RELEASE\spring-beans-5.2.10.RELEASE.jar;D:\m2\repository\org\springframework\spring-webmvc\5.2.10.RELEASE\spring-webmvc-5.2.10.RELEASE.jar;D:\m2\repository\org\springframework\spring-aop\5.2.10.RELEASE\spring-aop-5.2.10.RELEASE.jar;D:\m2\repository\org\springframework\spring-context\5.2.10.RELEASE\spring-context-5.2.10.RELEASE.jar;D:\m2\repository\org\springframework\spring-expression\5.2.10.RELEASE\spring-expression-5.2.10.RELEASE.jar;D:\m2\repository\org\slf4j\slf4j-api\1.7.30\slf4j-api-1.7.30.jar;D:\m2\repository\org\springframework\spring-core\5.2.10.RELEASE\spring-core-5.2.10.RELEASE.jar;D:\m2\repository\org\springframework\spring-jcl\5.2.10.RELEASE\spring-jcl-5.2.10.RELEASE.jar;D:\m2\repository\io\netty\netty-all\4.1.51.Final\netty-all-4.1.51.Final.jar;D:\m2\repository\org\apache\httpcomponents\httpasyncclient\4.1.4\httpasyncclient-4.1.4.jar;D:\m2\repository\org\apache\httpcomponents\httpcore\4.4.13\httpcore-4.4.13.jar;D:\m2\repository\org\apache\httpcomponents\httpcore-nio\4.4.13\httpcore-nio-4.4.13.jar;D:\m2\repository\org\apache\httpcomponents\httpclient\4.5.13\httpclient-4.5.13.jar;D:\m2\repository\commons-codec\commons-codec\1.14\commons-codec-1.14.jar;D:\Program Files\JetBrains\IntelliJ IDEA Community Edition 2018.2\lib\idea_rt.jar" com.hf.job03.GCLogAnalysis
Connected to the target VM, address: '127.0.0.1:56535', transport: 'socket'
正在执行...
2021-01-21T16:21:41.678+0800: [GC (Allocation Failure) 2021-01-21T16:21:41.678+0800: [DefNew: 68864K->8575K(77440K), 0.0110887 secs] 68864K->21446K(249472K), 0.0111581 secs] [Times: user=0.03 sys=0.00, real=0.01 secs] 
2021-01-21T16:21:41.707+0800: [GC (Allocation Failure) 2021-01-21T16:21:41.707+0800: [DefNew: 77439K->8575K(77440K), 0.0145575 secs] 90310K->42305K(249472K), 0.0146244 secs] [Times: user=0.00 sys=0.01, real=0.01 secs] 
2021-01-21T16:21:41.731+0800: [GC (Allocation Failure) 2021-01-21T16:21:41.731+0800: [DefNew: 77439K->8572K(77440K), 0.0106677 secs] 111169K->63664K(249472K), 0.0107119 secs] [Times: user=0.00 sys=0.02, real=0.01 secs] 
2021-01-21T16:21:41.751+0800: [GC (Allocation Failure) 2021-01-21T16:21:41.751+0800: [DefNew: 76960K->8569K(77440K), 0.0133202 secs] 132052K->88181K(249472K), 0.0133737 secs] [Times: user=0.00 sys=0.02, real=0.01 secs] 
2021-01-21T16:21:41.773+0800: [GC (Allocation Failure) 2021-01-21T16:21:41.773+0800: [DefNew: 77433K->8573K(77440K), 0.0092705 secs] 157045K->108792K(249472K), 0.0093224 secs] [Times: user=0.00 sys=0.00, real=0.01 secs] 
2021-01-21T16:21:41.792+0800: [GC (Allocation Failure) 2021-01-21T16:21:41.792+0800: [DefNew: 77393K->8574K(77440K), 0.0142640 secs] 177612K->135573K(249472K), 0.0143257 secs] [Times: user=0.00 sys=0.02, real=0.01 secs] 
2021-01-21T16:21:41.818+0800: [GC (Allocation Failure) 2021-01-21T16:21:41.818+0800: [DefNew: 77438K->8575K(77440K), 0.0135186 secs] 204437K->158526K(249472K), 0.0135690 secs] [Times: user=0.00 sys=0.02, real=0.01 secs] 
2021-01-21T16:21:41.841+0800: [GC (Allocation Failure) 2021-01-21T16:21:41.841+0800: [DefNew: 77439K->8572K(77440K), 0.0143648 secs]2021-01-21T16:21:41.855+0800: [Tenured: 172036K->159333K(172224K), 0.0213292 secs] 227390K->159333K(249664K), [Metaspace: 3212K->3212K(1056768K)], 0.0361458 secs] [Times: user=0.02 sys=0.02, real=0.04 secs] 
2021-01-21T16:21:41.897+0800: [GC (Allocation Failure) 2021-01-21T16:21:41.897+0800: [DefNew: 106304K->13247K(119552K), 0.0125779 secs] 265637K->191321K(385108K), 0.0126273 secs] [Times: user=0.00 sys=0.00, real=0.01 secs] 
2021-01-21T16:21:41.926+0800: [GC (Allocation Failure) 2021-01-21T16:21:41.926+0800: [DefNew: 119460K->13247K(119552K), 0.0227552 secs] 297534K->224134K(385108K), 0.0228040 secs] [Times: user=0.03 sys=0.00, real=0.02 secs] 
2021-01-21T16:21:41.965+0800: [GC (Allocation Failure) 2021-01-21T16:21:41.965+0800: [DefNew: 119455K->13245K(119552K), 0.0159681 secs] 330342K->259112K(385108K), 0.0160123 secs] [Times: user=0.00 sys=0.02, real=0.02 secs] 
2021-01-21T16:21:41.995+0800: [GC (Allocation Failure) 2021-01-21T16:21:41.995+0800: [DefNew: 119270K->13247K(119552K), 0.0184212 secs]2021-01-21T16:21:42.014+0800: [Tenured: 285766K->236467K(285836K), 0.0347985 secs] 365138K->236467K(405388K), [Metaspace: 3212K->3212K(1056768K)], 0.0535728 secs] [Times: user=0.05 sys=0.00, real=0.05 secs] 
2021-01-21T16:21:42.077+0800: [GC (Allocation Failure) 2021-01-21T16:21:42.077+0800: [DefNew: 157696K->19711K(177408K), 0.0128869 secs] 394163K->287861K(571524K), 0.0129321 secs] [Times: user=0.01 sys=0.00, real=0.01 secs] 
2021-01-21T16:21:42.112+0800: [GC (Allocation Failure) 2021-01-21T16:21:42.112+0800: [DefNew: 177407K->19711K(177408K), 0.0289963 secs] 445557K->338696K(571524K), 0.0290652 secs] [Times: user=0.03 sys=0.00, real=0.03 secs] 
2021-01-21T16:21:42.162+0800: [GC (Allocation Failure) 2021-01-21T16:21:42.162+0800: [DefNew: 177407K->19709K(177408K), 0.0271437 secs] 496392K->393009K(571524K), 0.0271940 secs] [Times: user=0.03 sys=0.00, real=0.03 secs] 
2021-01-21T16:21:42.209+0800: [GC (Allocation Failure) 2021-01-21T16:21:42.209+0800: [DefNew: 177405K->19711K(177408K), 0.0279805 secs]2021-01-21T16:21:42.237+0800: [Tenured: 420525K->309741K(420716K), 0.0457597 secs] 550705K->309741K(598124K), [Metaspace: 3212K->3212K(1056768K)], 0.0741273 secs] [Times: user=0.03 sys=0.01, real=0.07 secs] 
2021-01-21T16:21:42.324+0800: [GC (Allocation Failure) 2021-01-21T16:21:42.324+0800: [DefNew: 206558K->25791K(232384K), 0.0202522 secs] 516300K->380434K(748624K), 0.0203067 secs] [Times: user=0.00 sys=0.02, real=0.02 secs] 
2021-01-21T16:21:42.378+0800: [GC (Allocation Failure) 2021-01-21T16:21:42.378+0800: [DefNew: 232383K->25790K(232384K), 0.0311014 secs] 587026K->443545K(748624K), 0.0311584 secs] [Times: user=0.00 sys=0.02, real=0.03 secs] 
2021-01-21T16:21:42.452+0800: [GC (Allocation Failure) 2021-01-21T16:21:42.452+0800: [DefNew: 232382K->25791K(232384K), 0.0410812 secs] 650137K->509379K(748624K), 0.0411419 secs] [Times: user=0.03 sys=0.02, real=0.04 secs] 
2021-01-21T16:21:42.527+0800: [GC (Allocation Failure) 2021-01-21T16:21:42.527+0800: [DefNew: 232282K->25792K(232384K), 0.0382195 secs]2021-01-21T16:21:42.565+0800: [TenuredDisconnected from the target VM, address: '127.0.0.1:56535', transport: 'socket'
: 545694K->338413K(545776K), 0.0630689 secs] 715870K->338413K(778160K), [Metaspace: 3212K->3212K(1056768K)], 0.1014714 secs] [Times: user=0.08 sys=0.02, real=0.10 secs] 
执行结束!共生成对象次数:9131
Heap
 def new generation   total 253888K, used 9212K [0x0000000080000000, 0x0000000091370000, 0x00000000aaaa0000)
  eden space 225728K,   4% used [0x0000000080000000, 0x00000000808ff278, 0x000000008dc70000)
  from space 28160K,   0% used [0x000000008dc70000, 0x000000008dc70000, 0x000000008f7f0000)
  to   space 28160K,   0% used [0x000000008f7f0000, 0x000000008f7f0000, 0x0000000091370000)
 tenured generation   total 564024K, used 338413K [0x00000000aaaa0000, 0x00000000cd16e000, 0x0000000100000000)
   the space 564024K,  59% used [0x00000000aaaa0000, 0x00000000bf51b760, 0x00000000bf51b800, 0x00000000cd16e000)
 Metaspace       used 3219K, capacity 4568K, committed 4864K, reserved 1056768K
  class space    used 344K, capacity 392K, committed 512K, reserved 1048576K

Process finished with exit code 0


