"C:\Program Files\Java\jdk1.8.0_91\bin\java.exe" -agentlib:jdwp=transport=dt_socket,address=127.0.0.1:56489,suspend=y,server=n -Xmx1024m -XX:+UseSerialGC -XX:+PrintGCDetails -XX:+PrintGCDateStamps -javaagent:C:\Users\hfzhang\.IdeaIC2018.2\system\captureAgent\debugger-agent.jar=file:/C:/Users/hfzhang/AppData/Local/Temp/capture.props -Dfile.encoding=UTF-8 -classpath "C:\Program Files\Java\jdk1.8.0_91\jre\lib\charsets.jar;C:\Program Files\Java\jdk1.8.0_91\jre\lib\deploy.jar;C:\Program Files\Java\jdk1.8.0_91\jre\lib\ext\access-bridge-64.jar;C:\Program Files\Java\jdk1.8.0_91\jre\lib\ext\cldrdata.jar;C:\Program Files\Java\jdk1.8.0_91\jre\lib\ext\dnsns.jar;C:\Program Files\Java\jdk1.8.0_91\jre\lib\ext\jaccess.jar;C:\Program Files\Java\jdk1.8.0_91\jre\lib\ext\jfxrt.jar;C:\Program Files\Java\jdk1.8.0_91\jre\lib\ext\localedata.jar;C:\Program Files\Java\jdk1.8.0_91\jre\lib\ext\nashorn.jar;C:\Program Files\Java\jdk1.8.0_91\jre\lib\ext\sunec.jar;C:\Program Files\Java\jdk1.8.0_91\jre\lib\ext\sunjce_provider.jar;C:\Program Files\Java\jdk1.8.0_91\jre\lib\ext\sunmscapi.jar;C:\Program Files\Java\jdk1.8.0_91\jre\lib\ext\sunpkcs11.jar;C:\Program Files\Java\jdk1.8.0_91\jre\lib\ext\zipfs.jar;C:\Program Files\Java\jdk1.8.0_91\jre\lib\javaws.jar;C:\Program Files\Java\jdk1.8.0_91\jre\lib\jce.jar;C:\Program Files\Java\jdk1.8.0_91\jre\lib\jfr.jar;C:\Program Files\Java\jdk1.8.0_91\jre\lib\jfxswt.jar;C:\Program Files\Java\jdk1.8.0_91\jre\lib\jsse.jar;C:\Program Files\Java\jdk1.8.0_91\jre\lib\management-agent.jar;C:\Program Files\Java\jdk1.8.0_91\jre\lib\plugin.jar;C:\Program Files\Java\jdk1.8.0_91\jre\lib\resources.jar;C:\Program Files\Java\jdk1.8.0_91\jre\lib\rt.jar;D:\User\workspace\springboot-maven-hf\jvm-actual\target\classes;D:\m2\repository\org\springframework\boot\spring-boot-starter-web\2.3.5.RELEASE\spring-boot-starter-web-2.3.5.RELEASE.jar;D:\m2\repository\org\springframework\boot\spring-boot-starter\2.3.5.RELEASE\spring-boot-starter-2.3.5.RELEASE.jar;D:\m2\repository\org\springframework\boot\spring-boot\2.3.5.RELEASE\spring-boot-2.3.5.RELEASE.jar;D:\m2\repository\org\springframework\boot\spring-boot-autoconfigure\2.3.5.RELEASE\spring-boot-autoconfigure-2.3.5.RELEASE.jar;D:\m2\repository\org\springframework\boot\spring-boot-starter-logging\2.3.5.RELEASE\spring-boot-starter-logging-2.3.5.RELEASE.jar;D:\m2\repository\ch\qos\logback\logback-classic\1.2.3\logback-classic-1.2.3.jar;D:\m2\repository\ch\qos\logback\logback-core\1.2.3\logback-core-1.2.3.jar;D:\m2\repository\org\apache\logging\log4j\log4j-to-slf4j\2.13.3\log4j-to-slf4j-2.13.3.jar;D:\m2\repository\org\apache\logging\log4j\log4j-api\2.13.3\log4j-api-2.13.3.jar;D:\m2\repository\org\slf4j\jul-to-slf4j\1.7.30\jul-to-slf4j-1.7.30.jar;D:\m2\repository\jakarta\annotation\jakarta.annotation-api\1.3.5\jakarta.annotation-api-1.3.5.jar;D:\m2\repository\org\yaml\snakeyaml\1.26\snakeyaml-1.26.jar;D:\m2\repository\org\springframework\boot\spring-boot-starter-json\2.3.5.RELEASE\spring-boot-starter-json-2.3.5.RELEASE.jar;D:\m2\repository\com\fasterxml\jackson\core\jackson-databind\2.11.3\jackson-databind-2.11.3.jar;D:\m2\repository\com\fasterxml\jackson\core\jackson-annotations\2.11.3\jackson-annotations-2.11.3.jar;D:\m2\repository\com\fasterxml\jackson\core\jackson-core\2.11.3\jackson-core-2.11.3.jar;D:\m2\repository\com\fasterxml\jackson\datatype\jackson-datatype-jdk8\2.11.3\jackson-datatype-jdk8-2.11.3.jar;D:\m2\repository\com\fasterxml\jackson\datatype\jackson-datatype-jsr310\2.11.3\jackson-datatype-jsr310-2.11.3.jar;D:\m2\repository\com\fasterxml\jackson\module\jackson-module-parameter-names\2.11.3\jackson-module-parameter-names-2.11.3.jar;D:\m2\repository\org\springframework\boot\spring-boot-starter-tomcat\2.3.5.RELEASE\spring-boot-starter-tomcat-2.3.5.RELEASE.jar;D:\m2\repository\org\apache\tomcat\embed\tomcat-embed-core\9.0.39\tomcat-embed-core-9.0.39.jar;D:\m2\repository\org\glassfish\jakarta.el\3.0.3\jakarta.el-3.0.3.jar;D:\m2\repository\org\apache\tomcat\embed\tomcat-embed-websocket\9.0.39\tomcat-embed-websocket-9.0.39.jar;D:\m2\repository\org\springframework\spring-web\5.2.10.RELEASE\spring-web-5.2.10.RELEASE.jar;D:\m2\repository\org\springframework\spring-beans\5.2.10.RELEASE\spring-beans-5.2.10.RELEASE.jar;D:\m2\repository\org\springframework\spring-webmvc\5.2.10.RELEASE\spring-webmvc-5.2.10.RELEASE.jar;D:\m2\repository\org\springframework\spring-aop\5.2.10.RELEASE\spring-aop-5.2.10.RELEASE.jar;D:\m2\repository\org\springframework\spring-context\5.2.10.RELEASE\spring-context-5.2.10.RELEASE.jar;D:\m2\repository\org\springframework\spring-expression\5.2.10.RELEASE\spring-expression-5.2.10.RELEASE.jar;D:\m2\repository\org\slf4j\slf4j-api\1.7.30\slf4j-api-1.7.30.jar;D:\m2\repository\org\springframework\spring-core\5.2.10.RELEASE\spring-core-5.2.10.RELEASE.jar;D:\m2\repository\org\springframework\spring-jcl\5.2.10.RELEASE\spring-jcl-5.2.10.RELEASE.jar;D:\m2\repository\io\netty\netty-all\4.1.51.Final\netty-all-4.1.51.Final.jar;D:\m2\repository\org\apache\httpcomponents\httpasyncclient\4.1.4\httpasyncclient-4.1.4.jar;D:\m2\repository\org\apache\httpcomponents\httpcore\4.4.13\httpcore-4.4.13.jar;D:\m2\repository\org\apache\httpcomponents\httpcore-nio\4.4.13\httpcore-nio-4.4.13.jar;D:\m2\repository\org\apache\httpcomponents\httpclient\4.5.13\httpclient-4.5.13.jar;D:\m2\repository\commons-codec\commons-codec\1.14\commons-codec-1.14.jar;D:\Program Files\JetBrains\IntelliJ IDEA Community Edition 2018.2\lib\idea_rt.jar" com.hf.job03.GCLogAnalysis
Connected to the target VM, address: '127.0.0.1:56489', transport: 'socket'
正在执行...
2021-01-21T16:21:21.779+0800: [GC (Allocation Failure) 2021-01-21T16:21:21.779+0800: [DefNew: 68864K->8576K(77440K), 0.0152885 secs] 68864K->22955K(249472K), 0.0153857 secs] [Times: user=0.01 sys=0.00, real=0.01 secs] 
2021-01-21T16:21:21.809+0800: [GC (Allocation Failure) 2021-01-21T16:21:21.809+0800: [DefNew: 77440K->8573K(77440K), 0.0167772 secs] 91819K->45966K(249472K), 0.0168363 secs] [Times: user=0.02 sys=0.00, real=0.02 secs] 
2021-01-21T16:21:21.836+0800: [GC (Allocation Failure) 2021-01-21T16:21:21.836+0800: [DefNew: 77437K->8575K(77440K), 0.0125404 secs] 114830K->73022K(249472K), 0.0125938 secs] [Times: user=0.00 sys=0.00, real=0.01 secs] 
2021-01-21T16:21:21.858+0800: [GC (Allocation Failure) 2021-01-21T16:21:21.858+0800: [DefNew: 77439K->8575K(77440K), 0.0110774 secs] 141886K->96455K(249472K), 0.0111195 secs] [Times: user=0.00 sys=0.02, real=0.01 secs] 
2021-01-21T16:21:21.877+0800: [GC (Allocation Failure) 2021-01-21T16:21:21.877+0800: [DefNew: 77401K->8574K(77440K), 0.0111483 secs] 165281K->120914K(249472K), 0.0111920 secs] [Times: user=0.01 sys=0.00, real=0.01 secs] 
2021-01-21T16:21:21.898+0800: [GC (Allocation Failure) 2021-01-21T16:21:21.898+0800: [DefNew: 77438K->8569K(77440K), 0.0127989 secs] 189778K->144957K(249472K), 0.0128390 secs] [Times: user=0.00 sys=0.00, real=0.01 secs] 
2021-01-21T16:21:21.921+0800: [GC (Allocation Failure) 2021-01-21T16:21:21.921+0800: [DefNew: 77433K->8575K(77440K), 0.0126360 secs] 213821K->164806K(249472K), 0.0127105 secs] [Times: user=0.02 sys=0.00, real=0.01 secs] 
2021-01-21T16:21:21.948+0800: [GC (Allocation Failure) 2021-01-21T16:21:21.948+0800: [DefNew: 77439K->8573K(77440K), 0.0123173 secs]2021-01-21T16:21:21.961+0800: [Tenured: 176548K->159783K(176628K), 0.0263479 secs] 233670K->159783K(254068K), [Metaspace: 3210K->3210K(1056768K)], 0.0389906 secs] [Times: user=0.02 sys=0.01, real=0.04 secs] 
2021-01-21T16:21:22.010+0800: [GC (Allocation Failure) 2021-01-21T16:21:22.010+0800: [DefNew: 106168K->13309K(119872K), 0.0127553 secs] 265951K->198976K(386180K), 0.0128025 secs] [Times: user=0.00 sys=0.02, real=0.01 secs] 
2021-01-21T16:21:22.038+0800: [GC (Allocation Failure) 2021-01-21T16:21:22.038+0800: [DefNew: 119869K->13309K(119872K), 0.0228935 secs] 305536K->237090K(386180K), 0.0229428 secs] [Times: user=0.00 sys=0.01, real=0.02 secs] 
2021-01-21T16:21:22.077+0800: [GC (Allocation Failure) 2021-01-21T16:21:22.077+0800: [DefNew: 119869K->13311K(119872K), 0.0162323 secs] 343650K->268531K(386180K), 0.0162904 secs] [Times: user=0.00 sys=0.02, real=0.02 secs] 
2021-01-21T16:21:22.108+0800: [GC (Allocation Failure) 2021-01-21T16:21:22.108+0800: [DefNew: 119871K->13311K(119872K), 0.0199844 secs]2021-01-21T16:21:22.128+0800: [Tenured: 292590K->242554K(292688K), 0.0410545 secs] 375091K->242554K(412560K), [Metaspace: 3210K->3210K(1056768K)], 0.0614332 secs] [Times: user=0.06 sys=0.00, real=0.06 secs] 
2021-01-21T16:21:22.203+0800: [GC (Allocation Failure) 2021-01-21T16:21:22.203+0800: [DefNew: 161856K->20160K(182016K), 0.0155353 secs] 404410K->296302K(586276K), 0.0156093 secs] [Times: user=0.00 sys=0.02, real=0.01 secs] 
2021-01-21T16:21:22.241+0800: [GC (Allocation Failure) 2021-01-21T16:21:22.241+0800: [DefNew: 181350K->20159K(182016K), 0.0263875 secs] 457493K->348040K(586276K), 0.0264317 secs] [Times: user=0.02 sys=0.02, real=0.03 secs] 
2021-01-21T16:21:22.290+0800: [GC (Allocation Failure) 2021-01-21T16:21:22.290+0800: [DefNew: 181541K->20157K(182016K), 0.0293418 secs] 509421K->403622K(586276K), 0.0293927 secs] [Times: user=0.02 sys=0.02, real=0.03 secs] 
2021-01-21T16:21:22.344+0800: [GC (Allocation Failure) 2021-01-21T16:21:22.344+0800: [DefNew: 182013K->20158K(182016K), 0.0304043 secs]2021-01-21T16:21:22.374+0800: [Tenured: 437250K->327178K(437296K), 0.0503486 secs] 565478K->327178K(619312K), [Metaspace: 3210K->3210K(1056768K)], 0.0813056 secs] [Times: user=0.06 sys=0.01, real=0.08 secs] 
2021-01-21T16:21:22.465+0800: [GC (Allocation Failure) 2021-01-21T16:21:22.465+0800: [DefNew: 218176K->27264K(245440K), 0.0204897 secs] 545354K->397393K(790740K), 0.0205360 secs] [Times: user=0.00 sys=0.01, real=0.02 secs] 
2021-01-21T16:21:22.537+0800: [GC (Allocation Failure) 2021-01-21T16:21:22.537+0800: [DefNew: 245440K->27262K(245440K), 0.0248710 secs] 615569K->460832K(790740K), 0.0249301 secs] [Times: user=0.02 sys=0.02, real=0.03 secs] 
2021-01-21T16:21:22.609+0800: [GC (Allocation Failure) 2021-01-21T16:21:22.609+0800: [DefNew: 245438K->27263K(245440K), 0.0384652 secs] 679008K->527569K(790740K), 0.0385403 secs] [Times: user=0.05 sys=0.00, real=0.04 secs] 
2021-01-21T16:21:22.691+0800: [GC (Allocation Failure) 2021-01-21T16:21:22.691+0800: [DefNew: 245439K->27262K(245440K), 0.0379136 secs]2021-01-21T16:21:22.728+0800: [TenuredDisconnected from the target VM, address: '127.0.0.1:56489', transport: 'socket'
: 567713K->347175K(567852K), 0.0566211 secs] 745745K->347175K(813292K), [Metaspace: 3210K->3210K(1056768K)], 0.0946967 secs] [Times: user=0.09 sys=0.00, real=0.09 secs] 
执行结束!共生成对象次数:9612
Heap
 def new generation   total 260416K, used 9948K [0x00000000c0000000, 0x00000000d1a90000, 0x00000000d5550000)
  eden space 231488K,   4% used [0x00000000c0000000, 0x00000000c09b7398, 0x00000000ce210000)
  from space 28928K,   0% used [0x00000000ce210000, 0x00000000ce210000, 0x00000000cfe50000)
  to   space 28928K,   0% used [0x00000000cfe50000, 0x00000000cfe50000, 0x00000000d1a90000)
 tenured generation   total 578628K, used 347175K [0x00000000d5550000, 0x00000000f8a61000, 0x0000000100000000)
   the space 578628K,  59% used [0x00000000d5550000, 0x00000000ea859f90, 0x00000000ea85a000, 0x00000000f8a61000)
 Metaspace       used 3217K, capacity 4568K, committed 4864K, reserved 1056768K
  class space    used 344K, capacity 392K, committed 512K, reserved 1048576K

Process finished with exit code 0
