"C:\Program Files\Java\jdk1.8.0_91\bin\java.exe" -agentlib:jdwp=transport=dt_socket,address=127.0.0.1:56146,suspend=y,server=n -Xmx128m -XX:+UseParallelGC -XX:+PrintGCDetails -XX:+PrintGCDateStamps -javaagent:C:\Users\hfzhang\.IdeaIC2018.2\system\captureAgent\debugger-agent.jar=file:/C:/Users/hfzhang/AppData/Local/Temp/capture.props -Dfile.encoding=UTF-8 -classpath "C:\Program Files\Java\jdk1.8.0_91\jre\lib\charsets.jar;C:\Program Files\Java\jdk1.8.0_91\jre\lib\deploy.jar;C:\Program Files\Java\jdk1.8.0_91\jre\lib\ext\access-bridge-64.jar;C:\Program Files\Java\jdk1.8.0_91\jre\lib\ext\cldrdata.jar;C:\Program Files\Java\jdk1.8.0_91\jre\lib\ext\dnsns.jar;C:\Program Files\Java\jdk1.8.0_91\jre\lib\ext\jaccess.jar;C:\Program Files\Java\jdk1.8.0_91\jre\lib\ext\jfxrt.jar;C:\Program Files\Java\jdk1.8.0_91\jre\lib\ext\localedata.jar;C:\Program Files\Java\jdk1.8.0_91\jre\lib\ext\nashorn.jar;C:\Program Files\Java\jdk1.8.0_91\jre\lib\ext\sunec.jar;C:\Program Files\Java\jdk1.8.0_91\jre\lib\ext\sunjce_provider.jar;C:\Program Files\Java\jdk1.8.0_91\jre\lib\ext\sunmscapi.jar;C:\Program Files\Java\jdk1.8.0_91\jre\lib\ext\sunpkcs11.jar;C:\Program Files\Java\jdk1.8.0_91\jre\lib\ext\zipfs.jar;C:\Program Files\Java\jdk1.8.0_91\jre\lib\javaws.jar;C:\Program Files\Java\jdk1.8.0_91\jre\lib\jce.jar;C:\Program Files\Java\jdk1.8.0_91\jre\lib\jfr.jar;C:\Program Files\Java\jdk1.8.0_91\jre\lib\jfxswt.jar;C:\Program Files\Java\jdk1.8.0_91\jre\lib\jsse.jar;C:\Program Files\Java\jdk1.8.0_91\jre\lib\management-agent.jar;C:\Program Files\Java\jdk1.8.0_91\jre\lib\plugin.jar;C:\Program Files\Java\jdk1.8.0_91\jre\lib\resources.jar;C:\Program Files\Java\jdk1.8.0_91\jre\lib\rt.jar;D:\User\workspace\springboot-maven-hf\jvm-actual\target\classes;D:\m2\repository\org\springframework\boot\spring-boot-starter-web\2.3.5.RELEASE\spring-boot-starter-web-2.3.5.RELEASE.jar;D:\m2\repository\org\springframework\boot\spring-boot-starter\2.3.5.RELEASE\spring-boot-starter-2.3.5.RELEASE.jar;D:\m2\repository\org\springframework\boot\spring-boot\2.3.5.RELEASE\spring-boot-2.3.5.RELEASE.jar;D:\m2\repository\org\springframework\boot\spring-boot-autoconfigure\2.3.5.RELEASE\spring-boot-autoconfigure-2.3.5.RELEASE.jar;D:\m2\repository\org\springframework\boot\spring-boot-starter-logging\2.3.5.RELEASE\spring-boot-starter-logging-2.3.5.RELEASE.jar;D:\m2\repository\ch\qos\logback\logback-classic\1.2.3\logback-classic-1.2.3.jar;D:\m2\repository\ch\qos\logback\logback-core\1.2.3\logback-core-1.2.3.jar;D:\m2\repository\org\apache\logging\log4j\log4j-to-slf4j\2.13.3\log4j-to-slf4j-2.13.3.jar;D:\m2\repository\org\apache\logging\log4j\log4j-api\2.13.3\log4j-api-2.13.3.jar;D:\m2\repository\org\slf4j\jul-to-slf4j\1.7.30\jul-to-slf4j-1.7.30.jar;D:\m2\repository\jakarta\annotation\jakarta.annotation-api\1.3.5\jakarta.annotation-api-1.3.5.jar;D:\m2\repository\org\yaml\snakeyaml\1.26\snakeyaml-1.26.jar;D:\m2\repository\org\springframework\boot\spring-boot-starter-json\2.3.5.RELEASE\spring-boot-starter-json-2.3.5.RELEASE.jar;D:\m2\repository\com\fasterxml\jackson\core\jackson-databind\2.11.3\jackson-databind-2.11.3.jar;D:\m2\repository\com\fasterxml\jackson\core\jackson-annotations\2.11.3\jackson-annotations-2.11.3.jar;D:\m2\repository\com\fasterxml\jackson\core\jackson-core\2.11.3\jackson-core-2.11.3.jar;D:\m2\repository\com\fasterxml\jackson\datatype\jackson-datatype-jdk8\2.11.3\jackson-datatype-jdk8-2.11.3.jar;D:\m2\repository\com\fasterxml\jackson\datatype\jackson-datatype-jsr310\2.11.3\jackson-datatype-jsr310-2.11.3.jar;D:\m2\repository\com\fasterxml\jackson\module\jackson-module-parameter-names\2.11.3\jackson-module-parameter-names-2.11.3.jar;D:\m2\repository\org\springframework\boot\spring-boot-starter-tomcat\2.3.5.RELEASE\spring-boot-starter-tomcat-2.3.5.RELEASE.jar;D:\m2\repository\org\apache\tomcat\embed\tomcat-embed-core\9.0.39\tomcat-embed-core-9.0.39.jar;D:\m2\repository\org\glassfish\jakarta.el\3.0.3\jakarta.el-3.0.3.jar;D:\m2\repository\org\apache\tomcat\embed\tomcat-embed-websocket\9.0.39\tomcat-embed-websocket-9.0.39.jar;D:\m2\repository\org\springframework\spring-web\5.2.10.RELEASE\spring-web-5.2.10.RELEASE.jar;D:\m2\repository\org\springframework\spring-beans\5.2.10.RELEASE\spring-beans-5.2.10.RELEASE.jar;D:\m2\repository\org\springframework\spring-webmvc\5.2.10.RELEASE\spring-webmvc-5.2.10.RELEASE.jar;D:\m2\repository\org\springframework\spring-aop\5.2.10.RELEASE\spring-aop-5.2.10.RELEASE.jar;D:\m2\repository\org\springframework\spring-context\5.2.10.RELEASE\spring-context-5.2.10.RELEASE.jar;D:\m2\repository\org\springframework\spring-expression\5.2.10.RELEASE\spring-expression-5.2.10.RELEASE.jar;D:\m2\repository\org\slf4j\slf4j-api\1.7.30\slf4j-api-1.7.30.jar;D:\m2\repository\org\springframework\spring-core\5.2.10.RELEASE\spring-core-5.2.10.RELEASE.jar;D:\m2\repository\org\springframework\spring-jcl\5.2.10.RELEASE\spring-jcl-5.2.10.RELEASE.jar;D:\m2\repository\io\netty\netty-all\4.1.51.Final\netty-all-4.1.51.Final.jar;D:\m2\repository\org\apache\httpcomponents\httpasyncclient\4.1.4\httpasyncclient-4.1.4.jar;D:\m2\repository\org\apache\httpcomponents\httpcore\4.4.13\httpcore-4.4.13.jar;D:\m2\repository\org\apache\httpcomponents\httpcore-nio\4.4.13\httpcore-nio-4.4.13.jar;D:\m2\repository\org\apache\httpcomponents\httpclient\4.5.13\httpclient-4.5.13.jar;D:\m2\repository\commons-codec\commons-codec\1.14\commons-codec-1.14.jar;D:\Program Files\JetBrains\IntelliJ IDEA Community Edition 2018.2\lib\idea_rt.jar" com.hf.job03.GCLogAnalysis
Connected to the target VM, address: '127.0.0.1:56146', transport: 'socket'
正在执行...
2021-01-21T16:18:39.538+0800: [GC (Allocation Failure) [PSYoungGen: 33280K->5105K(38400K)] 33280K->11470K(125952K), 0.0034478 secs] [Times: user=0.00 sys=0.00, real=0.00 secs] 
2021-01-21T16:18:39.548+0800: [GC (Allocation Failure) [PSYoungGen: 38385K->5119K(38400K)] 44750K->26075K(125952K), 0.0054541 secs] [Times: user=0.00 sys=0.00, real=0.01 secs] 
2021-01-21T16:18:39.562+0800: [GC (Allocation Failure) [PSYoungGen: 38197K->5117K(38400K)] 59153K->36169K(125952K), 0.0032442 secs] [Times: user=0.00 sys=0.00, real=0.00 secs] 
2021-01-21T16:18:39.572+0800: [GC (Allocation Failure) [PSYoungGen: 37649K->5118K(38400K)] 68701K->46690K(125952K), 0.0039089 secs] [Times: user=0.01 sys=0.11, real=0.00 secs] 
2021-01-21T16:18:39.581+0800: [GC (Allocation Failure) [PSYoungGen: 37889K->5116K(38400K)] 79461K->59105K(125952K), 0.0039927 secs] [Times: user=0.00 sys=0.00, real=0.00 secs] 
2021-01-21T16:18:39.589+0800: [GC (Allocation Failure) [PSYoungGen: 38396K->5116K(19968K)] 92385K->71272K(107520K), 0.0038508 secs] [Times: user=0.03 sys=0.00, real=0.00 secs] 
2021-01-21T16:18:39.595+0800: [GC (Allocation Failure) [PSYoungGen: 19822K->8118K(29184K)] 85978K->76720K(116736K), 0.0021056 secs] [Times: user=0.00 sys=0.00, real=0.00 secs] 
2021-01-21T16:18:39.600+0800: [GC (Allocation Failure) [PSYoungGen: 22787K->13407K(29184K)] 91390K->83366K(116736K), 0.0020634 secs] [Times: user=0.00 sys=0.00, real=0.00 secs] 
2021-01-21T16:18:39.604+0800: [GC (Allocation Failure) [PSYoungGen: 28206K->14293K(29184K)] 98166K->87915K(116736K), 0.0025420 secs] [Times: user=0.09 sys=0.00, real=0.00 secs] 
2021-01-21T16:18:39.606+0800: [Full GC (Ergonomics) [PSYoungGen: 14293K->0K(29184K)] [ParOldGen: 73621K->76722K(87552K)] 87915K->76722K(116736K), [Metaspace: 3210K->3210K(1056768K)], 0.0111437 secs] [Times: user=0.00 sys=0.00, real=0.01 secs] 
2021-01-21T16:18:39.620+0800: [Full GC (Ergonomics) [PSYoungGen: 14848K->0K(29184K)] [ParOldGen: 76722K->79661K(87552K)] 91570K->79661K(116736K), [Metaspace: 3210K->3210K(1056768K)], 0.0115745 secs] [Times: user=0.02 sys=0.00, real=0.01 secs] 
2021-01-21T16:18:39.633+0800: [Full GC (Ergonomics) [PSYoungGen: 14657K->0K(29184K)] [ParOldGen: 79661K->83397K(87552K)] 94319K->83397K(116736K), [Metaspace: 3210K->3210K(1056768K)], 0.0132955 secs] [Times: user=0.09 sys=0.00, real=0.01 secs] 
2021-01-21T16:18:39.649+0800: [Full GC (Ergonomics) [PSYoungGen: 14822K->288K(29184K)] [ParOldGen: 83397K->87270K(87552K)] 98219K->87558K(116736K), [Metaspace: 3210K->3210K(1056768K)], 0.0161588 secs] [Times: user=0.03 sys=0.03, real=0.02 secs] 
2021-01-21T16:18:39.667+0800: [Full GC (Ergonomics) [PSYoungGen: 14763K->4213K(29184K)] [ParOldGen: 87270K->87385K(87552K)] 102033K->91598K(116736K), [Metaspace: 3210K->3210K(1056768K)], 0.0127100 secs] [Times: user=0.08 sys=0.00, real=0.01 secs] 
2021-01-21T16:18:39.682+0800: [Full GC (Ergonomics) [PSYoungGen: 14770K->7656K(29184K)] [ParOldGen: 87385K->87324K(87552K)] 102155K->94981K(116736K), [Metaspace: 3210K->3210K(1056768K)], 0.0106430 secs] [Times: user=0.06 sys=0.00, real=0.01 secs] 
2021-01-21T16:18:39.695+0800: [Full GC (Ergonomics) [PSYoungGen: 14841K->9504K(29184K)] [ParOldGen: 87324K->86997K(87552K)] 102165K->96501K(116736K), [Metaspace: 3210K->3210K(1056768K)], 0.0106913 secs] [Times: user=0.05 sys=0.00, real=0.01 secs] 
2021-01-21T16:18:39.706+0800: [Full GC (Ergonomics) [PSYoungGen: 14705K->11794K(29184K)] [ParOldGen: 86997K->86997K(87552K)] 101703K->98792K(116736K), [Metaspace: 3210K->3210K(1056768K)], 0.0036467 secs] [Times: user=0.00 sys=0.00, real=0.00 secs] 
2021-01-21T16:18:39.711+0800: [Full GC (Ergonomics) [PSYoungGen: 14783K->11654K(29184K)] [ParOldGen: 86997K->87193K(87552K)] 101781K->98847K(116736K), [Metaspace: 3210K->3210K(1056768K)], 0.0101999 secs] [Times: user=0.09 sys=0.00, real=0.01 secs] 
2021-01-21T16:18:39.722+0800: [Full GC (Ergonomics) [PSYoungGen: 14544K->12459K(29184K)] [ParOldGen: 87193K->87104K(87552K)] 101738K->99564K(116736K), [Metaspace: 3210K->3210K(1056768K)], 0.0121096 secs] [Times: user=0.08 sys=0.00, real=0.01 secs] 
2021-01-21T16:18:39.734+0800: [Full GC (Ergonomics) [PSYoungGen: 14732K->12921K(29184K)] [ParOldGen: 87104K->87469K(87552K)] 101837K->100390K(116736K), [Metaspace: 3210K->3210K(1056768K)], 0.0081704 secs] [Times: user=0.00 sys=0.00, real=0.01 secs] 
2021-01-21T16:18:39.743+0800: [Full GC (Ergonomics) [PSYoungGen: 14841K->13990K(29184K)] [ParOldGen: 87469K->87469K(87552K)] 102311K->101460K(116736K), [Metaspace: 3210K->3210K(1056768K)], 0.0027512 secs] [Times: user=0.02 sys=0.00, real=0.00 secs] 
2021-01-21T16:18:39.746+0800: [Full GC (Ergonomics) [PSYoungGen: 14785K->14091K(29184K)] [ParOldGen: 87469K->87374K(87552K)] 102254K->101465K(116736K), [Metaspace: 3210K->3210K(1056768K)], 0.0116845 secs] [Times: user=0.00 sys=0.00, real=0.01 secs] 
2021-01-21T16:18:39.758+0800: [Full GC (Ergonomics) [PSYoungGen: 14816K->14307K(29184K)] [ParOldGen: 87374K->87374K(87552K)] 102190K->101682K(116736K), [Metaspace: 3210K->3210K(1056768K)], 0.0030920 secs] [Times: user=0.08 sys=0.00, real=0.00 secs] 
2021-01-21T16:18:39.761+0800: [Full GC (Ergonomics) [PSYoungGen: 14394K->14163K(29184K)] [ParOldGen: 87374K->87374K(87552K)] 101768K->101538K(116736K), [Metaspace: 3210K->3210K(1056768K)], 0.0032468 secs] [Times: user=0.00 sys=0.00, real=0.00 secs] 
2021-01-21T16:18:39.765+0800: [Full GC (Ergonomics) [PSYoungGen: 14775K->14701K(29184K)] [ParOldGen: 87374K->87374K(87552K)] 102150K->102075K(116736K), [Metaspace: 3210K->3210K(1056768K)], 0.0030047 secs] [Times: user=0.00 sys=0.00, real=0.00 secs] 
2021-01-21T16:18:39.768+0800: [Full GC (Ergonomics) [PSYoungGen: 14848K->14773K(29184K)] [ParOldGen: 87374K->87374K(87552K)] 102222K->102147K(116736K), [Metaspace: 3210K->3210K(1056768K)], 0.0020064 secs] [Times: user=0.00 sys=0.00, real=0.00 secs] 
2021-01-21T16:18:39.770+0800: [Full GC (Ergonomics) [PSYoungGen: 14773K->14629K(29184K)] [ParOldGen: 87476K->87149K(87552K)] 102250K->101778K(116736K), [Metaspace: 3210K->3210K(1056768K)], 0.0040137 secs] [Times: user=0.00 sys=0.00, real=0.00 secs] 
2021-01-21T16:18:39.774+0800: [Full GC (Allocation Failure) [PSYoungGen: 14629K->14629K(29184K)] [ParOldGen: 87149K->87126K(87552K)] 101778K->101755K(116736K), [Metaspace: 3210K->3210K(1056768K)], 0.0175601 secs] [Times: user=0.00 sys=0.02, real=0.02 secs] 
Exception in thread "main" java.lang.OutOfMemoryError: Java heap space
	at com.hf.job03.GCLogAnalysis.generateGarbage(GCLogAnalysis.java:51)
	at com.hf.job03.GCLogAnalysis.main(GCLogAnalysis.java:28)
Disconnected from the target VM, address: '127.0.0.1:56146', transport: 'socket'
Heap
 PSYoungGen      total 29184K, used 14848K [0x00000000fd580000, 0x0000000100000000, 0x0000000100000000)
  eden space 14848K, 100% used [0x00000000fd580000,0x00000000fe400000,0x00000000fe400000)
  from space 14336K, 0% used [0x00000000fe400000,0x00000000fe400000,0x00000000ff200000)
  to   space 14336K, 0% used [0x00000000ff200000,0x00000000ff200000,0x0000000100000000)
 ParOldGen       total 87552K, used 87126K [0x00000000f8000000, 0x00000000fd580000, 0x00000000fd580000)
  object space 87552K, 99% used [0x00000000f8000000,0x00000000fd515948,0x00000000fd580000)
 Metaspace       used 3241K, capacity 4568K, committed 4864K, reserved 1056768K
  class space    used 347K, capacity 392K, committed 512K, reserved 1048576K

Process finished with exit code 1
