"C:\Program Files\Java\jdk1.8.0_91\bin\java.exe" -agentlib:jdwp=transport=dt_socket,address=127.0.0.1:56042,suspend=y,server=n -Xmx2048m -XX:+UseConcMarkSweepGC -XX:+PrintGCDetails -XX:+PrintGCDateStamps -javaagent:C:\Users\hfzhang\.IdeaIC2018.2\system\captureAgent\debugger-agent.jar=file:/C:/Users/hfzhang/AppData/Local/Temp/capture.props -Dfile.encoding=UTF-8 -classpath "C:\Program Files\Java\jdk1.8.0_91\jre\lib\charsets.jar;C:\Program Files\Java\jdk1.8.0_91\jre\lib\deploy.jar;C:\Program Files\Java\jdk1.8.0_91\jre\lib\ext\access-bridge-64.jar;C:\Program Files\Java\jdk1.8.0_91\jre\lib\ext\cldrdata.jar;C:\Program Files\Java\jdk1.8.0_91\jre\lib\ext\dnsns.jar;C:\Program Files\Java\jdk1.8.0_91\jre\lib\ext\jaccess.jar;C:\Program Files\Java\jdk1.8.0_91\jre\lib\ext\jfxrt.jar;C:\Program Files\Java\jdk1.8.0_91\jre\lib\ext\localedata.jar;C:\Program Files\Java\jdk1.8.0_91\jre\lib\ext\nashorn.jar;C:\Program Files\Java\jdk1.8.0_91\jre\lib\ext\sunec.jar;C:\Program Files\Java\jdk1.8.0_91\jre\lib\ext\sunjce_provider.jar;C:\Program Files\Java\jdk1.8.0_91\jre\lib\ext\sunmscapi.jar;C:\Program Files\Java\jdk1.8.0_91\jre\lib\ext\sunpkcs11.jar;C:\Program Files\Java\jdk1.8.0_91\jre\lib\ext\zipfs.jar;C:\Program Files\Java\jdk1.8.0_91\jre\lib\javaws.jar;C:\Program Files\Java\jdk1.8.0_91\jre\lib\jce.jar;C:\Program Files\Java\jdk1.8.0_91\jre\lib\jfr.jar;C:\Program Files\Java\jdk1.8.0_91\jre\lib\jfxswt.jar;C:\Program Files\Java\jdk1.8.0_91\jre\lib\jsse.jar;C:\Program Files\Java\jdk1.8.0_91\jre\lib\management-agent.jar;C:\Program Files\Java\jdk1.8.0_91\jre\lib\plugin.jar;C:\Program Files\Java\jdk1.8.0_91\jre\lib\resources.jar;C:\Program Files\Java\jdk1.8.0_91\jre\lib\rt.jar;D:\User\workspace\springboot-maven-hf\jvm-actual\target\classes;D:\m2\repository\org\springframework\boot\spring-boot-starter-web\2.3.5.RELEASE\spring-boot-starter-web-2.3.5.RELEASE.jar;D:\m2\repository\org\springframework\boot\spring-boot-starter\2.3.5.RELEASE\spring-boot-starter-2.3.5.RELEASE.jar;D:\m2\repository\org\springframework\boot\spring-boot\2.3.5.RELEASE\spring-boot-2.3.5.RELEASE.jar;D:\m2\repository\org\springframework\boot\spring-boot-autoconfigure\2.3.5.RELEASE\spring-boot-autoconfigure-2.3.5.RELEASE.jar;D:\m2\repository\org\springframework\boot\spring-boot-starter-logging\2.3.5.RELEASE\spring-boot-starter-logging-2.3.5.RELEASE.jar;D:\m2\repository\ch\qos\logback\logback-classic\1.2.3\logback-classic-1.2.3.jar;D:\m2\repository\ch\qos\logback\logback-core\1.2.3\logback-core-1.2.3.jar;D:\m2\repository\org\apache\logging\log4j\log4j-to-slf4j\2.13.3\log4j-to-slf4j-2.13.3.jar;D:\m2\repository\org\apache\logging\log4j\log4j-api\2.13.3\log4j-api-2.13.3.jar;D:\m2\repository\org\slf4j\jul-to-slf4j\1.7.30\jul-to-slf4j-1.7.30.jar;D:\m2\repository\jakarta\annotation\jakarta.annotation-api\1.3.5\jakarta.annotation-api-1.3.5.jar;D:\m2\repository\org\yaml\snakeyaml\1.26\snakeyaml-1.26.jar;D:\m2\repository\org\springframework\boot\spring-boot-starter-json\2.3.5.RELEASE\spring-boot-starter-json-2.3.5.RELEASE.jar;D:\m2\repository\com\fasterxml\jackson\core\jackson-databind\2.11.3\jackson-databind-2.11.3.jar;D:\m2\repository\com\fasterxml\jackson\core\jackson-annotations\2.11.3\jackson-annotations-2.11.3.jar;D:\m2\repository\com\fasterxml\jackson\core\jackson-core\2.11.3\jackson-core-2.11.3.jar;D:\m2\repository\com\fasterxml\jackson\datatype\jackson-datatype-jdk8\2.11.3\jackson-datatype-jdk8-2.11.3.jar;D:\m2\repository\com\fasterxml\jackson\datatype\jackson-datatype-jsr310\2.11.3\jackson-datatype-jsr310-2.11.3.jar;D:\m2\repository\com\fasterxml\jackson\module\jackson-module-parameter-names\2.11.3\jackson-module-parameter-names-2.11.3.jar;D:\m2\repository\org\springframework\boot\spring-boot-starter-tomcat\2.3.5.RELEASE\spring-boot-starter-tomcat-2.3.5.RELEASE.jar;D:\m2\repository\org\apache\tomcat\embed\tomcat-embed-core\9.0.39\tomcat-embed-core-9.0.39.jar;D:\m2\repository\org\glassfish\jakarta.el\3.0.3\jakarta.el-3.0.3.jar;D:\m2\repository\org\apache\tomcat\embed\tomcat-embed-websocket\9.0.39\tomcat-embed-websocket-9.0.39.jar;D:\m2\repository\org\springframework\spring-web\5.2.10.RELEASE\spring-web-5.2.10.RELEASE.jar;D:\m2\repository\org\springframework\spring-beans\5.2.10.RELEASE\spring-beans-5.2.10.RELEASE.jar;D:\m2\repository\org\springframework\spring-webmvc\5.2.10.RELEASE\spring-webmvc-5.2.10.RELEASE.jar;D:\m2\repository\org\springframework\spring-aop\5.2.10.RELEASE\spring-aop-5.2.10.RELEASE.jar;D:\m2\repository\org\springframework\spring-context\5.2.10.RELEASE\spring-context-5.2.10.RELEASE.jar;D:\m2\repository\org\springframework\spring-expression\5.2.10.RELEASE\spring-expression-5.2.10.RELEASE.jar;D:\m2\repository\org\slf4j\slf4j-api\1.7.30\slf4j-api-1.7.30.jar;D:\m2\repository\org\springframework\spring-core\5.2.10.RELEASE\spring-core-5.2.10.RELEASE.jar;D:\m2\repository\org\springframework\spring-jcl\5.2.10.RELEASE\spring-jcl-5.2.10.RELEASE.jar;D:\m2\repository\io\netty\netty-all\4.1.51.Final\netty-all-4.1.51.Final.jar;D:\m2\repository\org\apache\httpcomponents\httpasyncclient\4.1.4\httpasyncclient-4.1.4.jar;D:\m2\repository\org\apache\httpcomponents\httpcore\4.4.13\httpcore-4.4.13.jar;D:\m2\repository\org\apache\httpcomponents\httpcore-nio\4.4.13\httpcore-nio-4.4.13.jar;D:\m2\repository\org\apache\httpcomponents\httpclient\4.5.13\httpclient-4.5.13.jar;D:\m2\repository\commons-codec\commons-codec\1.14\commons-codec-1.14.jar;D:\Program Files\JetBrains\IntelliJ IDEA Community Edition 2018.2\lib\idea_rt.jar" com.hf.job03.GCLogAnalysis
Connected to the target VM, address: '127.0.0.1:56042', transport: 'socket'
正在执行...
2021-01-21T16:17:47.273+0800: [GC (Allocation Failure) 2021-01-21T16:17:47.273+0800: [ParNew: 68864K->8575K(77440K), 0.0054937 secs] 68864K->22256K(249472K), 0.0055765 secs] [Times: user=0.03 sys=0.08, real=0.01 secs] 
2021-01-21T16:17:47.294+0800: [GC (Allocation Failure) 2021-01-21T16:17:47.294+0800: [ParNew: 77439K->8576K(77440K), 0.0075525 secs] 91120K->39779K(249472K), 0.0076003 secs] [Times: user=0.00 sys=0.00, real=0.01 secs] 
2021-01-21T16:17:47.313+0800: [GC (Allocation Failure) 2021-01-21T16:17:47.313+0800: [ParNew: 77266K->8574K(77440K), 0.0115950 secs] 108469K->61895K(249472K), 0.0116444 secs] [Times: user=0.00 sys=0.00, real=0.01 secs] 
2021-01-21T16:17:47.334+0800: [GC (Allocation Failure) 2021-01-21T16:17:47.334+0800: [ParNew: 77438K->8576K(77440K), 0.0127753 secs] 130759K->85282K(249472K), 0.0128247 secs] [Times: user=0.06 sys=0.03, real=0.01 secs] 
2021-01-21T16:17:47.356+0800: [GC (Allocation Failure) 2021-01-21T16:17:47.356+0800: [ParNew: 77440K->8574K(77440K), 0.0121872 secs] 154146K->107173K(249472K), 0.0122361 secs] [Times: user=0.09 sys=0.02, real=0.01 secs] 
2021-01-21T16:17:47.368+0800: [GC (CMS Initial Mark) [1 CMS-initial-mark: 98598K(172032K)] 107461K(249472K), 0.0002370 secs] [Times: user=0.00 sys=0.00, real=0.00 secs] 
2021-01-21T16:17:47.369+0800: [CMS-concurrent-mark-start]
2021-01-21T16:17:47.370+0800: [CMS-concurrent-mark: 0.002/0.002 secs] [Times: user=0.00 sys=0.00, real=0.00 secs] 
2021-01-21T16:17:47.370+0800: [CMS-concurrent-preclean-start]
2021-01-21T16:17:47.371+0800: [CMS-concurrent-preclean: 0.001/0.001 secs] [Times: user=0.00 sys=0.00, real=0.00 secs] 
2021-01-21T16:17:47.371+0800: [CMS-concurrent-abortable-preclean-start]
2021-01-21T16:17:47.381+0800: [GC (Allocation Failure) 2021-01-21T16:17:47.381+0800: [ParNew: 77438K->8575K(77440K), 0.0139664 secs] 176037K->132291K(249472K), 0.0140234 secs] [Times: user=0.09 sys=0.00, real=0.01 secs] 
2021-01-21T16:17:47.405+0800: [GC (Allocation Failure) 2021-01-21T16:17:47.405+0800: [ParNew: 77439K->8575K(77440K), 0.0127907 secs] 201155K->155673K(249472K), 0.0128493 secs] [Times: user=0.00 sys=0.00, real=0.01 secs] 
2021-01-21T16:17:47.431+0800: [GC (Allocation Failure) 2021-01-21T16:17:47.431+0800: [ParNew: 77439K->8575K(77440K), 0.0121225 secs] 224537K->176122K(249472K), 0.0121960 secs] [Times: user=0.06 sys=0.02, real=0.01 secs] 
2021-01-21T16:17:47.456+0800: [GC (Allocation Failure) 2021-01-21T16:17:47.456+0800: [ParNew: 77439K->8567K(77440K), 0.0129177 secs] 244986K->199065K(268992K), 0.0129763 secs] [Times: user=0.06 sys=0.02, real=0.01 secs] 
2021-01-21T16:17:47.482+0800: [GC (Allocation Failure) 2021-01-21T16:17:47.482+0800: [ParNew: 77431K->8563K(77440K), 0.0114732 secs] 267929K->218812K(288752K), 0.0115323 secs] [Times: user=0.00 sys=0.00, real=0.01 secs] 
2021-01-21T16:17:47.507+0800: [GC (Allocation Failure) 2021-01-21T16:17:47.507+0800: [ParNew: 77427K->8573K(77440K), 0.0145442 secs] 287676K->243057K(312840K), 0.0146084 secs] [Times: user=0.09 sys=0.00, real=0.02 secs] 
2021-01-21T16:17:47.533+0800: [GC (Allocation Failure) 2021-01-21T16:17:47.533+0800: [ParNew: 77408K->8574K(77440K), 0.0115606 secs] 311892K->263085K(333036K), 0.0116151 secs] [Times: user=0.09 sys=0.01, real=0.01 secs] 
2021-01-21T16:17:47.555+0800: [GC (Allocation Failure) 2021-01-21T16:17:47.555+0800: [ParNew: 77438K->8575K(77440K), 0.0149174 secs] 331949K->289243K(359064K), 0.0149749 secs] [Times: user=0.09 sys=0.00, real=0.01 secs] 
2021-01-21T16:17:47.581+0800: [GC (Allocation Failure) 2021-01-21T16:17:47.581+0800: [ParNew: 77439K->8573K(77440K), 0.0144768 secs] 358107K->313981K(383940K), 0.0145421 secs] [Times: user=0.09 sys=0.00, real=0.01 secs] 
2021-01-21T16:17:47.608+0800: [GC (Allocation Failure) 2021-01-21T16:17:47.608+0800: [ParNew: 77420K->8574K(77440K), 0.0137448 secs] 382828K->337356K(407196K), 0.0138034 secs] [Times: user=0.08 sys=0.00, real=0.01 secs] 
2021-01-21T16:17:47.633+0800: [GC (Allocation Failure) 2021-01-21T16:17:47.633+0800: [ParNew: 77438K->8573K(77440K), 0.0139484 secs] 406220K->362344K(432192K), 0.0139982 secs] [Times: user=0.08 sys=0.02, real=0.01 secs] 
2021-01-21T16:17:47.657+0800: [GC (Allocation Failure) 2021-01-21T16:17:47.657+0800: [ParNew: 77359K->8575K(77440K), 0.0143637 secs] 431130K->387484K(457400K), 0.0144331 secs] [Times: user=0.11 sys=0.00, real=0.01 secs] 
2021-01-21T16:17:47.682+0800: [GC (Allocation Failure) 2021-01-21T16:17:47.682+0800: [ParNew: 77439K->8572K(77440K), 0.0156663 secs] 456348K->414012K(483980K), 0.0157270 secs] [Times: user=0.11 sys=0.00, real=0.02 secs] 
2021-01-21T16:17:47.713+0800: [GC (Allocation Failure) 2021-01-21T16:17:47.713+0800: [ParNew: 77436K->8571K(77440K), 0.0158432 secs] 482876K->438214K(508124K), 0.0159491 secs] [Times: user=0.09 sys=0.00, real=0.01 secs] 
2021-01-21T16:17:47.742+0800: [GC (Allocation Failure) 2021-01-21T16:17:47.742+0800: [ParNew: 77435K->8574K(77440K), 0.0121384 secs] 507078K->458141K(528104K), 0.0122032 secs] [Times: user=0.09 sys=0.00, real=0.01 secs] 
2021-01-21T16:17:47.764+0800: [GC (Allocation Failure) 2021-01-21T16:17:47.764+0800: [ParNew: 77438K->8570K(77440K), 0.0139139 secs] 527005K->481353K(551436K), 0.0139736 secs] [Times: user=0.09 sys=0.01, real=0.01 secs] 
2021-01-21T16:17:47.788+0800: [GC (Allocation Failure) 2021-01-21T16:17:47.788+0800: [ParNew: 77434K->8573K(77440K), 0.0151271 secs] 550217K->505464K(575504K), 0.0151872 secs] [Times: user=0.09 sys=0.00, real=0.01 secs] 
2021-01-21T16:17:47.814+0800: [GC (Allocation Failure) 2021-01-21T16:17:47.814+0800: [ParNew: 77437K->8572K(77440K), 0.0121564 secs] 574328K->525694K(595704K), 0.0122109 secs] [Times: user=0.08 sys=0.02, real=0.01 secs] 
2021-01-21T16:17:47.838+0800: [GC (Allocation Failure) 2021-01-21T16:17:47.838+0800: [ParNew: 77436K->8573K(77440K), 0.0124612 secs] 594558K->546505K(616468K), 0.0125111 secs] [Times: user=0.11 sys=0.00, real=0.01 secs] 
2021-01-21T16:17:47.862+0800: [GC (Allocation Failure) 2021-01-21T16:17:47.862+0800: [ParNew: 76893K->8575K(77440K), 0.0137114 secs] 614826K->568453K(638388K), 0.0137556 secs] [Times: user=0.08 sys=0.02, real=0.01 secs] 
2021-01-21T16:17:47.887+0800: [GC (Allocation Failure) 2021-01-21T16:17:47.887+0800: [ParNew: 77439K->8567K(77440K), 0.0123034 secs] 637317K->589543K(659572K), 0.0123527 secs] [Times: user=0.00 sys=0.00, real=0.01 secs] 
2021-01-21T16:17:47.911+0800: [GC (Allocation Failure) 2021-01-21T16:17:47.911+0800: [ParNew: 77431K->8575K(77440K), 0.0166569 secs] 658407K->615232K(685356K), 0.0167407 secs] [Times: user=0.08 sys=0.02, real=0.02 secs] 
2021-01-21T16:17:47.940+0800: [GC (Allocation Failure) 2021-01-21T16:17:47.940+0800: [ParNew: 77275K->8575K(77440K), 0.0159774 secs] 683932K->639600K(709740K), 0.0160385 secs] [Times: user=0.08 sys=0.00, real=0.02 secs] 
2021-01-21T16:17:47.968+0800: [GC (Allocation Failure) 2021-01-21T16:17:47.968+0800: [ParNew: 77439K->8575K(77440K), 0.0178079 secs] 708464K->666008K(736156K), 0.0178835 secs] [Times: user=0.06 sys=0.02, real=0.02 secs] 
2021-01-21T16:17:47.999+0800: [GC (Allocation Failure) 2021-01-21T16:17:47.999+0800: [ParNew: 77133K->8575K(77440K), 0.0143678 secs] 734566K->687690K(757776K), 0.0144383 secs] [Times: user=0.05 sys=0.03, real=0.01 secs] 
2021-01-21T16:17:48.025+0800: [GC (Allocation Failure) 2021-01-21T16:17:48.025+0800: [ParNew: 77379K->8575K(77440K), 0.0098771 secs] 756493K->703481K(773564K), 0.0099295 secs] [Times: user=0.06 sys=0.02, real=0.01 secs] 
2021-01-21T16:17:48.045+0800: [GC (Allocation Failure) 2021-01-21T16:17:48.045+0800: [ParNew: 77439K->8573K(77440K), 0.0150510 secs] 772345K->728462K(798580K), 0.0151266 secs] [Times: user=0.08 sys=0.00, real=0.02 secs] 
2021-01-21T16:17:48.076+0800: [GC (Allocation Failure) 2021-01-21T16:17:48.076+0800: [ParNew: 77301K->8575K(77440K), 0.0174547 secs] 797190K->756329K(826456K), 0.0175262 secs] [Times: user=0.08 sys=0.01, real=0.02 secs] 
2021-01-21T16:17:48.105+0800: [GC (Allocation Failure) 2021-01-21T16:17:48.105+0800: [ParNew: 77439K->8574K(77440K), 0.0142244 secs] 825193K->778889K(848872K), 0.0142948 secs] [Times: user=0.06 sys=0.02, real=0.01 secs] 
2021-01-21T16:17:48.135+0800: [GC (Allocation Failure) 2021-01-21T16:17:48.135+0800: [ParNew: 77438K->8574K(77440K), 0.0162673 secs] 847753K->803763K(873988K), 0.0163434 secs] [Times: user=0.03 sys=0.02, real=0.02 secs] 
2021-01-21T16:17:48.166+0800: [GC (Allocation Failure) 2021-01-21T16:17:48.166+0800: [ParNew: 77307K->8574K(77440K), 0.0152392 secs] 872495K->823837K(894024K), 0.0153163 secs] [Times: user=0.03 sys=0.02, real=0.02 secs] 
2021-01-21T16:17:48.198+0800: [GC (Allocation Failure) 2021-01-21T16:17:48.198+0800: [ParNew: 77438K->8569K(77440K), 0.0158730 secs] 892701K->848490K(918556K), 0.0159429 secs] [Times: user=0.08 sys=0.00, real=0.02 secs] 
执行结束!共生成对象次数:9624
Disconnected from the target VM, address: '127.0.0.1:56042', transport: 'socket'
Heap
 par new generation   total 77440K, used 33057K [0x0000000080000000, 0x0000000085400000, 0x00000000a9990000)
  eden space 68864K,  35% used [0x0000000080000000, 0x00000000817ea058, 0x0000000084340000)
  from space 8576K,  99% used [0x0000000084ba0000, 0x00000000853fe6c8, 0x0000000085400000)
  to   space 8576K,   0% used [0x0000000084340000, 0x0000000084340000, 0x0000000084ba0000)
 concurrent mark-sweep generation total 841116K, used 839920K [0x00000000a9990000, 0x00000000dcef7000, 0x0000000100000000)
 Metaspace       used 3219K, capacity 4568K, committed 4864K, reserved 1056768K
  class space    used 344K, capacity 392K, committed 512K, reserved 1048576K

Process finished with exit code 0
