"C:\Program Files\Java\jdk1.8.0_91\bin\java.exe" -agentlib:jdwp=transport=dt_socket,address=127.0.0.1:54943,suspend=y,server=n -Xmx2048m -XX:+UseG1GC -XX:+PrintGC -XX:+PrintGCDateStamps -javaagent:C:\Users\hfzhang\.IdeaIC2018.2\system\captureAgent\debugger-agent.jar=file:/C:/Users/hfzhang/AppData/Local/Temp/capture.props -Dfile.encoding=UTF-8 -classpath "C:\Program Files\Java\jdk1.8.0_91\jre\lib\charsets.jar;C:\Program Files\Java\jdk1.8.0_91\jre\lib\deploy.jar;C:\Program Files\Java\jdk1.8.0_91\jre\lib\ext\access-bridge-64.jar;C:\Program Files\Java\jdk1.8.0_91\jre\lib\ext\cldrdata.jar;C:\Program Files\Java\jdk1.8.0_91\jre\lib\ext\dnsns.jar;C:\Program Files\Java\jdk1.8.0_91\jre\lib\ext\jaccess.jar;C:\Program Files\Java\jdk1.8.0_91\jre\lib\ext\jfxrt.jar;C:\Program Files\Java\jdk1.8.0_91\jre\lib\ext\localedata.jar;C:\Program Files\Java\jdk1.8.0_91\jre\lib\ext\nashorn.jar;C:\Program Files\Java\jdk1.8.0_91\jre\lib\ext\sunec.jar;C:\Program Files\Java\jdk1.8.0_91\jre\lib\ext\sunjce_provider.jar;C:\Program Files\Java\jdk1.8.0_91\jre\lib\ext\sunmscapi.jar;C:\Program Files\Java\jdk1.8.0_91\jre\lib\ext\sunpkcs11.jar;C:\Program Files\Java\jdk1.8.0_91\jre\lib\ext\zipfs.jar;C:\Program Files\Java\jdk1.8.0_91\jre\lib\javaws.jar;C:\Program Files\Java\jdk1.8.0_91\jre\lib\jce.jar;C:\Program Files\Java\jdk1.8.0_91\jre\lib\jfr.jar;C:\Program Files\Java\jdk1.8.0_91\jre\lib\jfxswt.jar;C:\Program Files\Java\jdk1.8.0_91\jre\lib\jsse.jar;C:\Program Files\Java\jdk1.8.0_91\jre\lib\management-agent.jar;C:\Program Files\Java\jdk1.8.0_91\jre\lib\plugin.jar;C:\Program Files\Java\jdk1.8.0_91\jre\lib\resources.jar;C:\Program Files\Java\jdk1.8.0_91\jre\lib\rt.jar;D:\User\workspace\springboot-maven-hf\jvm-actual\target\classes;D:\m2\repository\org\springframework\boot\spring-boot-starter-web\2.3.5.RELEASE\spring-boot-starter-web-2.3.5.RELEASE.jar;D:\m2\repository\org\springframework\boot\spring-boot-starter\2.3.5.RELEASE\spring-boot-starter-2.3.5.RELEASE.jar;D:\m2\repository\org\springframework\boot\spring-boot\2.3.5.RELEASE\spring-boot-2.3.5.RELEASE.jar;D:\m2\repository\org\springframework\boot\spring-boot-autoconfigure\2.3.5.RELEASE\spring-boot-autoconfigure-2.3.5.RELEASE.jar;D:\m2\repository\org\springframework\boot\spring-boot-starter-logging\2.3.5.RELEASE\spring-boot-starter-logging-2.3.5.RELEASE.jar;D:\m2\repository\ch\qos\logback\logback-classic\1.2.3\logback-classic-1.2.3.jar;D:\m2\repository\ch\qos\logback\logback-core\1.2.3\logback-core-1.2.3.jar;D:\m2\repository\org\apache\logging\log4j\log4j-to-slf4j\2.13.3\log4j-to-slf4j-2.13.3.jar;D:\m2\repository\org\apache\logging\log4j\log4j-api\2.13.3\log4j-api-2.13.3.jar;D:\m2\repository\org\slf4j\jul-to-slf4j\1.7.30\jul-to-slf4j-1.7.30.jar;D:\m2\repository\jakarta\annotation\jakarta.annotation-api\1.3.5\jakarta.annotation-api-1.3.5.jar;D:\m2\repository\org\yaml\snakeyaml\1.26\snakeyaml-1.26.jar;D:\m2\repository\org\springframework\boot\spring-boot-starter-json\2.3.5.RELEASE\spring-boot-starter-json-2.3.5.RELEASE.jar;D:\m2\repository\com\fasterxml\jackson\core\jackson-databind\2.11.3\jackson-databind-2.11.3.jar;D:\m2\repository\com\fasterxml\jackson\core\jackson-annotations\2.11.3\jackson-annotations-2.11.3.jar;D:\m2\repository\com\fasterxml\jackson\core\jackson-core\2.11.3\jackson-core-2.11.3.jar;D:\m2\repository\com\fasterxml\jackson\datatype\jackson-datatype-jdk8\2.11.3\jackson-datatype-jdk8-2.11.3.jar;D:\m2\repository\com\fasterxml\jackson\datatype\jackson-datatype-jsr310\2.11.3\jackson-datatype-jsr310-2.11.3.jar;D:\m2\repository\com\fasterxml\jackson\module\jackson-module-parameter-names\2.11.3\jackson-module-parameter-names-2.11.3.jar;D:\m2\repository\org\springframework\boot\spring-boot-starter-tomcat\2.3.5.RELEASE\spring-boot-starter-tomcat-2.3.5.RELEASE.jar;D:\m2\repository\org\apache\tomcat\embed\tomcat-embed-core\9.0.39\tomcat-embed-core-9.0.39.jar;D:\m2\repository\org\glassfish\jakarta.el\3.0.3\jakarta.el-3.0.3.jar;D:\m2\repository\org\apache\tomcat\embed\tomcat-embed-websocket\9.0.39\tomcat-embed-websocket-9.0.39.jar;D:\m2\repository\org\springframework\spring-web\5.2.10.RELEASE\spring-web-5.2.10.RELEASE.jar;D:\m2\repository\org\springframework\spring-beans\5.2.10.RELEASE\spring-beans-5.2.10.RELEASE.jar;D:\m2\repository\org\springframework\spring-webmvc\5.2.10.RELEASE\spring-webmvc-5.2.10.RELEASE.jar;D:\m2\repository\org\springframework\spring-aop\5.2.10.RELEASE\spring-aop-5.2.10.RELEASE.jar;D:\m2\repository\org\springframework\spring-context\5.2.10.RELEASE\spring-context-5.2.10.RELEASE.jar;D:\m2\repository\org\springframework\spring-expression\5.2.10.RELEASE\spring-expression-5.2.10.RELEASE.jar;D:\m2\repository\org\slf4j\slf4j-api\1.7.30\slf4j-api-1.7.30.jar;D:\m2\repository\org\springframework\spring-core\5.2.10.RELEASE\spring-core-5.2.10.RELEASE.jar;D:\m2\repository\org\springframework\spring-jcl\5.2.10.RELEASE\spring-jcl-5.2.10.RELEASE.jar;D:\m2\repository\io\netty\netty-all\4.1.51.Final\netty-all-4.1.51.Final.jar;D:\m2\repository\org\apache\httpcomponents\httpasyncclient\4.1.4\httpasyncclient-4.1.4.jar;D:\m2\repository\org\apache\httpcomponents\httpcore\4.4.13\httpcore-4.4.13.jar;D:\m2\repository\org\apache\httpcomponents\httpcore-nio\4.4.13\httpcore-nio-4.4.13.jar;D:\m2\repository\org\apache\httpcomponents\httpclient\4.5.13\httpclient-4.5.13.jar;D:\m2\repository\commons-codec\commons-codec\1.14\commons-codec-1.14.jar;D:\Program Files\JetBrains\IntelliJ IDEA Community Edition 2018.2\lib\idea_rt.jar" com.hf.job03.GCLogAnalysis
Connected to the target VM, address: '127.0.0.1:54943', transport: 'socket'
正在执行...
2021-01-21T16:08:58.181+0800: [GC pause (G1 Evacuation Pause) (young) 30M->10225K(252M), 0.0025533 secs]
2021-01-21T16:08:58.190+0800: [GC pause (G1 Evacuation Pause) (young) 42M->22M(252M), 0.0029800 secs]
2021-01-21T16:08:58.210+0800: [GC pause (G1 Evacuation Pause) (young) 70M->38M(252M), 0.0046054 secs]
2021-01-21T16:08:58.239+0800: [GC pause (G1 Evacuation Pause) (young) 118M->68M(252M), 0.0063455 secs]
2021-01-21T16:08:58.270+0800: [GC pause (G1 Evacuation Pause) (young) 165M->100M(252M), 0.0078949 secs]
2021-01-21T16:08:58.281+0800: [GC pause (G1 Humongous Allocation) (young) (initial-mark) 119M->107M(252M), 0.0022942 secs]
2021-01-21T16:08:58.283+0800: [GC concurrent-root-region-scan-start]
2021-01-21T16:08:58.283+0800: [GC concurrent-root-region-scan-end, 0.0001342 secs]
2021-01-21T16:08:58.283+0800: [GC concurrent-mark-start]
2021-01-21T16:08:58.285+0800: [GC concurrent-mark-end, 0.0014460 secs]
2021-01-21T16:08:58.285+0800: [GC remark, 0.0011386 secs]
2021-01-21T16:08:58.286+0800: [GC cleanup 116M->116M(252M), 0.0003717 secs]
2021-01-21T16:08:58.305+0800: [GC pause (G1 Evacuation Pause) (young) 202M->144M(263M), 0.0050927 secs]
2021-01-21T16:08:58.310+0800: [GC pause (G1 Humongous Allocation) (young) (initial-mark) 145M->143M(263M), 0.0016846 secs]
2021-01-21T16:08:58.312+0800: [GC concurrent-root-region-scan-start]
2021-01-21T16:08:58.312+0800: [GC concurrent-root-region-scan-end, 0.0000267 secs]
2021-01-21T16:08:58.312+0800: [GC concurrent-mark-start]
2021-01-21T16:08:58.314+0800: [GC concurrent-mark-end, 0.0016583 secs]
2021-01-21T16:08:58.314+0800: [GC remark, 0.0013689 secs]
2021-01-21T16:08:58.315+0800: [GC cleanup 154M->154M(263M), 0.0004148 secs]
2021-01-21T16:08:58.325+0800: [GC pause (G1 Evacuation Pause) (young) 213M->167M(263M), 0.0025811 secs]
2021-01-21T16:08:58.329+0800: [GC pause (G1 Evacuation Pause) (mixed) 175M->160M(263M), 0.0021904 secs]
2021-01-21T16:08:58.332+0800: [GC pause (G1 Humongous Allocation) (young) (initial-mark) 164M->160M(263M), 0.0007767 secs]
2021-01-21T16:08:58.333+0800: [GC concurrent-root-region-scan-start]
2021-01-21T16:08:58.333+0800: [GC concurrent-root-region-scan-end, 0.0000930 secs]
2021-01-21T16:08:58.333+0800: [GC concurrent-mark-start]
2021-01-21T16:08:58.334+0800: [GC concurrent-mark-end, 0.0010214 secs]
2021-01-21T16:08:58.334+0800: [GC remark, 0.0011541 secs]
2021-01-21T16:08:58.336+0800: [GC cleanup 169M->169M(263M), 0.0003753 secs]
2021-01-21T16:08:58.343+0800: [GC pause (G1 Evacuation Pause) (young) 207M->177M(526M), 0.0066257 secs]
2021-01-21T16:08:58.400+0800: [GC pause (G1 Humongous Allocation) (young) (initial-mark) 300M->209M(831M), 0.0132554 secs]
2021-01-21T16:08:58.413+0800: [GC concurrent-root-region-scan-start]
2021-01-21T16:08:58.413+0800: [GC concurrent-root-region-scan-end, 0.0001301 secs]
2021-01-21T16:08:58.413+0800: [GC concurrent-mark-start]
2021-01-21T16:08:58.415+0800: [GC concurrent-mark-end, 0.0016239 secs]
2021-01-21T16:08:58.415+0800: [GC remark, 0.0019827 secs]
2021-01-21T16:08:58.417+0800: [GC cleanup 214M->214M(831M), 0.0007546 secs]
2021-01-21T16:08:58.626+0800: [GC pause (G1 Evacuation Pause) (young) 668M->326M(1105M), 0.0287552 secs]
2021-01-21T16:08:58.812+0800: [GC pause (G1 Humongous Allocation) (young) (initial-mark) 856M->433M(1294M), 0.0181019 secs]
2021-01-21T16:08:58.830+0800: [GC concurrent-root-region-scan-start]
2021-01-21T16:08:58.830+0800: [GC concurrent-root-region-scan-end, 0.0001367 secs]
2021-01-21T16:08:58.830+0800: [GC concurrent-mark-start]
2021-01-21T16:08:58.832+0800: [GC concurrent-mark-end, 0.0015715 secs]
2021-01-21T16:08:58.832+0800: [GC remark, 0.0015612 secs]
2021-01-21T16:08:58.833+0800: [GC cleanup 439M->422M(1294M), 0.0007330 secs]
2021-01-21T16:08:58.834+0800: [GC concurrent-cleanup-start]
2021-01-21T16:08:58.834+0800: [GC concurrent-cleanup-end, 0.0000252 secs]
2021-01-21T16:08:59.020+0800: [GC pause (G1 Evacuation Pause) (young) 994M->523M(1445M), 0.0198857 secs]
2021-01-21T16:08:59.043+0800: [GC pause (G1 Evacuation Pause) (mixed) 528M->478M(1566M), 0.0119122 secs]
执行结束!共生成对象次数:8483
Disconnected from the target VM, address: '127.0.0.1:54943', transport: 'socket'

Process finished with exit code 0
