"C:\Program Files\Java\jdk1.8.0_91\bin\java.exe" -agentlib:jdwp=transport=dt_socket,address=127.0.0.1:56277,suspend=y,server=n -Xmx2048m -XX:+UseParallelGC -XX:+PrintGCDetails -XX:+PrintGCDateStamps -javaagent:C:\Users\hfzhang\.IdeaIC2018.2\system\captureAgent\debugger-agent.jar=file:/C:/Users/hfzhang/AppData/Local/Temp/capture.props -Dfile.encoding=UTF-8 -classpath "C:\Program Files\Java\jdk1.8.0_91\jre\lib\charsets.jar;C:\Program Files\Java\jdk1.8.0_91\jre\lib\deploy.jar;C:\Program Files\Java\jdk1.8.0_91\jre\lib\ext\access-bridge-64.jar;C:\Program Files\Java\jdk1.8.0_91\jre\lib\ext\cldrdata.jar;C:\Program Files\Java\jdk1.8.0_91\jre\lib\ext\dnsns.jar;C:\Program Files\Java\jdk1.8.0_91\jre\lib\ext\jaccess.jar;C:\Program Files\Java\jdk1.8.0_91\jre\lib\ext\jfxrt.jar;C:\Program Files\Java\jdk1.8.0_91\jre\lib\ext\localedata.jar;C:\Program Files\Java\jdk1.8.0_91\jre\lib\ext\nashorn.jar;C:\Program Files\Java\jdk1.8.0_91\jre\lib\ext\sunec.jar;C:\Program Files\Java\jdk1.8.0_91\jre\lib\ext\sunjce_provider.jar;C:\Program Files\Java\jdk1.8.0_91\jre\lib\ext\sunmscapi.jar;C:\Program Files\Java\jdk1.8.0_91\jre\lib\ext\sunpkcs11.jar;C:\Program Files\Java\jdk1.8.0_91\jre\lib\ext\zipfs.jar;C:\Program Files\Java\jdk1.8.0_91\jre\lib\javaws.jar;C:\Program Files\Java\jdk1.8.0_91\jre\lib\jce.jar;C:\Program Files\Java\jdk1.8.0_91\jre\lib\jfr.jar;C:\Program Files\Java\jdk1.8.0_91\jre\lib\jfxswt.jar;C:\Program Files\Java\jdk1.8.0_91\jre\lib\jsse.jar;C:\Program Files\Java\jdk1.8.0_91\jre\lib\management-agent.jar;C:\Program Files\Java\jdk1.8.0_91\jre\lib\plugin.jar;C:\Program Files\Java\jdk1.8.0_91\jre\lib\resources.jar;C:\Program Files\Java\jdk1.8.0_91\jre\lib\rt.jar;D:\User\workspace\springboot-maven-hf\jvm-actual\target\classes;D:\m2\repository\org\springframework\boot\spring-boot-starter-web\2.3.5.RELEASE\spring-boot-starter-web-2.3.5.RELEASE.jar;D:\m2\repository\org\springframework\boot\spring-boot-starter\2.3.5.RELEASE\spring-boot-starter-2.3.5.RELEASE.jar;D:\m2\repository\org\springframework\boot\spring-boot\2.3.5.RELEASE\spring-boot-2.3.5.RELEASE.jar;D:\m2\repository\org\springframework\boot\spring-boot-autoconfigure\2.3.5.RELEASE\spring-boot-autoconfigure-2.3.5.RELEASE.jar;D:\m2\repository\org\springframework\boot\spring-boot-starter-logging\2.3.5.RELEASE\spring-boot-starter-logging-2.3.5.RELEASE.jar;D:\m2\repository\ch\qos\logback\logback-classic\1.2.3\logback-classic-1.2.3.jar;D:\m2\repository\ch\qos\logback\logback-core\1.2.3\logback-core-1.2.3.jar;D:\m2\repository\org\apache\logging\log4j\log4j-to-slf4j\2.13.3\log4j-to-slf4j-2.13.3.jar;D:\m2\repository\org\apache\logging\log4j\log4j-api\2.13.3\log4j-api-2.13.3.jar;D:\m2\repository\org\slf4j\jul-to-slf4j\1.7.30\jul-to-slf4j-1.7.30.jar;D:\m2\repository\jakarta\annotation\jakarta.annotation-api\1.3.5\jakarta.annotation-api-1.3.5.jar;D:\m2\repository\org\yaml\snakeyaml\1.26\snakeyaml-1.26.jar;D:\m2\repository\org\springframework\boot\spring-boot-starter-json\2.3.5.RELEASE\spring-boot-starter-json-2.3.5.RELEASE.jar;D:\m2\repository\com\fasterxml\jackson\core\jackson-databind\2.11.3\jackson-databind-2.11.3.jar;D:\m2\repository\com\fasterxml\jackson\core\jackson-annotations\2.11.3\jackson-annotations-2.11.3.jar;D:\m2\repository\com\fasterxml\jackson\core\jackson-core\2.11.3\jackson-core-2.11.3.jar;D:\m2\repository\com\fasterxml\jackson\datatype\jackson-datatype-jdk8\2.11.3\jackson-datatype-jdk8-2.11.3.jar;D:\m2\repository\com\fasterxml\jackson\datatype\jackson-datatype-jsr310\2.11.3\jackson-datatype-jsr310-2.11.3.jar;D:\m2\repository\com\fasterxml\jackson\module\jackson-module-parameter-names\2.11.3\jackson-module-parameter-names-2.11.3.jar;D:\m2\repository\org\springframework\boot\spring-boot-starter-tomcat\2.3.5.RELEASE\spring-boot-starter-tomcat-2.3.5.RELEASE.jar;D:\m2\repository\org\apache\tomcat\embed\tomcat-embed-core\9.0.39\tomcat-embed-core-9.0.39.jar;D:\m2\repository\org\glassfish\jakarta.el\3.0.3\jakarta.el-3.0.3.jar;D:\m2\repository\org\apache\tomcat\embed\tomcat-embed-websocket\9.0.39\tomcat-embed-websocket-9.0.39.jar;D:\m2\repository\org\springframework\spring-web\5.2.10.RELEASE\spring-web-5.2.10.RELEASE.jar;D:\m2\repository\org\springframework\spring-beans\5.2.10.RELEASE\spring-beans-5.2.10.RELEASE.jar;D:\m2\repository\org\springframework\spring-webmvc\5.2.10.RELEASE\spring-webmvc-5.2.10.RELEASE.jar;D:\m2\repository\org\springframework\spring-aop\5.2.10.RELEASE\spring-aop-5.2.10.RELEASE.jar;D:\m2\repository\org\springframework\spring-context\5.2.10.RELEASE\spring-context-5.2.10.RELEASE.jar;D:\m2\repository\org\springframework\spring-expression\5.2.10.RELEASE\spring-expression-5.2.10.RELEASE.jar;D:\m2\repository\org\slf4j\slf4j-api\1.7.30\slf4j-api-1.7.30.jar;D:\m2\repository\org\springframework\spring-core\5.2.10.RELEASE\spring-core-5.2.10.RELEASE.jar;D:\m2\repository\org\springframework\spring-jcl\5.2.10.RELEASE\spring-jcl-5.2.10.RELEASE.jar;D:\m2\repository\io\netty\netty-all\4.1.51.Final\netty-all-4.1.51.Final.jar;D:\m2\repository\org\apache\httpcomponents\httpasyncclient\4.1.4\httpasyncclient-4.1.4.jar;D:\m2\repository\org\apache\httpcomponents\httpcore\4.4.13\httpcore-4.4.13.jar;D:\m2\repository\org\apache\httpcomponents\httpcore-nio\4.4.13\httpcore-nio-4.4.13.jar;D:\m2\repository\org\apache\httpcomponents\httpclient\4.5.13\httpclient-4.5.13.jar;D:\m2\repository\commons-codec\commons-codec\1.14\commons-codec-1.14.jar;D:\Program Files\JetBrains\IntelliJ IDEA Community Edition 2018.2\lib\idea_rt.jar" com.hf.job03.GCLogAnalysis
Connected to the target VM, address: '127.0.0.1:56277', transport: 'socket'
正在执行...
2021-01-21T16:19:43.071+0800: [GC (Allocation Failure) [PSYoungGen: 64349K->10744K(75264K)] 64349K->20580K(247296K), 0.0055451 secs] [Times: user=0.05 sys=0.03, real=0.00 secs] 
2021-01-21T16:19:43.092+0800: [GC (Allocation Failure) [PSYoungGen: 75256K->10743K(139776K)] 85092K->39060K(311808K), 0.0069490 secs] [Times: user=0.00 sys=0.00, real=0.01 secs] 
2021-01-21T16:19:43.133+0800: [GC (Allocation Failure) [PSYoungGen: 139528K->10749K(139776K)] 167845K->85064K(311808K), 0.0127357 secs] [Times: user=0.05 sys=0.06, real=0.01 secs] 
2021-01-21T16:19:43.162+0800: [GC (Allocation Failure) [PSYoungGen: 139773K->10737K(268800K)] 214088K->129860K(440832K), 0.0132282 secs] [Times: user=0.02 sys=0.08, real=0.01 secs] 
2021-01-21T16:19:43.176+0800: [Full GC (Ergonomics) [PSYoungGen: 10737K->0K(268800K)] [ParOldGen: 119122K->116816K(248832K)] 129860K->116816K(517632K), [Metaspace: 3212K->3212K(1056768K)], 0.0167191 secs] [Times: user=0.08 sys=0.00, real=0.02 secs] 
2021-01-21T16:19:43.269+0800: [GC (Allocation Failure) [PSYoungGen: 258048K->10736K(268800K)] 374864K->197370K(517632K), 0.0207807 secs] [Times: user=0.03 sys=0.06, real=0.02 secs] 
2021-01-21T16:19:43.290+0800: [Full GC (Ergonomics) [PSYoungGen: 10736K->0K(268800K)] [ParOldGen: 186634K->169745K(345600K)] 197370K->169745K(614400K), [Metaspace: 3212K->3212K(1056768K)], 0.0221548 secs] [Times: user=0.11 sys=0.00, real=0.02 secs] 
2021-01-21T16:19:43.346+0800: [GC (Allocation Failure) [PSYoungGen: 257857K->76616K(512512K)] 427602K->246361K(858112K), 0.0171761 secs] [Times: user=0.02 sys=0.09, real=0.02 secs] 
2021-01-21T16:19:43.477+0800: [GC (Allocation Failure) [PSYoungGen: 512328K->101366K(555008K)] 682073K->337777K(900608K), 0.0379512 secs] [Times: user=0.11 sys=0.17, real=0.04 secs] 
2021-01-21T16:19:43.589+0800: [GC (Allocation Failure) [PSYoungGen: 554998K->143861K(442368K)] 791409K->437902K(787968K), 0.0359114 secs] [Times: user=0.01 sys=0.20, real=0.04 secs] 
2021-01-21T16:19:43.625+0800: [Full GC (Ergonomics) [PSYoungGen: 143861K->0K(442368K)] [ParOldGen: 294041K->301304K(502784K)] 437902K->301304K(945152K), [Metaspace: 3212K->3212K(1056768K)], 0.0382868 secs] [Times: user=0.25 sys=0.00, real=0.04 secs] 
2021-01-21T16:19:43.701+0800: [GC (Allocation Failure) [PSYoungGen: 298496K->88616K(498688K)] 599800K->389920K(1001472K), 0.0096164 secs] [Times: user=0.00 sys=0.00, real=0.01 secs] 
2021-01-21T16:19:43.754+0800: [GC (Allocation Failure) [PSYoungGen: 387112K->156565K(478208K)] 688416K->457869K(980992K), 0.0172887 secs] [Times: user=0.09 sys=0.00, real=0.02 secs] 
2021-01-21T16:19:43.817+0800: [GC (Allocation Failure) [PSYoungGen: 445845K->91553K(494080K)] 747149K->511838K(996864K), 0.0334264 secs] [Times: user=0.11 sys=0.06, real=0.03 secs] 
2021-01-21T16:19:43.850+0800: [Full GC (Ergonomics) [PSYoungGen: 91553K->0K(494080K)] [ParOldGen: 420284K->345487K(587264K)] 511838K->345487K(1081344K), [Metaspace: 3212K->3212K(1056768K)], 0.0438566 secs] [Times: user=0.31 sys=0.00, real=0.04 secs] 
2021-01-21T16:19:43.938+0800: [GC (Allocation Failure) [PSYoungGen: 289280K->91450K(468480K)] 634767K->436937K(1055744K), 0.0136384 secs] [Times: user=0.09 sys=0.00, real=0.01 secs] 
2021-01-21T16:19:43.999+0800: [GC (Allocation Failure) [PSYoungGen: 391482K->84764K(483840K)] 736969K->501250K(1071104K), 0.0178794 secs] [Times: user=0.08 sys=0.00, real=0.02 secs] 
Disconnected from the target VM, address: '127.0.0.1:56277', transport: 'socket'
执行结束!共生成对象次数:12303
Heap
 PSYoungGen      total 483840K, used 117102K [0x00000000d5580000, 0x0000000100000000, 0x0000000100000000)
  eden space 300032K, 10% used [0x00000000d5580000,0x00000000d7514800,0x00000000e7a80000)
  from space 183808K, 46% used [0x00000000e7a80000,0x00000000ecd471e8,0x00000000f2e00000)
  to   space 176128K, 0% used [0x00000000f5400000,0x00000000f5400000,0x0000000100000000)
 ParOldGen       total 587264K, used 416485K [0x0000000080000000, 0x00000000a3d80000, 0x00000000d5580000)
  object space 587264K, 70% used [0x0000000080000000,0x00000000996b9788,0x00000000a3d80000)
 Metaspace       used 3219K, capacity 4568K, committed 4864K, reserved 1056768K
  class space    used 344K, capacity 392K, committed 512K, reserved 1048576K

Process finished with exit code 0
