"C:\Program Files\Java\jdk1.8.0_91\bin\java.exe" -agentlib:jdwp=transport=dt_socket,address=127.0.0.1:56233,suspend=y,server=n -Xmx1024m -XX:+UseParallelGC -XX:+PrintGCDetails -XX:+PrintGCDateStamps -javaagent:C:\Users\hfzhang\.IdeaIC2018.2\system\captureAgent\debugger-agent.jar=file:/C:/Users/hfzhang/AppData/Local/Temp/capture.props -Dfile.encoding=UTF-8 -classpath "C:\Program Files\Java\jdk1.8.0_91\jre\lib\charsets.jar;C:\Program Files\Java\jdk1.8.0_91\jre\lib\deploy.jar;C:\Program Files\Java\jdk1.8.0_91\jre\lib\ext\access-bridge-64.jar;C:\Program Files\Java\jdk1.8.0_91\jre\lib\ext\cldrdata.jar;C:\Program Files\Java\jdk1.8.0_91\jre\lib\ext\dnsns.jar;C:\Program Files\Java\jdk1.8.0_91\jre\lib\ext\jaccess.jar;C:\Program Files\Java\jdk1.8.0_91\jre\lib\ext\jfxrt.jar;C:\Program Files\Java\jdk1.8.0_91\jre\lib\ext\localedata.jar;C:\Program Files\Java\jdk1.8.0_91\jre\lib\ext\nashorn.jar;C:\Program Files\Java\jdk1.8.0_91\jre\lib\ext\sunec.jar;C:\Program Files\Java\jdk1.8.0_91\jre\lib\ext\sunjce_provider.jar;C:\Program Files\Java\jdk1.8.0_91\jre\lib\ext\sunmscapi.jar;C:\Program Files\Java\jdk1.8.0_91\jre\lib\ext\sunpkcs11.jar;C:\Program Files\Java\jdk1.8.0_91\jre\lib\ext\zipfs.jar;C:\Program Files\Java\jdk1.8.0_91\jre\lib\javaws.jar;C:\Program Files\Java\jdk1.8.0_91\jre\lib\jce.jar;C:\Program Files\Java\jdk1.8.0_91\jre\lib\jfr.jar;C:\Program Files\Java\jdk1.8.0_91\jre\lib\jfxswt.jar;C:\Program Files\Java\jdk1.8.0_91\jre\lib\jsse.jar;C:\Program Files\Java\jdk1.8.0_91\jre\lib\management-agent.jar;C:\Program Files\Java\jdk1.8.0_91\jre\lib\plugin.jar;C:\Program Files\Java\jdk1.8.0_91\jre\lib\resources.jar;C:\Program Files\Java\jdk1.8.0_91\jre\lib\rt.jar;D:\User\workspace\springboot-maven-hf\jvm-actual\target\classes;D:\m2\repository\org\springframework\boot\spring-boot-starter-web\2.3.5.RELEASE\spring-boot-starter-web-2.3.5.RELEASE.jar;D:\m2\repository\org\springframework\boot\spring-boot-starter\2.3.5.RELEASE\spring-boot-starter-2.3.5.RELEASE.jar;D:\m2\repository\org\springframework\boot\spring-boot\2.3.5.RELEASE\spring-boot-2.3.5.RELEASE.jar;D:\m2\repository\org\springframework\boot\spring-boot-autoconfigure\2.3.5.RELEASE\spring-boot-autoconfigure-2.3.5.RELEASE.jar;D:\m2\repository\org\springframework\boot\spring-boot-starter-logging\2.3.5.RELEASE\spring-boot-starter-logging-2.3.5.RELEASE.jar;D:\m2\repository\ch\qos\logback\logback-classic\1.2.3\logback-classic-1.2.3.jar;D:\m2\repository\ch\qos\logback\logback-core\1.2.3\logback-core-1.2.3.jar;D:\m2\repository\org\apache\logging\log4j\log4j-to-slf4j\2.13.3\log4j-to-slf4j-2.13.3.jar;D:\m2\repository\org\apache\logging\log4j\log4j-api\2.13.3\log4j-api-2.13.3.jar;D:\m2\repository\org\slf4j\jul-to-slf4j\1.7.30\jul-to-slf4j-1.7.30.jar;D:\m2\repository\jakarta\annotation\jakarta.annotation-api\1.3.5\jakarta.annotation-api-1.3.5.jar;D:\m2\repository\org\yaml\snakeyaml\1.26\snakeyaml-1.26.jar;D:\m2\repository\org\springframework\boot\spring-boot-starter-json\2.3.5.RELEASE\spring-boot-starter-json-2.3.5.RELEASE.jar;D:\m2\repository\com\fasterxml\jackson\core\jackson-databind\2.11.3\jackson-databind-2.11.3.jar;D:\m2\repository\com\fasterxml\jackson\core\jackson-annotations\2.11.3\jackson-annotations-2.11.3.jar;D:\m2\repository\com\fasterxml\jackson\core\jackson-core\2.11.3\jackson-core-2.11.3.jar;D:\m2\repository\com\fasterxml\jackson\datatype\jackson-datatype-jdk8\2.11.3\jackson-datatype-jdk8-2.11.3.jar;D:\m2\repository\com\fasterxml\jackson\datatype\jackson-datatype-jsr310\2.11.3\jackson-datatype-jsr310-2.11.3.jar;D:\m2\repository\com\fasterxml\jackson\module\jackson-module-parameter-names\2.11.3\jackson-module-parameter-names-2.11.3.jar;D:\m2\repository\org\springframework\boot\spring-boot-starter-tomcat\2.3.5.RELEASE\spring-boot-starter-tomcat-2.3.5.RELEASE.jar;D:\m2\repository\org\apache\tomcat\embed\tomcat-embed-core\9.0.39\tomcat-embed-core-9.0.39.jar;D:\m2\repository\org\glassfish\jakarta.el\3.0.3\jakarta.el-3.0.3.jar;D:\m2\repository\org\apache\tomcat\embed\tomcat-embed-websocket\9.0.39\tomcat-embed-websocket-9.0.39.jar;D:\m2\repository\org\springframework\spring-web\5.2.10.RELEASE\spring-web-5.2.10.RELEASE.jar;D:\m2\repository\org\springframework\spring-beans\5.2.10.RELEASE\spring-beans-5.2.10.RELEASE.jar;D:\m2\repository\org\springframework\spring-webmvc\5.2.10.RELEASE\spring-webmvc-5.2.10.RELEASE.jar;D:\m2\repository\org\springframework\spring-aop\5.2.10.RELEASE\spring-aop-5.2.10.RELEASE.jar;D:\m2\repository\org\springframework\spring-context\5.2.10.RELEASE\spring-context-5.2.10.RELEASE.jar;D:\m2\repository\org\springframework\spring-expression\5.2.10.RELEASE\spring-expression-5.2.10.RELEASE.jar;D:\m2\repository\org\slf4j\slf4j-api\1.7.30\slf4j-api-1.7.30.jar;D:\m2\repository\org\springframework\spring-core\5.2.10.RELEASE\spring-core-5.2.10.RELEASE.jar;D:\m2\repository\org\springframework\spring-jcl\5.2.10.RELEASE\spring-jcl-5.2.10.RELEASE.jar;D:\m2\repository\io\netty\netty-all\4.1.51.Final\netty-all-4.1.51.Final.jar;D:\m2\repository\org\apache\httpcomponents\httpasyncclient\4.1.4\httpasyncclient-4.1.4.jar;D:\m2\repository\org\apache\httpcomponents\httpcore\4.4.13\httpcore-4.4.13.jar;D:\m2\repository\org\apache\httpcomponents\httpcore-nio\4.4.13\httpcore-nio-4.4.13.jar;D:\m2\repository\org\apache\httpcomponents\httpclient\4.5.13\httpclient-4.5.13.jar;D:\m2\repository\commons-codec\commons-codec\1.14\commons-codec-1.14.jar;D:\Program Files\JetBrains\IntelliJ IDEA Community Edition 2018.2\lib\idea_rt.jar" com.hf.job03.GCLogAnalysis
Connected to the target VM, address: '127.0.0.1:56233', transport: 'socket'
正在执行...
2021-01-21T16:19:23.218+0800: [GC (Allocation Failure) [PSYoungGen: 64447K->10748K(75264K)] 64447K->23720K(247296K), 0.0069608 secs] [Times: user=0.00 sys=0.00, real=0.01 secs] 
2021-01-21T16:19:23.240+0800: [GC (Allocation Failure) [PSYoungGen: 75260K->10740K(139776K)] 88232K->46475K(311808K), 0.0075181 secs] [Times: user=0.02 sys=0.06, real=0.01 secs] 
2021-01-21T16:19:23.284+0800: [GC (Allocation Failure) [PSYoungGen: 139764K->10748K(139776K)] 175499K->91322K(311808K), 0.0131480 secs] [Times: user=0.00 sys=0.11, real=0.01 secs] 
2021-01-21T16:19:23.315+0800: [GC (Allocation Failure) [PSYoungGen: 139772K->10746K(268800K)] 220346K->131690K(440832K), 0.0110943 secs] [Times: user=0.02 sys=0.09, real=0.01 secs] 
2021-01-21T16:19:23.326+0800: [Full GC (Ergonomics) [PSYoungGen: 10746K->0K(268800K)] [ParOldGen: 120943K->120340K(247808K)] 131690K->120340K(516608K), [Metaspace: 3212K->3212K(1056768K)], 0.0175606 secs] [Times: user=0.06 sys=0.01, real=0.02 secs] 
2021-01-21T16:19:23.423+0800: [GC (Allocation Failure) [PSYoungGen: 258048K->10738K(268800K)] 378388K->203928K(516608K), 0.0188730 secs] [Times: user=0.00 sys=0.09, real=0.02 secs] 
2021-01-21T16:19:23.442+0800: [Full GC (Ergonomics) [PSYoungGen: 10738K->0K(268800K)] [ParOldGen: 193190K->176214K(353792K)] 203928K->176214K(622592K), [Metaspace: 3213K->3213K(1056768K)], 0.0282417 secs] [Times: user=0.13 sys=0.02, real=0.03 secs] 
2021-01-21T16:19:23.505+0800: [GC (Allocation Failure) [PSYoungGen: 258048K->80352K(227840K)] 434262K->256901K(581632K), 0.0177658 secs] [Times: user=0.03 sys=0.09, real=0.02 secs] 
2021-01-21T16:19:23.542+0800: [GC (Allocation Failure) [PSYoungGen: 227808K->100857K(248320K)] 404357K->301649K(602112K), 0.0138630 secs] [Times: user=0.00 sys=0.00, real=0.01 secs] 
2021-01-21T16:19:23.577+0800: [GC (Allocation Failure) [PSYoungGen: 248313K->100858K(217600K)] 449105K->342971K(571392K), 0.0196796 secs] [Times: user=0.08 sys=0.03, real=0.02 secs] 
2021-01-21T16:19:23.613+0800: [GC (Allocation Failure) [PSYoungGen: 216939K->93536K(232960K)] 459052K->371029K(586752K), 0.0146732 secs] [Times: user=0.11 sys=0.00, real=0.01 secs] 
2021-01-21T16:19:23.646+0800: [GC (Allocation Failure) [PSYoungGen: 210272K->73649K(232960K)] 487765K->401312K(586752K), 0.0177508 secs] [Times: user=0.06 sys=0.03, real=0.02 secs] 
2021-01-21T16:19:23.663+0800: [Full GC (Ergonomics) [PSYoungGen: 73649K->0K(232960K)] [ParOldGen: 327662K->289859K(478720K)] 401312K->289859K(711680K), [Metaspace: 3213K->3213K(1056768K)], 0.0378144 secs] [Times: user=0.22 sys=0.00, real=0.04 secs] 
2021-01-21T16:19:23.717+0800: [GC (Allocation Failure) [PSYoungGen: 116736K->39363K(232960K)] 406595K->329223K(711680K), 0.0054546 secs] [Times: user=0.00 sys=0.00, real=0.00 secs] 
2021-01-21T16:19:23.746+0800: [GC (Allocation Failure) [PSYoungGen: 156099K->39040K(232960K)] 445959K->363160K(711680K), 0.0111550 secs] [Times: user=0.00 sys=0.00, real=0.01 secs] 
2021-01-21T16:19:23.775+0800: [GC (Allocation Failure) [PSYoungGen: 155507K->40482K(232960K)] 479627K->399115K(711680K), 0.0102446 secs] [Times: user=0.00 sys=0.00, real=0.01 secs] 
2021-01-21T16:19:23.804+0800: [GC (Allocation Failure) [PSYoungGen: 156762K->38119K(232960K)] 515394K->434384K(711680K), 0.0104847 secs] [Times: user=0.05 sys=0.06, real=0.01 secs] 
2021-01-21T16:19:23.831+0800: [GC (Allocation Failure) [PSYoungGen: 154742K->42471K(232960K)] 551007K->473162K(711680K), 0.0121646 secs] [Times: user=0.06 sys=0.03, real=0.01 secs] 
2021-01-21T16:19:23.843+0800: [Full GC (Ergonomics) [PSYoungGen: 42471K->0K(232960K)] [ParOldGen: 430691K->330537K(528384K)] 473162K->330537K(761344K), [Metaspace: 3213K->3213K(1056768K)], 0.0438386 secs] [Times: user=0.26 sys=0.01, real=0.05 secs] 
2021-01-21T16:19:23.908+0800: [GC (Allocation Failure) [PSYoungGen: 116378K->36880K(232960K)] 446916K->367418K(761344K), 0.0045607 secs] [Times: user=0.00 sys=0.00, real=0.01 secs] 
2021-01-21T16:19:23.932+0800: [GC (Allocation Failure) [PSYoungGen: 153616K->44030K(232960K)] 484154K->406461K(761344K), 0.0090150 secs] [Times: user=0.00 sys=0.00, real=0.01 secs] 
2021-01-21T16:19:23.960+0800: [GC (Allocation Failure) [PSYoungGen: 160168K->47875K(232960K)] 522599K->446119K(761344K), 0.0094237 secs] [Times: user=0.11 sys=0.00, real=0.01 secs] 
2021-01-21T16:19:23.986+0800: [GC (Allocation Failure) [PSYoungGen: 164611K->37130K(232960K)] 562855K->477561K(761344K), 0.0101860 secs] [Times: user=0.05 sys=0.05, real=0.01 secs] 
2021-01-21T16:19:24.014+0800: [GC (Allocation Failure) [PSYoungGen: 153866K->36710K(229888K)] 594297K->511293K(758272K), 0.0106893 secs] [Times: user=0.00 sys=0.00, real=0.01 secs] 
2021-01-21T16:19:24.025+0800: [Full GC (Ergonomics) [PSYoungGen: 36710K->0K(229888K)] [ParOldGen: 474583K->348350K(560128K)] 511293K->348350K(790016K), [Metaspace: 3213K->3213K(1056768K)], 0.0456990 secs] [Times: user=0.30 sys=0.00, real=0.05 secs] 
2021-01-21T16:19:24.092+0800: [GC (Allocation Failure) [PSYoungGen: 116736K->33831K(231424K)] 465086K->382182K(791552K), 0.0044964 secs] [Times: user=0.00 sys=0.00, real=0.00 secs] 
2021-01-21T16:19:24.112+0800: [GC (Allocation Failure) [PSYoungGen: 150567K->40706K(226304K)] 498918K->416592K(786432K), 0.0105099 secs] [Times: user=0.08 sys=0.00, real=0.01 secs] 
2021-01-21T16:19:24.147+0800: [GC (Allocation Failure) [PSYoungGen: 163074K->40968K(229888K)] 538960K->451170K(790016K), 0.0104507 secs] [Times: user=0.05 sys=0.00, real=0.01 secs] 
Disconnected from the target VM, address: '127.0.0.1:56233', transport: 'socket'
执行结束!共生成对象次数:11447
Heap
 PSYoungGen      total 229888K, used 110142K [0x00000000eab00000, 0x00000000ffb80000, 0x0000000100000000)
  eden space 122368K, 56% used [0x00000000eab00000,0x00000000eee8da28,0x00000000f2280000)
  from space 107520K, 38% used [0x00000000f2280000,0x00000000f4a820d0,0x00000000f8b80000)
  to   space 103424K, 0% used [0x00000000f9680000,0x00000000f9680000,0x00000000ffb80000)
 ParOldGen       total 560128K, used 410201K [0x00000000c0000000, 0x00000000e2300000, 0x00000000eab00000)
  object space 560128K, 73% used [0x00000000c0000000,0x00000000d90967b8,0x00000000e2300000)
 Metaspace       used 3219K, capacity 4568K, committed 4864K, reserved 1056768K
  class space    used 344K, capacity 392K, committed 512K, reserved 1048576K

Process finished with exit code 0
