"C:\Program Files\Java\jdk1.8.0_91\bin\java.exe" -agentlib:jdwp=transport=dt_socket,address=127.0.0.1:56334,suspend=y,server=n -Xmx4096m -XX:+UseParallelGC -XX:+PrintGCDetails -XX:+PrintGCDateStamps -javaagent:C:\Users\hfzhang\.IdeaIC2018.2\system\captureAgent\debugger-agent.jar=file:/C:/Users/hfzhang/AppData/Local/Temp/capture.props -Dfile.encoding=UTF-8 -classpath "C:\Program Files\Java\jdk1.8.0_91\jre\lib\charsets.jar;C:\Program Files\Java\jdk1.8.0_91\jre\lib\deploy.jar;C:\Program Files\Java\jdk1.8.0_91\jre\lib\ext\access-bridge-64.jar;C:\Program Files\Java\jdk1.8.0_91\jre\lib\ext\cldrdata.jar;C:\Program Files\Java\jdk1.8.0_91\jre\lib\ext\dnsns.jar;C:\Program Files\Java\jdk1.8.0_91\jre\lib\ext\jaccess.jar;C:\Program Files\Java\jdk1.8.0_91\jre\lib\ext\jfxrt.jar;C:\Program Files\Java\jdk1.8.0_91\jre\lib\ext\localedata.jar;C:\Program Files\Java\jdk1.8.0_91\jre\lib\ext\nashorn.jar;C:\Program Files\Java\jdk1.8.0_91\jre\lib\ext\sunec.jar;C:\Program Files\Java\jdk1.8.0_91\jre\lib\ext\sunjce_provider.jar;C:\Program Files\Java\jdk1.8.0_91\jre\lib\ext\sunmscapi.jar;C:\Program Files\Java\jdk1.8.0_91\jre\lib\ext\sunpkcs11.jar;C:\Program Files\Java\jdk1.8.0_91\jre\lib\ext\zipfs.jar;C:\Program Files\Java\jdk1.8.0_91\jre\lib\javaws.jar;C:\Program Files\Java\jdk1.8.0_91\jre\lib\jce.jar;C:\Program Files\Java\jdk1.8.0_91\jre\lib\jfr.jar;C:\Program Files\Java\jdk1.8.0_91\jre\lib\jfxswt.jar;C:\Program Files\Java\jdk1.8.0_91\jre\lib\jsse.jar;C:\Program Files\Java\jdk1.8.0_91\jre\lib\management-agent.jar;C:\Program Files\Java\jdk1.8.0_91\jre\lib\plugin.jar;C:\Program Files\Java\jdk1.8.0_91\jre\lib\resources.jar;C:\Program Files\Java\jdk1.8.0_91\jre\lib\rt.jar;D:\User\workspace\springboot-maven-hf\jvm-actual\target\classes;D:\m2\repository\org\springframework\boot\spring-boot-starter-web\2.3.5.RELEASE\spring-boot-starter-web-2.3.5.RELEASE.jar;D:\m2\repository\org\springframework\boot\spring-boot-starter\2.3.5.RELEASE\spring-boot-starter-2.3.5.RELEASE.jar;D:\m2\repository\org\springframework\boot\spring-boot\2.3.5.RELEASE\spring-boot-2.3.5.RELEASE.jar;D:\m2\repository\org\springframework\boot\spring-boot-autoconfigure\2.3.5.RELEASE\spring-boot-autoconfigure-2.3.5.RELEASE.jar;D:\m2\repository\org\springframework\boot\spring-boot-starter-logging\2.3.5.RELEASE\spring-boot-starter-logging-2.3.5.RELEASE.jar;D:\m2\repository\ch\qos\logback\logback-classic\1.2.3\logback-classic-1.2.3.jar;D:\m2\repository\ch\qos\logback\logback-core\1.2.3\logback-core-1.2.3.jar;D:\m2\repository\org\apache\logging\log4j\log4j-to-slf4j\2.13.3\log4j-to-slf4j-2.13.3.jar;D:\m2\repository\org\apache\logging\log4j\log4j-api\2.13.3\log4j-api-2.13.3.jar;D:\m2\repository\org\slf4j\jul-to-slf4j\1.7.30\jul-to-slf4j-1.7.30.jar;D:\m2\repository\jakarta\annotation\jakarta.annotation-api\1.3.5\jakarta.annotation-api-1.3.5.jar;D:\m2\repository\org\yaml\snakeyaml\1.26\snakeyaml-1.26.jar;D:\m2\repository\org\springframework\boot\spring-boot-starter-json\2.3.5.RELEASE\spring-boot-starter-json-2.3.5.RELEASE.jar;D:\m2\repository\com\fasterxml\jackson\core\jackson-databind\2.11.3\jackson-databind-2.11.3.jar;D:\m2\repository\com\fasterxml\jackson\core\jackson-annotations\2.11.3\jackson-annotations-2.11.3.jar;D:\m2\repository\com\fasterxml\jackson\core\jackson-core\2.11.3\jackson-core-2.11.3.jar;D:\m2\repository\com\fasterxml\jackson\datatype\jackson-datatype-jdk8\2.11.3\jackson-datatype-jdk8-2.11.3.jar;D:\m2\repository\com\fasterxml\jackson\datatype\jackson-datatype-jsr310\2.11.3\jackson-datatype-jsr310-2.11.3.jar;D:\m2\repository\com\fasterxml\jackson\module\jackson-module-parameter-names\2.11.3\jackson-module-parameter-names-2.11.3.jar;D:\m2\repository\org\springframework\boot\spring-boot-starter-tomcat\2.3.5.RELEASE\spring-boot-starter-tomcat-2.3.5.RELEASE.jar;D:\m2\repository\org\apache\tomcat\embed\tomcat-embed-core\9.0.39\tomcat-embed-core-9.0.39.jar;D:\m2\repository\org\glassfish\jakarta.el\3.0.3\jakarta.el-3.0.3.jar;D:\m2\repository\org\apache\tomcat\embed\tomcat-embed-websocket\9.0.39\tomcat-embed-websocket-9.0.39.jar;D:\m2\repository\org\springframework\spring-web\5.2.10.RELEASE\spring-web-5.2.10.RELEASE.jar;D:\m2\repository\org\springframework\spring-beans\5.2.10.RELEASE\spring-beans-5.2.10.RELEASE.jar;D:\m2\repository\org\springframework\spring-webmvc\5.2.10.RELEASE\spring-webmvc-5.2.10.RELEASE.jar;D:\m2\repository\org\springframework\spring-aop\5.2.10.RELEASE\spring-aop-5.2.10.RELEASE.jar;D:\m2\repository\org\springframework\spring-context\5.2.10.RELEASE\spring-context-5.2.10.RELEASE.jar;D:\m2\repository\org\springframework\spring-expression\5.2.10.RELEASE\spring-expression-5.2.10.RELEASE.jar;D:\m2\repository\org\slf4j\slf4j-api\1.7.30\slf4j-api-1.7.30.jar;D:\m2\repository\org\springframework\spring-core\5.2.10.RELEASE\spring-core-5.2.10.RELEASE.jar;D:\m2\repository\org\springframework\spring-jcl\5.2.10.RELEASE\spring-jcl-5.2.10.RELEASE.jar;D:\m2\repository\io\netty\netty-all\4.1.51.Final\netty-all-4.1.51.Final.jar;D:\m2\repository\org\apache\httpcomponents\httpasyncclient\4.1.4\httpasyncclient-4.1.4.jar;D:\m2\repository\org\apache\httpcomponents\httpcore\4.4.13\httpcore-4.4.13.jar;D:\m2\repository\org\apache\httpcomponents\httpcore-nio\4.4.13\httpcore-nio-4.4.13.jar;D:\m2\repository\org\apache\httpcomponents\httpclient\4.5.13\httpclient-4.5.13.jar;D:\m2\repository\commons-codec\commons-codec\1.14\commons-codec-1.14.jar;D:\Program Files\JetBrains\IntelliJ IDEA Community Edition 2018.2\lib\idea_rt.jar" com.hf.job03.GCLogAnalysis
Connected to the target VM, address: '127.0.0.1:56334', transport: 'socket'
正在执行...
2021-01-21T16:20:04.896+0800: [GC (Allocation Failure) [PSYoungGen: 64215K->10735K(75264K)] 64215K->23883K(247296K), 0.0063666 secs] [Times: user=0.01 sys=0.09, real=0.01 secs] 
2021-01-21T16:20:04.918+0800: [GC (Allocation Failure) [PSYoungGen: 75247K->10750K(139776K)] 88395K->44756K(311808K), 0.0080516 secs] [Times: user=0.00 sys=0.00, real=0.01 secs] 
2021-01-21T16:20:04.962+0800: [GC (Allocation Failure) [PSYoungGen: 139671K->10746K(139776K)] 173677K->82920K(311808K), 0.0113339 secs] [Times: user=0.00 sys=0.00, real=0.01 secs] 
2021-01-21T16:20:04.990+0800: [GC (Allocation Failure) [PSYoungGen: 139770K->10750K(268800K)] 211944K->122000K(440832K), 0.0120572 secs] [Times: user=0.01 sys=0.11, real=0.01 secs] 
2021-01-21T16:20:05.075+0800: [GC (Allocation Failure) [PSYoungGen: 268798K->10751K(268800K)] 380048K->202408K(461824K), 0.0247538 secs] [Times: user=0.01 sys=0.06, real=0.02 secs] 
2021-01-21T16:20:05.100+0800: [Full GC (Ergonomics) [PSYoungGen: 10751K->0K(268800K)] [ParOldGen: 191656K->171027K(327168K)] 202408K->171027K(595968K), [Metaspace: 3210K->3210K(1056768K)], 0.0301807 secs] [Times: user=0.09 sys=0.00, real=0.03 secs] 
2021-01-21T16:20:05.171+0800: [GC (Allocation Failure) [PSYoungGen: 258048K->81344K(556544K)] 429075K->252372K(883712K), 0.0196266 secs] [Times: user=0.00 sys=0.11, real=0.02 secs] 
2021-01-21T16:20:05.324+0800: [GC (Allocation Failure) [PSYoungGen: 556480K->103411K(586240K)] 727508K->356758K(913408K), 0.0429236 secs] [Times: user=0.13 sys=0.11, real=0.04 secs] 
2021-01-21T16:20:05.367+0800: [Full GC (Ergonomics) [PSYoungGen: 103411K->0K(586240K)] [ParOldGen: 253346K->273099K(462336K)] 356758K->273099K(1048576K), [Metaspace: 3210K->3210K(1056768K)], 0.0341857 secs] [Times: user=0.34 sys=0.02, real=0.03 secs] 
2021-01-21T16:20:05.472+0800: [GC (Allocation Failure) [PSYoungGen: 482816K->137000K(1000960K)] 755915K->410099K(1463296K), 0.0328589 secs] [Times: user=0.03 sys=0.19, real=0.03 secs] 
2021-01-21T16:20:05.695+0800: [GC (Allocation Failure) [PSYoungGen: 976168K->179699K(1018880K)] 1249267K->544801K(1481216K), 0.0654788 secs] [Times: user=0.16 sys=0.38, real=0.07 secs] 
2021-01-21T16:20:05.761+0800: [Full GC (Ergonomics) [PSYoungGen: 179699K->0K(1018880K)] [ParOldGen: 365102K->345045K(562688K)] 544801K->345045K(1581568K), [Metaspace: 3210K->3210K(1056768K)], 0.0452405 secs] [Times: user=0.23 sys=0.00, real=0.05 secs] 
Disconnected from the target VM, address: '127.0.0.1:56334', transport: 'socket'
执行结束!共生成对象次数:11101
Heap
 PSYoungGen      total 1018880K, used 305697K [0x000000076ab00000, 0x00000007c0000000, 0x00000007c0000000)
  eden space 839168K, 36% used [0x000000076ab00000,0x000000077d588518,0x000000079de80000)
  from space 179712K, 0% used [0x000000079de80000,0x000000079de80000,0x00000007a8e00000)
  to   space 246272K, 0% used [0x00000007b0f80000,0x00000007b0f80000,0x00000007c0000000)
 ParOldGen       total 562688K, used 345045K [0x00000006c0000000, 0x00000006e2580000, 0x000000076ab00000)
  object space 562688K, 61% used [0x00000006c0000000,0x00000006d50f5738,0x00000006e2580000)
 Metaspace       used 3217K, capacity 4568K, committed 4864K, reserved 1056768K
  class space    used 344K, capacity 392K, committed 512K, reserved 1048576K
ERROR: JDWP Unable to get JNI 1.2 environment, jvm->GetEnv() return code = -2
JDWP exit error AGENT_ERROR_NO_JNI_ENV(183):  [util.c:840]

Process finished with exit code 0
