"C:\Program Files\Java\jdk1.8.0_91\bin\java.exe" -agentlib:jdwp=transport=dt_socket,address=127.0.0.1:55864,suspend=y,server=n -Xmx128m -XX:+UseConcMarkSweepGC -XX:+PrintGCDetails -XX:+PrintGCDateStamps -javaagent:C:\Users\hfzhang\.IdeaIC2018.2\system\captureAgent\debugger-agent.jar=file:/C:/Users/hfzhang/AppData/Local/Temp/capture.props -Dfile.encoding=UTF-8 -classpath "C:\Program Files\Java\jdk1.8.0_91\jre\lib\charsets.jar;C:\Program Files\Java\jdk1.8.0_91\jre\lib\deploy.jar;C:\Program Files\Java\jdk1.8.0_91\jre\lib\ext\access-bridge-64.jar;C:\Program Files\Java\jdk1.8.0_91\jre\lib\ext\cldrdata.jar;C:\Program Files\Java\jdk1.8.0_91\jre\lib\ext\dnsns.jar;C:\Program Files\Java\jdk1.8.0_91\jre\lib\ext\jaccess.jar;C:\Program Files\Java\jdk1.8.0_91\jre\lib\ext\jfxrt.jar;C:\Program Files\Java\jdk1.8.0_91\jre\lib\ext\localedata.jar;C:\Program Files\Java\jdk1.8.0_91\jre\lib\ext\nashorn.jar;C:\Program Files\Java\jdk1.8.0_91\jre\lib\ext\sunec.jar;C:\Program Files\Java\jdk1.8.0_91\jre\lib\ext\sunjce_provider.jar;C:\Program Files\Java\jdk1.8.0_91\jre\lib\ext\sunmscapi.jar;C:\Program Files\Java\jdk1.8.0_91\jre\lib\ext\sunpkcs11.jar;C:\Program Files\Java\jdk1.8.0_91\jre\lib\ext\zipfs.jar;C:\Program Files\Java\jdk1.8.0_91\jre\lib\javaws.jar;C:\Program Files\Java\jdk1.8.0_91\jre\lib\jce.jar;C:\Program Files\Java\jdk1.8.0_91\jre\lib\jfr.jar;C:\Program Files\Java\jdk1.8.0_91\jre\lib\jfxswt.jar;C:\Program Files\Java\jdk1.8.0_91\jre\lib\jsse.jar;C:\Program Files\Java\jdk1.8.0_91\jre\lib\management-agent.jar;C:\Program Files\Java\jdk1.8.0_91\jre\lib\plugin.jar;C:\Program Files\Java\jdk1.8.0_91\jre\lib\resources.jar;C:\Program Files\Java\jdk1.8.0_91\jre\lib\rt.jar;D:\User\workspace\springboot-maven-hf\jvm-actual\target\classes;D:\m2\repository\org\springframework\boot\spring-boot-starter-web\2.3.5.RELEASE\spring-boot-starter-web-2.3.5.RELEASE.jar;D:\m2\repository\org\springframework\boot\spring-boot-starter\2.3.5.RELEASE\spring-boot-starter-2.3.5.RELEASE.jar;D:\m2\repository\org\springframework\boot\spring-boot\2.3.5.RELEASE\spring-boot-2.3.5.RELEASE.jar;D:\m2\repository\org\springframework\boot\spring-boot-autoconfigure\2.3.5.RELEASE\spring-boot-autoconfigure-2.3.5.RELEASE.jar;D:\m2\repository\org\springframework\boot\spring-boot-starter-logging\2.3.5.RELEASE\spring-boot-starter-logging-2.3.5.RELEASE.jar;D:\m2\repository\ch\qos\logback\logback-classic\1.2.3\logback-classic-1.2.3.jar;D:\m2\repository\ch\qos\logback\logback-core\1.2.3\logback-core-1.2.3.jar;D:\m2\repository\org\apache\logging\log4j\log4j-to-slf4j\2.13.3\log4j-to-slf4j-2.13.3.jar;D:\m2\repository\org\apache\logging\log4j\log4j-api\2.13.3\log4j-api-2.13.3.jar;D:\m2\repository\org\slf4j\jul-to-slf4j\1.7.30\jul-to-slf4j-1.7.30.jar;D:\m2\repository\jakarta\annotation\jakarta.annotation-api\1.3.5\jakarta.annotation-api-1.3.5.jar;D:\m2\repository\org\yaml\snakeyaml\1.26\snakeyaml-1.26.jar;D:\m2\repository\org\springframework\boot\spring-boot-starter-json\2.3.5.RELEASE\spring-boot-starter-json-2.3.5.RELEASE.jar;D:\m2\repository\com\fasterxml\jackson\core\jackson-databind\2.11.3\jackson-databind-2.11.3.jar;D:\m2\repository\com\fasterxml\jackson\core\jackson-annotations\2.11.3\jackson-annotations-2.11.3.jar;D:\m2\repository\com\fasterxml\jackson\core\jackson-core\2.11.3\jackson-core-2.11.3.jar;D:\m2\repository\com\fasterxml\jackson\datatype\jackson-datatype-jdk8\2.11.3\jackson-datatype-jdk8-2.11.3.jar;D:\m2\repository\com\fasterxml\jackson\datatype\jackson-datatype-jsr310\2.11.3\jackson-datatype-jsr310-2.11.3.jar;D:\m2\repository\com\fasterxml\jackson\module\jackson-module-parameter-names\2.11.3\jackson-module-parameter-names-2.11.3.jar;D:\m2\repository\org\springframework\boot\spring-boot-starter-tomcat\2.3.5.RELEASE\spring-boot-starter-tomcat-2.3.5.RELEASE.jar;D:\m2\repository\org\apache\tomcat\embed\tomcat-embed-core\9.0.39\tomcat-embed-core-9.0.39.jar;D:\m2\repository\org\glassfish\jakarta.el\3.0.3\jakarta.el-3.0.3.jar;D:\m2\repository\org\apache\tomcat\embed\tomcat-embed-websocket\9.0.39\tomcat-embed-websocket-9.0.39.jar;D:\m2\repository\org\springframework\spring-web\5.2.10.RELEASE\spring-web-5.2.10.RELEASE.jar;D:\m2\repository\org\springframework\spring-beans\5.2.10.RELEASE\spring-beans-5.2.10.RELEASE.jar;D:\m2\repository\org\springframework\spring-webmvc\5.2.10.RELEASE\spring-webmvc-5.2.10.RELEASE.jar;D:\m2\repository\org\springframework\spring-aop\5.2.10.RELEASE\spring-aop-5.2.10.RELEASE.jar;D:\m2\repository\org\springframework\spring-context\5.2.10.RELEASE\spring-context-5.2.10.RELEASE.jar;D:\m2\repository\org\springframework\spring-expression\5.2.10.RELEASE\spring-expression-5.2.10.RELEASE.jar;D:\m2\repository\org\slf4j\slf4j-api\1.7.30\slf4j-api-1.7.30.jar;D:\m2\repository\org\springframework\spring-core\5.2.10.RELEASE\spring-core-5.2.10.RELEASE.jar;D:\m2\repository\org\springframework\spring-jcl\5.2.10.RELEASE\spring-jcl-5.2.10.RELEASE.jar;D:\m2\repository\io\netty\netty-all\4.1.51.Final\netty-all-4.1.51.Final.jar;D:\m2\repository\org\apache\httpcomponents\httpasyncclient\4.1.4\httpasyncclient-4.1.4.jar;D:\m2\repository\org\apache\httpcomponents\httpcore\4.4.13\httpcore-4.4.13.jar;D:\m2\repository\org\apache\httpcomponents\httpcore-nio\4.4.13\httpcore-nio-4.4.13.jar;D:\m2\repository\org\apache\httpcomponents\httpclient\4.5.13\httpclient-4.5.13.jar;D:\m2\repository\commons-codec\commons-codec\1.14\commons-codec-1.14.jar;D:\Program Files\JetBrains\IntelliJ IDEA Community Edition 2018.2\lib\idea_rt.jar" com.hf.job03.GCLogAnalysis
Connected to the target VM, address: '127.0.0.1:55864', transport: 'socket'
正在执行...
2021-01-21T16:16:19.446+0800: [GC (Allocation Failure) 2021-01-21T16:16:19.446+0800: [ParNew: 34375K->4351K(39296K), 0.0036889 secs] 34375K->12508K(126720K), 0.0037886 secs] [Times: user=0.00 sys=0.00, real=0.00 secs] 
2021-01-21T16:16:19.456+0800: [GC (Allocation Failure) 2021-01-21T16:16:19.456+0800: [ParNew: 39110K->4352K(39296K), 0.0054598 secs] 47266K->25770K(126720K), 0.0055060 secs] [Times: user=0.00 sys=0.00, real=0.01 secs] 
2021-01-21T16:16:19.471+0800: [GC (Allocation Failure) 2021-01-21T16:16:19.471+0800: [ParNew: 38728K->4349K(39296K), 0.0058530 secs] 60146K->36132K(126720K), 0.0059168 secs] [Times: user=0.00 sys=0.00, real=0.01 secs] 
2021-01-21T16:16:19.483+0800: [GC (Allocation Failure) 2021-01-21T16:16:19.484+0800: [ParNew: 39293K->4347K(39296K), 0.0070832 secs] 71076K->48187K(126720K), 0.0071418 secs] [Times: user=0.02 sys=0.00, real=0.01 secs] 
2021-01-21T16:16:19.491+0800: [GC (CMS Initial Mark) [1 CMS-initial-mark: 43840K(87424K)] 48932K(126720K), 0.0002216 secs] [Times: user=0.00 sys=0.00, real=0.00 secs] 
2021-01-21T16:16:19.491+0800: [CMS-concurrent-mark-start]
2021-01-21T16:16:19.492+0800: [CMS-concurrent-mark: 0.001/0.001 secs] [Times: user=0.00 sys=0.00, real=0.00 secs] 
2021-01-21T16:16:19.493+0800: [CMS-concurrent-preclean-start]
2021-01-21T16:16:19.493+0800: [CMS-concurrent-preclean: 0.000/0.000 secs] [Times: user=0.00 sys=0.00, real=0.00 secs] 
2021-01-21T16:16:19.493+0800: [CMS-concurrent-abortable-preclean-start]
2021-01-21T16:16:19.497+0800: [GC (Allocation Failure) 2021-01-21T16:16:19.497+0800: [ParNew: 39291K->4346K(39296K), 0.0076898 secs] 83131K->62087K(126720K), 0.0077514 secs] [Times: user=0.06 sys=0.01, real=0.01 secs] 
2021-01-21T16:16:19.511+0800: [GC (Allocation Failure) 2021-01-21T16:16:19.511+0800: [ParNew: 38917K->4348K(39296K), 0.0056675 secs] 96658K->73184K(126720K), 0.0057194 secs] [Times: user=0.09 sys=0.02, real=0.01 secs] 
2021-01-21T16:16:19.521+0800: [GC (Allocation Failure) 2021-01-21T16:16:19.521+0800: [ParNew: 39291K->4342K(39296K), 0.0075751 secs] 108126K->87034K(126720K), 0.0076209 secs] [Times: user=0.00 sys=0.00, real=0.01 secs] 
2021-01-21T16:16:19.529+0800: [CMS-concurrent-abortable-preclean: 0.001/0.036 secs] [Times: user=0.16 sys=0.03, real=0.04 secs] 
2021-01-21T16:16:19.529+0800: [GC (CMS Final Remark) [YG occupancy: 5910 K (39296 K)]2021-01-21T16:16:19.529+0800: [Rescan (parallel) , 0.0002210 secs]2021-01-21T16:16:19.529+0800: [weak refs processing, 0.0000550 secs]2021-01-21T16:16:19.529+0800: [class unloading, 0.0002781 secs]2021-01-21T16:16:19.530+0800: [scrub symbol table, 0.0003943 secs]2021-01-21T16:16:19.530+0800: [scrub string table, 0.0001105 secs][1 CMS-remark: 82691K(87424K)] 88602K(126720K), 0.0011433 secs] [Times: user=0.00 sys=0.00, real=0.00 secs] 
2021-01-21T16:16:19.530+0800: [CMS-concurrent-sweep-start]
2021-01-21T16:16:19.531+0800: [CMS-concurrent-sweep: 0.001/0.001 secs] [Times: user=0.03 sys=0.00, real=0.00 secs] 
2021-01-21T16:16:19.531+0800: [CMS-concurrent-reset-start]
2021-01-21T16:16:19.531+0800: [CMS-concurrent-reset: 0.000/0.000 secs] [Times: user=0.00 sys=0.00, real=0.00 secs] 
2021-01-21T16:16:19.536+0800: [GC (Allocation Failure) 2021-01-21T16:16:19.536+0800: [ParNew: 39154K->39154K(39296K), 0.0000288 secs]2021-01-21T16:16:19.536+0800: [CMS: 80340K->87343K(87424K), 0.0164328 secs] 119495K->87343K(126720K), [Metaspace: 3213K->3213K(1056768K)], 0.0165325 secs] [Times: user=0.02 sys=0.00, real=0.02 secs] 
2021-01-21T16:16:19.553+0800: [GC (CMS Initial Mark) [1 CMS-initial-mark: 87343K(87424K)] 87631K(126720K), 0.0001141 secs] [Times: user=0.00 sys=0.00, real=0.00 secs] 
2021-01-21T16:16:19.553+0800: [CMS-concurrent-mark-start]
2021-01-21T16:16:19.554+0800: [CMS-concurrent-mark: 0.001/0.001 secs] [Times: user=0.00 sys=0.00, real=0.00 secs] 
2021-01-21T16:16:19.554+0800: [CMS-concurrent-preclean-start]
2021-01-21T16:16:19.554+0800: [CMS-concurrent-preclean: 0.000/0.000 secs] [Times: user=0.00 sys=0.00, real=0.00 secs] 
2021-01-21T16:16:19.554+0800: [CMS-concurrent-abortable-preclean-start]
2021-01-21T16:16:19.554+0800: [CMS-concurrent-abortable-preclean: 0.000/0.000 secs] [Times: user=0.00 sys=0.00, real=0.00 secs] 
2021-01-21T16:16:19.554+0800: [GC (CMS Final Remark) [YG occupancy: 9253 K (39296 K)]2021-01-21T16:16:19.554+0800: [Rescan (parallel) , 0.0001362 secs]2021-01-21T16:16:19.554+0800: [weak refs processing, 0.0000416 secs]2021-01-21T16:16:19.554+0800: [class unloading, 0.0002421 secs]2021-01-21T16:16:19.555+0800: [scrub symbol table, 0.0003403 secs]2021-01-21T16:16:19.555+0800: [scrub string table, 0.0001038 secs][1 CMS-remark: 87343K(87424K)] 96597K(126720K), 0.0009459 secs] [Times: user=0.00 sys=0.00, real=0.00 secs] 
2021-01-21T16:16:19.555+0800: [CMS-concurrent-sweep-start]
2021-01-21T16:16:19.555+0800: [CMS-concurrent-sweep: 0.000/0.000 secs] [Times: user=0.00 sys=0.00, real=0.00 secs] 
2021-01-21T16:16:19.555+0800: [CMS-concurrent-reset-start]
2021-01-21T16:16:19.556+0800: [CMS-concurrent-reset: 0.000/0.000 secs] [Times: user=0.00 sys=0.00, real=0.00 secs] 
2021-01-21T16:16:19.559+0800: [GC (Allocation Failure) 2021-01-21T16:16:19.560+0800: [ParNew: 34944K->34944K(39296K), 0.0000344 secs]2021-01-21T16:16:19.560+0800: [CMS: 87297K->87121K(87424K), 0.0146979 secs] 122241K->97346K(126720K), [Metaspace: 3213K->3213K(1056768K)], 0.0148053 secs] [Times: user=0.02 sys=0.00, real=0.01 secs] 
2021-01-21T16:16:19.574+0800: [GC (CMS Initial Mark) [1 CMS-initial-mark: 87121K(87424K)] 97418K(126720K), 0.0001126 secs] [Times: user=0.00 sys=0.00, real=0.00 secs] 
2021-01-21T16:16:19.575+0800: [CMS-concurrent-mark-start]
2021-01-21T16:16:19.576+0800: [CMS-concurrent-mark: 0.001/0.001 secs] [Times: user=0.00 sys=0.00, real=0.00 secs] 
2021-01-21T16:16:19.576+0800: [CMS-concurrent-preclean-start]
2021-01-21T16:16:19.577+0800: [CMS-concurrent-preclean: 0.001/0.001 secs] [Times: user=0.03 sys=0.00, real=0.00 secs] 
2021-01-21T16:16:19.577+0800: [CMS-concurrent-abortable-preclean-start]
2021-01-21T16:16:19.577+0800: [CMS-concurrent-abortable-preclean: 0.000/0.000 secs] [Times: user=0.00 sys=0.00, real=0.00 secs] 
2021-01-21T16:16:19.577+0800: [GC (CMS Final Remark) [YG occupancy: 25998 K (39296 K)]2021-01-21T16:16:19.577+0800: [Rescan (parallel) , 0.0001301 secs]2021-01-21T16:16:19.577+0800: [weak refs processing, 0.0000401 secs]2021-01-21T16:16:19.577+0800: [class unloading, 0.0002303 secs]2021-01-21T16:16:19.577+0800: [scrub symbol table, 0.0003557 secs]2021-01-21T16:16:19.578+0800: [scrub string table, 0.0001018 secs][1 CMS-remark: 87121K(87424K)] 113119K(126720K), 0.0009268 secs] [Times: user=0.00 sys=0.00, real=0.00 secs] 
2021-01-21T16:16:19.578+0800: [CMS-concurrent-sweep-start]
2021-01-21T16:16:19.578+0800: [CMS-concurrent-sweep: 0.000/0.000 secs] [Times: user=0.00 sys=0.00, real=0.00 secs] 
2021-01-21T16:16:19.578+0800: [CMS-concurrent-reset-start]
2021-01-21T16:16:19.578+0800: [CMS-concurrent-reset: 0.000/0.000 secs] [Times: user=0.00 sys=0.00, real=0.00 secs] 
2021-01-21T16:16:19.580+0800: [GC (Allocation Failure) 2021-01-21T16:16:19.580+0800: [ParNew: 39230K->39230K(39296K), 0.0000216 secs]2021-01-21T16:16:19.580+0800: [CMS: 87121K->87190K(87424K), 0.0163218 secs] 126351K->105174K(126720K), [Metaspace: 3213K->3213K(1056768K)], 0.0164107 secs] [Times: user=0.02 sys=0.00, real=0.02 secs] 
2021-01-21T16:16:19.596+0800: [GC (CMS Initial Mark) [1 CMS-initial-mark: 87190K(87424K)] 105857K(126720K), 0.0001588 secs] [Times: user=0.00 sys=0.00, real=0.00 secs] 
2021-01-21T16:16:19.596+0800: [CMS-concurrent-mark-start]
2021-01-21T16:16:19.597+0800: [CMS-concurrent-mark: 0.001/0.001 secs] [Times: user=0.00 sys=0.00, real=0.00 secs] 
2021-01-21T16:16:19.597+0800: [CMS-concurrent-preclean-start]
2021-01-21T16:16:19.598+0800: [CMS-concurrent-preclean: 0.001/0.001 secs] [Times: user=0.00 sys=0.00, real=0.00 secs] 
2021-01-21T16:16:19.598+0800: [CMS-concurrent-abortable-preclean-start]
2021-01-21T16:16:19.598+0800: [CMS-concurrent-abortable-preclean: 0.000/0.000 secs] [Times: user=0.00 sys=0.00, real=0.00 secs] 
2021-01-21T16:16:19.598+0800: [GC (CMS Final Remark) [YG occupancy: 31805 K (39296 K)]2021-01-21T16:16:19.598+0800: [Rescan (parallel) , 0.0002051 secs]2021-01-21T16:16:19.599+0800: [weak refs processing, 0.0000617 secs]2021-01-21T16:16:19.599+0800: [class unloading, 0.0003403 secs]2021-01-21T16:16:19.599+0800: [scrub symbol table, 0.0005408 secs]2021-01-21T16:16:19.600+0800: [scrub string table, 0.0001167 secs][1 CMS-remark: 87190K(87424K)] 118995K(126720K), 0.0013694 secs] [Times: user=0.00 sys=0.00, real=0.00 secs] 
2021-01-21T16:16:19.600+0800: [CMS-concurrent-sweep-start]
2021-01-21T16:16:19.600+0800: [CMS-concurrent-sweep: 0.000/0.000 secs] [Times: user=0.00 sys=0.00, real=0.00 secs] 
2021-01-21T16:16:19.600+0800: [CMS-concurrent-reset-start]
2021-01-21T16:16:19.600+0800: [CMS-concurrent-reset: 0.000/0.000 secs] [Times: user=0.00 sys=0.00, real=0.00 secs] 
2021-01-21T16:16:19.601+0800: [GC (Allocation Failure) 2021-01-21T16:16:19.601+0800: [ParNew: 39255K->39255K(39296K), 0.0000267 secs]2021-01-21T16:16:19.601+0800: [CMS: 87190K->87335K(87424K), 0.0154690 secs] 126445K->109777K(126720K), [Metaspace: 3213K->3213K(1056768K)], 0.0155481 secs] [Times: user=0.01 sys=0.00, real=0.02 secs] 
2021-01-21T16:16:19.617+0800: [GC (CMS Initial Mark) [1 CMS-initial-mark: 87335K(87424K)] 109861K(126720K), 0.0001414 secs] [Times: user=0.00 sys=0.00, real=0.00 secs] 
2021-01-21T16:16:19.617+0800: [CMS-concurrent-mark-start]
2021-01-21T16:16:19.618+0800: [CMS-concurrent-mark: 0.001/0.001 secs] [Times: user=0.00 sys=0.00, real=0.00 secs] 
2021-01-21T16:16:19.618+0800: [CMS-concurrent-preclean-start]
2021-01-21T16:16:19.618+0800: [CMS-concurrent-preclean: 0.001/0.001 secs] [Times: user=0.00 sys=0.00, real=0.00 secs] 
2021-01-21T16:16:19.618+0800: [CMS-concurrent-abortable-preclean-start]
2021-01-21T16:16:19.618+0800: [CMS-concurrent-abortable-preclean: 0.000/0.000 secs] [Times: user=0.00 sys=0.00, real=0.00 secs] 
2021-01-21T16:16:19.619+0800: [GC (CMS Final Remark) [YG occupancy: 36127 K (39296 K)]2021-01-21T16:16:19.619+0800: [Rescan (parallel) , 0.0001686 secs]2021-01-21T16:16:19.619+0800: [weak refs processing, 0.0000478 secs]2021-01-21T16:16:19.619+0800: [class unloading, 0.0002190 secs]2021-01-21T16:16:19.619+0800: [scrub symbol table, 0.0003341 secs]2021-01-21T16:16:19.619+0800: [scrub string table, 0.0001069 secs][1 CMS-remark: 87335K(87424K)] 123462K(126720K), 0.0009572 secs] [Times: user=0.00 sys=0.00, real=0.00 secs] 
2021-01-21T16:16:19.620+0800: [CMS-concurrent-sweep-start]
2021-01-21T16:16:19.620+0800: [CMS-concurrent-sweep: 0.000/0.000 secs] [Times: user=0.00 sys=0.00, real=0.00 secs] 
2021-01-21T16:16:19.620+0800: [CMS-concurrent-reset-start]
2021-01-21T16:16:19.620+0800: [CMS-concurrent-reset: 0.000/0.000 secs] [Times: user=0.00 sys=0.00, real=0.00 secs] 
2021-01-21T16:16:19.620+0800: [GC (Allocation Failure) 2021-01-21T16:16:19.620+0800: [ParNew: 39071K->39071K(39296K), 0.0000185 secs]2021-01-21T16:16:19.620+0800: [CMS: 87335K->87397K(87424K), 0.0183996 secs] 126406K->112873K(126720K), [Metaspace: 3213K->3213K(1056768K)], 0.0184664 secs] [Times: user=0.02 sys=0.00, real=0.02 secs] 
2021-01-21T16:16:19.639+0800: [GC (CMS Initial Mark) [1 CMS-initial-mark: 87397K(87424K)] 113157K(126720K), 0.0001784 secs] [Times: user=0.00 sys=0.00, real=0.00 secs] 
2021-01-21T16:16:19.639+0800: [CMS-concurrent-mark-start]
2021-01-21T16:16:19.640+0800: [CMS-concurrent-mark: 0.001/0.001 secs] [Times: user=0.05 sys=0.00, real=0.00 secs] 
2021-01-21T16:16:19.640+0800: [CMS-concurrent-preclean-start]
2021-01-21T16:16:19.641+0800: [Full GC (Allocation Failure) 2021-01-21T16:16:19.641+0800: [CMS2021-01-21T16:16:19.641+0800: [CMS-concurrent-preclean: 0.001/0.001 secs] [Times: user=0.00 sys=0.00, real=0.00 secs] 
 (concurrent mode failure): 87397K->87403K(87424K), 0.0197546 secs] 126664K->117303K(126720K), [Metaspace: 3213K->3213K(1056768K)], 0.0198055 secs] [Times: user=0.02 sys=0.00, real=0.02 secs] 
2021-01-21T16:16:19.662+0800: [Full GC (Allocation Failure) 2021-01-21T16:16:19.662+0800: [CMS: 87403K->87360K(87424K), 0.0163094 secs] 126628K->119873K(126720K), [Metaspace: 3213K->3213K(1056768K)], 0.0163747 secs] [Times: user=0.02 sys=0.00, real=0.02 secs] 
2021-01-21T16:16:19.679+0800: [GC (CMS Initial Mark) [1 CMS-initial-mark: 87360K(87424K)] 119987K(126720K), 0.0001696 secs] [Times: user=0.00 sys=0.00, real=0.00 secs] 
2021-01-21T16:16:19.679+0800: [CMS-concurrent-mark-start]
2021-01-21T16:16:19.680+0800: [CMS-concurrent-mark: 0.001/0.001 secs] [Times: user=0.00 sys=0.00, real=0.00 secs] 
2021-01-21T16:16:19.680+0800: [CMS-concurrent-preclean-start]
2021-01-21T16:16:19.681+0800: [Full GC (Allocation Failure) 2021-01-21T16:16:19.681+0800: [CMS2021-01-21T16:16:19.681+0800: [CMS-concurrent-preclean: 0.001/0.001 secs] [Times: user=0.00 sys=0.00, real=0.00 secs] 
 (concurrent mode failure): 87360K->87356K(87424K), 0.0223157 secs] 126568K->122330K(126720K), [Metaspace: 3213K->3213K(1056768K)], 0.0223737 secs] [Times: user=0.03 sys=0.00, real=0.02 secs] 
2021-01-21T16:16:19.704+0800: [Full GC (Allocation Failure) 2021-01-21T16:16:19.704+0800: [CMS: 87356K->87391K(87424K), 0.0247867 secs] 126651K->124231K(126720K), [Metaspace: 3213K->3213K(1056768K)], 0.0248458 secs] [Times: user=0.02 sys=0.00, real=0.02 secs] 
2021-01-21T16:16:19.728+0800: [GC (CMS Initial Mark) [1 CMS-initial-mark: 87391K(87424K)] 124373K(126720K), 0.0001552 secs] [Times: user=0.00 sys=0.00, real=0.00 secs] 
2021-01-21T16:16:19.729+0800: [CMS-concurrent-mark-start]
2021-01-21T16:16:19.729+0800: [Full GC (Allocation Failure) 2021-01-21T16:16:19.729+0800: [CMS2021-01-21T16:16:19.731+0800: [CMS-concurrent-mark: 0.001/0.003 secs] [Times: user=0.00 sys=0.00, real=0.00 secs] 
 (concurrent mode failure): 87391K->87394K(87424K), 0.0105001 secs] 126269K->124593K(126720K), [Metaspace: 3213K->3213K(1056768K)], 0.0105489 secs] [Times: user=0.01 sys=0.00, real=0.01 secs] 
2021-01-21T16:16:19.740+0800: [Full GC (Allocation Failure) 2021-01-21T16:16:19.740+0800: [CMS: 87394K->87394K(87424K), 0.0046419 secs] 126548K->125657K(126720K), [Metaspace: 3213K->3213K(1056768K)], 0.0046954 secs] [Times: user=0.00 sys=0.00, real=0.00 secs] 
2021-01-21T16:16:19.745+0800: [GC (CMS Initial Mark) [1 CMS-initial-mark: 87394K(87424K)] 125801K(126720K), 0.0001182 secs] [Times: user=0.00 sys=0.00, real=0.00 secs] 
2021-01-21T16:16:19.745+0800: [CMS-concurrent-mark-start]
2021-01-21T16:16:19.745+0800: [Full GC (Allocation Failure) 2021-01-21T16:16:19.745+0800: [CMS2021-01-21T16:16:19.747+0800: [CMS-concurrent-mark: 0.001/0.002 secs] [Times: user=0.00 sys=0.00, real=0.00 secs] 
 (concurrent mode failure): 87394K->87345K(87424K), 0.0070616 secs] 126674K->125785K(126720K), [Metaspace: 3213K->3213K(1056768K)], 0.0071222 secs] [Times: user=0.02 sys=0.00, real=0.01 secs] 
2021-01-21T16:16:19.753+0800: [Full GC (Allocation Failure) 2021-01-21T16:16:19.753+0800: [CMS: 87377K->87345K(87424K), 0.0084840 secs] 126664K->125725K(126720K), [Metaspace: 3213K->3213K(1056768K)], 0.0085426 secs] [Times: user=0.00 sys=0.00, real=0.01 secs] 
2021-01-21T16:16:19.761+0800: [GC (CMS Initial Mark) [1 CMS-initial-mark: 87345K(87424K)] 126062K(126720K), 0.0001326 secs] [Times: user=0.00 sys=0.00, real=0.00 secs] 
2021-01-21T16:16:19.762+0800: [CMS-concurrent-mark-start]
2021-01-21T16:16:19.762+0800: [Full GC (Allocation Failure) 2021-01-21T16:16:19.762+0800: [CMS2021-01-21T16:16:19.764+0800: [CMS-concurrent-mark: 0.001/0.003 secs] [Times: user=0.00 sys=0.00, real=0.00 secs] 
 (concurrent mode failure): 87345K->87345K(87424K), 0.0053431 secs] 126062K->125919K(126720K), [Metaspace: 3213K->3213K(1056768K)], 0.0053837 secs] [Times: user=0.00 sys=0.00, real=0.00 secs] 
2021-01-21T16:16:19.767+0800: [Full GC (Allocation Failure) 2021-01-21T16:16:19.767+0800: [CMSDisconnected from the target VM, address: '127.0.0.1:55864', transport: 'socket'
Exception in thread "main" java.lang.OutOfMemoryError: Java heap space
	at com.hf.job03.GCLogAnalysis.generateGarbage(GCLogAnalysis.java:51)
	at com.hf.job03.GCLogAnalysis.main(GCLogAnalysis.java:28)
: 87345K->87322K(87424K), 0.0150495 secs] 125919K->125896K(126720K), [Metaspace: 3213K->3213K(1056768K)], 0.0151024 secs] [Times: user=0.02 sys=0.00, real=0.02 secs] 
Heap
 par new generation   total 39296K, used 38837K [0x00000000f8000000, 0x00000000faaa0000, 0x00000000faaa0000)
  eden space 34944K, 100% used [0x00000000f8000000, 0x00000000fa220000, 0x00000000fa220000)
  from space 4352K,  89% used [0x00000000fa660000, 0x00000000faa2d4d8, 0x00000000faaa0000)
  to   space 4352K,   0% used [0x00000000fa220000, 0x00000000fa220000, 0x00000000fa660000)
 concurrent mark-sweep generation total 87424K, used 87322K [0x00000000faaa0000, 0x0000000100000000, 0x0000000100000000)
 Metaspace       used 3243K, capacity 4568K, committed 4864K, reserved 1056768K
  class space    used 347K, capacity 392K, committed 512K, reserved 1048576K

Process finished with exit code 1
