"C:\Program Files\Java\jdk1.8.0_91\bin\java.exe" -agentlib:jdwp=transport=dt_socket,address=127.0.0.1:56081,suspend=y,server=n -Xmx4096m -XX:+UseConcMarkSweepGC -XX:+PrintGCDetails -XX:+PrintGCDateStamps -javaagent:C:\Users\hfzhang\.IdeaIC2018.2\system\captureAgent\debugger-agent.jar=file:/C:/Users/hfzhang/AppData/Local/Temp/capture.props -Dfile.encoding=UTF-8 -classpath "C:\Program Files\Java\jdk1.8.0_91\jre\lib\charsets.jar;C:\Program Files\Java\jdk1.8.0_91\jre\lib\deploy.jar;C:\Program Files\Java\jdk1.8.0_91\jre\lib\ext\access-bridge-64.jar;C:\Program Files\Java\jdk1.8.0_91\jre\lib\ext\cldrdata.jar;C:\Program Files\Java\jdk1.8.0_91\jre\lib\ext\dnsns.jar;C:\Program Files\Java\jdk1.8.0_91\jre\lib\ext\jaccess.jar;C:\Program Files\Java\jdk1.8.0_91\jre\lib\ext\jfxrt.jar;C:\Program Files\Java\jdk1.8.0_91\jre\lib\ext\localedata.jar;C:\Program Files\Java\jdk1.8.0_91\jre\lib\ext\nashorn.jar;C:\Program Files\Java\jdk1.8.0_91\jre\lib\ext\sunec.jar;C:\Program Files\Java\jdk1.8.0_91\jre\lib\ext\sunjce_provider.jar;C:\Program Files\Java\jdk1.8.0_91\jre\lib\ext\sunmscapi.jar;C:\Program Files\Java\jdk1.8.0_91\jre\lib\ext\sunpkcs11.jar;C:\Program Files\Java\jdk1.8.0_91\jre\lib\ext\zipfs.jar;C:\Program Files\Java\jdk1.8.0_91\jre\lib\javaws.jar;C:\Program Files\Java\jdk1.8.0_91\jre\lib\jce.jar;C:\Program Files\Java\jdk1.8.0_91\jre\lib\jfr.jar;C:\Program Files\Java\jdk1.8.0_91\jre\lib\jfxswt.jar;C:\Program Files\Java\jdk1.8.0_91\jre\lib\jsse.jar;C:\Program Files\Java\jdk1.8.0_91\jre\lib\management-agent.jar;C:\Program Files\Java\jdk1.8.0_91\jre\lib\plugin.jar;C:\Program Files\Java\jdk1.8.0_91\jre\lib\resources.jar;C:\Program Files\Java\jdk1.8.0_91\jre\lib\rt.jar;D:\User\workspace\springboot-maven-hf\jvm-actual\target\classes;D:\m2\repository\org\springframework\boot\spring-boot-starter-web\2.3.5.RELEASE\spring-boot-starter-web-2.3.5.RELEASE.jar;D:\m2\repository\org\springframework\boot\spring-boot-starter\2.3.5.RELEASE\spring-boot-starter-2.3.5.RELEASE.jar;D:\m2\repository\org\springframework\boot\spring-boot\2.3.5.RELEASE\spring-boot-2.3.5.RELEASE.jar;D:\m2\repository\org\springframework\boot\spring-boot-autoconfigure\2.3.5.RELEASE\spring-boot-autoconfigure-2.3.5.RELEASE.jar;D:\m2\repository\org\springframework\boot\spring-boot-starter-logging\2.3.5.RELEASE\spring-boot-starter-logging-2.3.5.RELEASE.jar;D:\m2\repository\ch\qos\logback\logback-classic\1.2.3\logback-classic-1.2.3.jar;D:\m2\repository\ch\qos\logback\logback-core\1.2.3\logback-core-1.2.3.jar;D:\m2\repository\org\apache\logging\log4j\log4j-to-slf4j\2.13.3\log4j-to-slf4j-2.13.3.jar;D:\m2\repository\org\apache\logging\log4j\log4j-api\2.13.3\log4j-api-2.13.3.jar;D:\m2\repository\org\slf4j\jul-to-slf4j\1.7.30\jul-to-slf4j-1.7.30.jar;D:\m2\repository\jakarta\annotation\jakarta.annotation-api\1.3.5\jakarta.annotation-api-1.3.5.jar;D:\m2\repository\org\yaml\snakeyaml\1.26\snakeyaml-1.26.jar;D:\m2\repository\org\springframework\boot\spring-boot-starter-json\2.3.5.RELEASE\spring-boot-starter-json-2.3.5.RELEASE.jar;D:\m2\repository\com\fasterxml\jackson\core\jackson-databind\2.11.3\jackson-databind-2.11.3.jar;D:\m2\repository\com\fasterxml\jackson\core\jackson-annotations\2.11.3\jackson-annotations-2.11.3.jar;D:\m2\repository\com\fasterxml\jackson\core\jackson-core\2.11.3\jackson-core-2.11.3.jar;D:\m2\repository\com\fasterxml\jackson\datatype\jackson-datatype-jdk8\2.11.3\jackson-datatype-jdk8-2.11.3.jar;D:\m2\repository\com\fasterxml\jackson\datatype\jackson-datatype-jsr310\2.11.3\jackson-datatype-jsr310-2.11.3.jar;D:\m2\repository\com\fasterxml\jackson\module\jackson-module-parameter-names\2.11.3\jackson-module-parameter-names-2.11.3.jar;D:\m2\repository\org\springframework\boot\spring-boot-starter-tomcat\2.3.5.RELEASE\spring-boot-starter-tomcat-2.3.5.RELEASE.jar;D:\m2\repository\org\apache\tomcat\embed\tomcat-embed-core\9.0.39\tomcat-embed-core-9.0.39.jar;D:\m2\repository\org\glassfish\jakarta.el\3.0.3\jakarta.el-3.0.3.jar;D:\m2\repository\org\apache\tomcat\embed\tomcat-embed-websocket\9.0.39\tomcat-embed-websocket-9.0.39.jar;D:\m2\repository\org\springframework\spring-web\5.2.10.RELEASE\spring-web-5.2.10.RELEASE.jar;D:\m2\repository\org\springframework\spring-beans\5.2.10.RELEASE\spring-beans-5.2.10.RELEASE.jar;D:\m2\repository\org\springframework\spring-webmvc\5.2.10.RELEASE\spring-webmvc-5.2.10.RELEASE.jar;D:\m2\repository\org\springframework\spring-aop\5.2.10.RELEASE\spring-aop-5.2.10.RELEASE.jar;D:\m2\repository\org\springframework\spring-context\5.2.10.RELEASE\spring-context-5.2.10.RELEASE.jar;D:\m2\repository\org\springframework\spring-expression\5.2.10.RELEASE\spring-expression-5.2.10.RELEASE.jar;D:\m2\repository\org\slf4j\slf4j-api\1.7.30\slf4j-api-1.7.30.jar;D:\m2\repository\org\springframework\spring-core\5.2.10.RELEASE\spring-core-5.2.10.RELEASE.jar;D:\m2\repository\org\springframework\spring-jcl\5.2.10.RELEASE\spring-jcl-5.2.10.RELEASE.jar;D:\m2\repository\io\netty\netty-all\4.1.51.Final\netty-all-4.1.51.Final.jar;D:\m2\repository\org\apache\httpcomponents\httpasyncclient\4.1.4\httpasyncclient-4.1.4.jar;D:\m2\repository\org\apache\httpcomponents\httpcore\4.4.13\httpcore-4.4.13.jar;D:\m2\repository\org\apache\httpcomponents\httpcore-nio\4.4.13\httpcore-nio-4.4.13.jar;D:\m2\repository\org\apache\httpcomponents\httpclient\4.5.13\httpclient-4.5.13.jar;D:\m2\repository\commons-codec\commons-codec\1.14\commons-codec-1.14.jar;D:\Program Files\JetBrains\IntelliJ IDEA Community Edition 2018.2\lib\idea_rt.jar" com.hf.job03.GCLogAnalysis
Connected to the target VM, address: '127.0.0.1:56081', transport: 'socket'
正在执行...
2021-01-21T16:18:05.746+0800: [GC (Allocation Failure) 2021-01-21T16:18:05.746+0800: [ParNew: 68864K->8576K(77440K), 0.0056464 secs] 68864K->22211K(249472K), 0.0057312 secs] [Times: user=0.00 sys=0.00, real=0.00 secs] 
2021-01-21T16:18:05.770+0800: [GC (Allocation Failure) 2021-01-21T16:18:05.770+0800: [ParNew: 77159K->8576K(77440K), 0.0077067 secs] 90795K->41550K(249472K), 0.0077617 secs] [Times: user=0.02 sys=0.05, real=0.01 secs] 
2021-01-21T16:18:05.791+0800: [GC (Allocation Failure) 2021-01-21T16:18:05.791+0800: [ParNew: 77440K->8576K(77440K), 0.0120171 secs] 110414K->63295K(249472K), 0.0120633 secs] [Times: user=0.08 sys=0.00, real=0.01 secs] 
2021-01-21T16:18:05.813+0800: [GC (Allocation Failure) 2021-01-21T16:18:05.813+0800: [ParNew: 77190K->8576K(77440K), 0.0112249 secs] 131909K->84224K(249472K), 0.0112984 secs] [Times: user=0.08 sys=0.01, real=0.01 secs] 
2021-01-21T16:18:05.836+0800: [GC (Allocation Failure) 2021-01-21T16:18:05.836+0800: [ParNew: 77440K->8572K(77440K), 0.0096889 secs] 153088K->101957K(249472K), 0.0097403 secs] [Times: user=0.09 sys=0.02, real=0.01 secs] 
2021-01-21T16:18:05.846+0800: [GC (CMS Initial Mark) [1 CMS-initial-mark: 93384K(172032K)] 102042K(249472K), 0.0001974 secs] [Times: user=0.00 sys=0.00, real=0.00 secs] 
2021-01-21T16:18:05.846+0800: [CMS-concurrent-mark-start]
2021-01-21T16:18:05.847+0800: [CMS-concurrent-mark: 0.001/0.001 secs] [Times: user=0.00 sys=0.00, real=0.00 secs] 
2021-01-21T16:18:05.848+0800: [CMS-concurrent-preclean-start]
2021-01-21T16:18:05.848+0800: [CMS-concurrent-preclean: 0.001/0.001 secs] [Times: user=0.00 sys=0.00, real=0.00 secs] 
2021-01-21T16:18:05.848+0800: [CMS-concurrent-abortable-preclean-start]
2021-01-21T16:18:05.856+0800: [GC (Allocation Failure) 2021-01-21T16:18:05.856+0800: [ParNew: 77387K->8573K(77440K), 0.0136379 secs] 170771K->126533K(249472K), 0.0136939 secs] [Times: user=0.00 sys=0.00, real=0.01 secs] 
2021-01-21T16:18:05.882+0800: [GC (Allocation Failure) 2021-01-21T16:18:05.882+0800: [ParNew: 77437K->8567K(77440K), 0.0130699 secs] 195397K->150721K(249472K), 0.0131187 secs] [Times: user=0.09 sys=0.01, real=0.01 secs] 
2021-01-21T16:18:05.904+0800: [GC (Allocation Failure) 2021-01-21T16:18:05.904+0800: [ParNew: 77431K->8575K(77440K), 0.0139504 secs] 219585K->176247K(249472K), 0.0140404 secs] [Times: user=0.00 sys=0.00, real=0.01 secs] 
2021-01-21T16:18:05.932+0800: [GC (Allocation Failure) 2021-01-21T16:18:05.932+0800: [ParNew: 77088K->8575K(77440K), 0.0120942 secs] 244761K->196676K(266672K), 0.0121559 secs] [Times: user=0.08 sys=0.02, real=0.01 secs] 
2021-01-21T16:18:05.959+0800: [GC (Allocation Failure) 2021-01-21T16:18:05.959+0800: [ParNew: 77176K->8575K(77440K), 0.0139880 secs] 265277K->218529K(288572K), 0.0140486 secs] [Times: user=0.05 sys=0.02, real=0.01 secs] 
2021-01-21T16:18:05.989+0800: [GC (Allocation Failure) 2021-01-21T16:18:05.989+0800: [ParNew: 77431K->8573K(77440K), 0.0150628 secs] 287384K->242887K(312912K), 0.0151312 secs] [Times: user=0.08 sys=0.00, real=0.01 secs] 
2021-01-21T16:18:06.019+0800: [GC (Allocation Failure) 2021-01-21T16:18:06.019+0800: [ParNew: 77437K->8573K(77440K), 0.0136461 secs] 311751K->265914K(335900K), 0.0137047 secs] [Times: user=0.09 sys=0.00, real=0.01 secs] 
2021-01-21T16:18:06.045+0800: [GC (Allocation Failure) 2021-01-21T16:18:06.045+0800: [ParNew: 77418K->8574K(77440K), 0.0115596 secs] 334759K->287255K(357244K), 0.0116207 secs] [Times: user=0.00 sys=0.00, real=0.01 secs] 
2021-01-21T16:18:06.066+0800: [GC (Allocation Failure) 2021-01-21T16:18:06.066+0800: [ParNew: 77438K->8575K(77440K), 0.0145015 secs] 356119K->311958K(382048K), 0.0145503 secs] [Times: user=0.11 sys=0.00, real=0.02 secs] 
2021-01-21T16:18:06.092+0800: [GC (Allocation Failure) 2021-01-21T16:18:06.092+0800: [ParNew: 77376K->8567K(77440K), 0.0145745 secs] 380759K->337669K(407788K), 0.0146413 secs] [Times: user=0.09 sys=0.02, real=0.01 secs] 
2021-01-21T16:18:06.118+0800: [GC (Allocation Failure) 2021-01-21T16:18:06.118+0800: [ParNew: 77431K->8573K(77440K), 0.0106384 secs] 406533K->357731K(427764K), 0.0106846 secs] [Times: user=0.09 sys=0.00, real=0.01 secs] 
2021-01-21T16:18:06.139+0800: [GC (Allocation Failure) 2021-01-21T16:18:06.139+0800: [ParNew: 77437K->8575K(77440K), 0.0131120 secs] 426595K->381372K(451500K), 0.0131680 secs] [Times: user=0.08 sys=0.02, real=0.01 secs] 
2021-01-21T16:18:06.163+0800: [GC (Allocation Failure) 2021-01-21T16:18:06.163+0800: [ParNew: 77439K->8572K(77440K), 0.0163053 secs] 450236K->409889K(479936K), 0.0163788 secs] [Times: user=0.09 sys=0.00, real=0.02 secs] 
2021-01-21T16:18:06.192+0800: [GC (Allocation Failure) 2021-01-21T16:18:06.192+0800: [ParNew: 77436K->8575K(77440K), 0.0127619 secs] 478753K->430632K(500824K), 0.0128185 secs] [Times: user=0.09 sys=0.00, real=0.01 secs] 
2021-01-21T16:18:06.218+0800: [GC (Allocation Failure) 2021-01-21T16:18:06.218+0800: [ParNew: 77439K->8573K(77440K), 0.0127948 secs] 499496K->451155K(521252K), 0.0128524 secs] [Times: user=0.03 sys=0.05, real=0.01 secs] 
2021-01-21T16:18:06.244+0800: [GC (Allocation Failure) 2021-01-21T16:18:06.245+0800: [ParNew: 77037K->8572K(77440K), 0.0133387 secs] 519619K->473283K(543380K), 0.0134256 secs] [Times: user=0.05 sys=0.01, real=0.01 secs] 
2021-01-21T16:18:06.270+0800: [GC (Allocation Failure) 2021-01-21T16:18:06.270+0800: [ParNew: 77324K->8572K(77440K), 0.0126504 secs] 542035K->495199K(565328K), 0.0127059 secs] [Times: user=0.09 sys=0.02, real=0.01 secs] 
2021-01-21T16:18:06.292+0800: [GC (Allocation Failure) 2021-01-21T16:18:06.292+0800: [ParNew: 77436K->8575K(77440K), 0.0124525 secs] 564063K->516732K(586848K), 0.0125136 secs] [Times: user=0.11 sys=0.00, real=0.01 secs] 
2021-01-21T16:18:06.315+0800: [GC (Allocation Failure) 2021-01-21T16:18:06.315+0800: [ParNew: 77439K->8575K(77440K), 0.0115102 secs] 585596K->535702K(605796K), 0.0115580 secs] [Times: user=0.06 sys=0.03, real=0.01 secs] 
2021-01-21T16:18:06.337+0800: [GC (Allocation Failure) 2021-01-21T16:18:06.337+0800: [ParNew: 77439K->8574K(77440K), 0.0135551 secs] 604566K->559639K(629728K), 0.0136101 secs] [Times: user=0.11 sys=0.00, real=0.01 secs] 
2021-01-21T16:18:06.361+0800: [GC (Allocation Failure) 2021-01-21T16:18:06.361+0800: [ParNew: 77438K->8572K(77440K), 0.0124936 secs] 628503K->580364K(650592K), 0.0125604 secs] [Times: user=0.08 sys=0.03, real=0.01 secs] 
2021-01-21T16:18:06.385+0800: [GC (Allocation Failure) 2021-01-21T16:18:06.385+0800: [ParNew: 77436K->8571K(77440K), 0.0131943 secs] 649228K->602395K(672540K), 0.0132498 secs] [Times: user=0.09 sys=0.00, real=0.01 secs] 
2021-01-21T16:18:06.411+0800: [GC (Allocation Failure) 2021-01-21T16:18:06.411+0800: [ParNew: 77435K->8573K(77440K), 0.0137093 secs] 671259K->623109K(693396K), 0.0137597 secs] [Times: user=0.08 sys=0.00, real=0.01 secs] 
2021-01-21T16:18:06.439+0800: [GC (Allocation Failure) 2021-01-21T16:18:06.439+0800: [ParNew: 77437K->8573K(77440K), 0.0137207 secs] 691973K->644226K(714356K), 0.0137895 secs] [Times: user=0.06 sys=0.00, real=0.01 secs] 
2021-01-21T16:18:06.465+0800: [GC (Allocation Failure) 2021-01-21T16:18:06.465+0800: [ParNew: 77437K->8572K(77440K), 0.0152921 secs] 713090K->667482K(737664K), 0.0153661 secs] [Times: user=0.02 sys=0.00, real=0.02 secs] 
2021-01-21T16:18:06.494+0800: [GC (Allocation Failure) 2021-01-21T16:18:06.494+0800: [ParNew: 77237K->8573K(77440K), 0.0145370 secs] 736146K->692036K(762228K), 0.0145997 secs] [Times: user=0.09 sys=0.00, real=0.01 secs] 
2021-01-21T16:18:06.519+0800: [GC (Allocation Failure) 2021-01-21T16:18:06.519+0800: [ParNew: 77374K->8575K(77440K), 0.0137818 secs] 760837K->714291K(784492K), 0.0138337 secs] [Times: user=0.09 sys=0.00, real=0.01 secs] 
2021-01-21T16:18:06.549+0800: [GC (Allocation Failure) 2021-01-21T16:18:06.549+0800: [ParNew: 77439K->8568K(77440K), 0.0124473 secs] 783155K->734123K(804356K), 0.0125111 secs] [Times: user=0.06 sys=0.01, real=0.01 secs] 
2021-01-21T16:18:06.576+0800: [GC (Allocation Failure) 2021-01-21T16:18:06.576+0800: [ParNew: 77432K->8574K(77440K), 0.0134811 secs] 802987K->756440K(826704K), 0.0135613 secs] [Times: user=0.00 sys=0.00, real=0.02 secs] 
2021-01-21T16:18:06.605+0800: [GC (Allocation Failure) 2021-01-21T16:18:06.605+0800: [ParNew: 77438K->8574K(77440K), 0.0166970 secs] 825304K->780233K(850548K), 0.0167582 secs] [Times: user=0.11 sys=0.00, real=0.02 secs] 
2021-01-21T16:18:06.640+0800: [GC (Allocation Failure) 2021-01-21T16:18:06.640+0800: [ParNew: 77438K->8575K(77440K), 0.0141694 secs] 849097K->800062K(870336K), 0.0142470 secs] [Times: user=0.06 sys=0.01, real=0.01 secs] 
2021-01-21T16:18:06.671+0800: [GC (Allocation Failure) 2021-01-21T16:18:06.671+0800: [ParNew: 77439K->8570K(77440K), 0.0149472 secs] 868926K->821353K(891676K), 0.0150192 secs] [Times: user=0.06 sys=0.00, real=0.02 secs] 
Disconnected from the target VM, address: '127.0.0.1:56081', transport: 'socket'
执行结束!共生成对象次数:9765
Heap
 par new generation   total 77440K, used 60183K [0x00000006c0000000, 0x00000006c5400000, 0x00000006e9990000)
  eden space 68864K,  74% used [0x00000006c0000000, 0x00000006c3267528, 0x00000006c4340000)
  from space 8576K,  99% used [0x00000006c4ba0000, 0x00000006c53fe938, 0x00000006c5400000)
  to   space 8576K,   0% used [0x00000006c4340000, 0x00000006c4340000, 0x00000006c4ba0000)
 concurrent mark-sweep generation total 814236K, used 812783K [0x00000006e9990000, 0x000000071b4b7000, 0x00000007c0000000)
 Metaspace       used 3219K, capacity 4568K, committed 4864K, reserved 1056768K
  class space    used 344K, capacity 392K, committed 512K, reserved 1048576K

Process finished with exit code 0
