"C:\Program Files\Java\jdk1.8.0_91\bin\java.exe" -agentlib:jdwp=transport=dt_socket,address=127.0.0.1:55124,suspend=y,server=n -Xmx1024m -XX:+UseG1GC -XX:+PrintGC -XX:+PrintGCDateStamps -javaagent:C:\Users\hfzhang\.IdeaIC2018.2\system\captureAgent\debugger-agent.jar=file:/C:/Users/hfzhang/AppData/Local/Temp/capture.props -Dfile.encoding=UTF-8 -classpath "C:\Program Files\Java\jdk1.8.0_91\jre\lib\charsets.jar;C:\Program Files\Java\jdk1.8.0_91\jre\lib\deploy.jar;C:\Program Files\Java\jdk1.8.0_91\jre\lib\ext\access-bridge-64.jar;C:\Program Files\Java\jdk1.8.0_91\jre\lib\ext\cldrdata.jar;C:\Program Files\Java\jdk1.8.0_91\jre\lib\ext\dnsns.jar;C:\Program Files\Java\jdk1.8.0_91\jre\lib\ext\jaccess.jar;C:\Program Files\Java\jdk1.8.0_91\jre\lib\ext\jfxrt.jar;C:\Program Files\Java\jdk1.8.0_91\jre\lib\ext\localedata.jar;C:\Program Files\Java\jdk1.8.0_91\jre\lib\ext\nashorn.jar;C:\Program Files\Java\jdk1.8.0_91\jre\lib\ext\sunec.jar;C:\Program Files\Java\jdk1.8.0_91\jre\lib\ext\sunjce_provider.jar;C:\Program Files\Java\jdk1.8.0_91\jre\lib\ext\sunmscapi.jar;C:\Program Files\Java\jdk1.8.0_91\jre\lib\ext\sunpkcs11.jar;C:\Program Files\Java\jdk1.8.0_91\jre\lib\ext\zipfs.jar;C:\Program Files\Java\jdk1.8.0_91\jre\lib\javaws.jar;C:\Program Files\Java\jdk1.8.0_91\jre\lib\jce.jar;C:\Program Files\Java\jdk1.8.0_91\jre\lib\jfr.jar;C:\Program Files\Java\jdk1.8.0_91\jre\lib\jfxswt.jar;C:\Program Files\Java\jdk1.8.0_91\jre\lib\jsse.jar;C:\Program Files\Java\jdk1.8.0_91\jre\lib\management-agent.jar;C:\Program Files\Java\jdk1.8.0_91\jre\lib\plugin.jar;C:\Program Files\Java\jdk1.8.0_91\jre\lib\resources.jar;C:\Program Files\Java\jdk1.8.0_91\jre\lib\rt.jar;D:\User\workspace\springboot-maven-hf\jvm-actual\target\classes;D:\m2\repository\org\springframework\boot\spring-boot-starter-web\2.3.5.RELEASE\spring-boot-starter-web-2.3.5.RELEASE.jar;D:\m2\repository\org\springframework\boot\spring-boot-starter\2.3.5.RELEASE\spring-boot-starter-2.3.5.RELEASE.jar;D:\m2\repository\org\springframework\boot\spring-boot\2.3.5.RELEASE\spring-boot-2.3.5.RELEASE.jar;D:\m2\repository\org\springframework\boot\spring-boot-autoconfigure\2.3.5.RELEASE\spring-boot-autoconfigure-2.3.5.RELEASE.jar;D:\m2\repository\org\springframework\boot\spring-boot-starter-logging\2.3.5.RELEASE\spring-boot-starter-logging-2.3.5.RELEASE.jar;D:\m2\repository\ch\qos\logback\logback-classic\1.2.3\logback-classic-1.2.3.jar;D:\m2\repository\ch\qos\logback\logback-core\1.2.3\logback-core-1.2.3.jar;D:\m2\repository\org\apache\logging\log4j\log4j-to-slf4j\2.13.3\log4j-to-slf4j-2.13.3.jar;D:\m2\repository\org\apache\logging\log4j\log4j-api\2.13.3\log4j-api-2.13.3.jar;D:\m2\repository\org\slf4j\jul-to-slf4j\1.7.30\jul-to-slf4j-1.7.30.jar;D:\m2\repository\jakarta\annotation\jakarta.annotation-api\1.3.5\jakarta.annotation-api-1.3.5.jar;D:\m2\repository\org\yaml\snakeyaml\1.26\snakeyaml-1.26.jar;D:\m2\repository\org\springframework\boot\spring-boot-starter-json\2.3.5.RELEASE\spring-boot-starter-json-2.3.5.RELEASE.jar;D:\m2\repository\com\fasterxml\jackson\core\jackson-databind\2.11.3\jackson-databind-2.11.3.jar;D:\m2\repository\com\fasterxml\jackson\core\jackson-annotations\2.11.3\jackson-annotations-2.11.3.jar;D:\m2\repository\com\fasterxml\jackson\core\jackson-core\2.11.3\jackson-core-2.11.3.jar;D:\m2\repository\com\fasterxml\jackson\datatype\jackson-datatype-jdk8\2.11.3\jackson-datatype-jdk8-2.11.3.jar;D:\m2\repository\com\fasterxml\jackson\datatype\jackson-datatype-jsr310\2.11.3\jackson-datatype-jsr310-2.11.3.jar;D:\m2\repository\com\fasterxml\jackson\module\jackson-module-parameter-names\2.11.3\jackson-module-parameter-names-2.11.3.jar;D:\m2\repository\org\springframework\boot\spring-boot-starter-tomcat\2.3.5.RELEASE\spring-boot-starter-tomcat-2.3.5.RELEASE.jar;D:\m2\repository\org\apache\tomcat\embed\tomcat-embed-core\9.0.39\tomcat-embed-core-9.0.39.jar;D:\m2\repository\org\glassfish\jakarta.el\3.0.3\jakarta.el-3.0.3.jar;D:\m2\repository\org\apache\tomcat\embed\tomcat-embed-websocket\9.0.39\tomcat-embed-websocket-9.0.39.jar;D:\m2\repository\org\springframework\spring-web\5.2.10.RELEASE\spring-web-5.2.10.RELEASE.jar;D:\m2\repository\org\springframework\spring-beans\5.2.10.RELEASE\spring-beans-5.2.10.RELEASE.jar;D:\m2\repository\org\springframework\spring-webmvc\5.2.10.RELEASE\spring-webmvc-5.2.10.RELEASE.jar;D:\m2\repository\org\springframework\spring-aop\5.2.10.RELEASE\spring-aop-5.2.10.RELEASE.jar;D:\m2\repository\org\springframework\spring-context\5.2.10.RELEASE\spring-context-5.2.10.RELEASE.jar;D:\m2\repository\org\springframework\spring-expression\5.2.10.RELEASE\spring-expression-5.2.10.RELEASE.jar;D:\m2\repository\org\slf4j\slf4j-api\1.7.30\slf4j-api-1.7.30.jar;D:\m2\repository\org\springframework\spring-core\5.2.10.RELEASE\spring-core-5.2.10.RELEASE.jar;D:\m2\repository\org\springframework\spring-jcl\5.2.10.RELEASE\spring-jcl-5.2.10.RELEASE.jar;D:\m2\repository\io\netty\netty-all\4.1.51.Final\netty-all-4.1.51.Final.jar;D:\m2\repository\org\apache\httpcomponents\httpasyncclient\4.1.4\httpasyncclient-4.1.4.jar;D:\m2\repository\org\apache\httpcomponents\httpcore\4.4.13\httpcore-4.4.13.jar;D:\m2\repository\org\apache\httpcomponents\httpcore-nio\4.4.13\httpcore-nio-4.4.13.jar;D:\m2\repository\org\apache\httpcomponents\httpclient\4.5.13\httpclient-4.5.13.jar;D:\m2\repository\commons-codec\commons-codec\1.14\commons-codec-1.14.jar;D:\Program Files\JetBrains\IntelliJ IDEA Community Edition 2018.2\lib\idea_rt.jar" com.hf.job03.GCLogAnalysis
Connected to the target VM, address: '127.0.0.1:55124', transport: 'socket'
正在执行...
2021-01-21T16:10:18.718+0800: [GC pause (G1 Evacuation Pause) (young) 30M->10M(252M), 0.0031558 secs]
2021-01-21T16:10:18.731+0800: [GC pause (G1 Evacuation Pause) (young) 36M->18M(252M), 0.0024536 secs]
2021-01-21T16:10:18.749+0800: [GC pause (G1 Evacuation Pause) (young) 64M->35M(252M), 0.0041474 secs]
2021-01-21T16:10:18.826+0800: [GC pause (G1 Evacuation Pause) (young) 218M->96M(296M), 0.0115195 secs]
2021-01-21T16:10:18.850+0800: [GC pause (G1 Evacuation Pause) (young) 166M->114M(296M), 0.0046774 secs]
2021-01-21T16:10:18.868+0800: [GC pause (G1 Humongous Allocation) (young) (initial-mark) 169M->130M(296M), 0.0039515 secs]
2021-01-21T16:10:18.872+0800: [GC concurrent-root-region-scan-start]
2021-01-21T16:10:18.872+0800: [GC concurrent-root-region-scan-end, 0.0001712 secs]
2021-01-21T16:10:18.872+0800: [GC concurrent-mark-start]
2021-01-21T16:10:18.874+0800: [GC concurrent-mark-end, 0.0020526 secs]
2021-01-21T16:10:18.874+0800: [GC remark, 0.0017211 secs]
2021-01-21T16:10:18.876+0800: [GC cleanup 139M->139M(296M), 0.0005007 secs]
2021-01-21T16:10:18.898+0800: [GC pause (G1 Evacuation Pause) (young) 237M->163M(302M), 0.0061049 secs]
2021-01-21T16:10:18.905+0800: [GC pause (G1 Evacuation Pause) (mixed) 169M->165M(302M), 0.0024227 secs]
2021-01-21T16:10:18.910+0800: [GC pause (G1 Humongous Allocation) (young) (initial-mark) 174M->168M(302M), 0.0012548 secs]
2021-01-21T16:10:18.911+0800: [GC concurrent-root-region-scan-start]
2021-01-21T16:10:18.912+0800: [GC concurrent-root-region-scan-end, 0.0001265 secs]
2021-01-21T16:10:18.912+0800: [GC concurrent-mark-start]
2021-01-21T16:10:18.913+0800: [GC concurrent-mark-end, 0.0014640 secs]
2021-01-21T16:10:18.913+0800: [GC remark, 0.0013607 secs]
2021-01-21T16:10:18.915+0800: [GC cleanup 175M->175M(302M), 0.0005367 secs]
2021-01-21T16:10:18.929+0800: [GC pause (G1 Evacuation Pause) (young) 240M->191M(302M), 0.0034879 secs]
2021-01-21T16:10:18.935+0800: [GC pause (G1 Evacuation Pause) (mixed) 200M->181M(302M), 0.0041746 secs]
2021-01-21T16:10:18.939+0800: [GC pause (G1 Humongous Allocation) (young) (initial-mark) 181M->180M(447M), 0.0041356 secs]
2021-01-21T16:10:18.943+0800: [GC concurrent-root-region-scan-start]
2021-01-21T16:10:18.944+0800: [GC concurrent-root-region-scan-end, 0.0001748 secs]
2021-01-21T16:10:18.944+0800: [GC concurrent-mark-start]
2021-01-21T16:10:18.945+0800: [GC concurrent-mark-end, 0.0016897 secs]
2021-01-21T16:10:18.945+0800: [GC remark, 0.0015201 secs]
2021-01-21T16:10:18.947+0800: [GC cleanup 184M->184M(447M), 0.0005346 secs]
2021-01-21T16:10:19.028+0800: [GC pause (G1 Evacuation Pause) (young) 379M->242M(586M), 0.0117215 secs]
2021-01-21T16:10:19.065+0800: [GC pause (G1 Humongous Allocation) (young) (initial-mark) 303M->261M(674M), 0.0070374 secs]
2021-01-21T16:10:19.072+0800: [GC concurrent-root-region-scan-start]
2021-01-21T16:10:19.073+0800: [GC concurrent-root-region-scan-end, 0.0001049 secs]
2021-01-21T16:10:19.073+0800: [GC concurrent-mark-start]
2021-01-21T16:10:19.074+0800: [GC concurrent-mark-end, 0.0019411 secs]
2021-01-21T16:10:19.075+0800: [GC remark, 0.0014563 secs]
2021-01-21T16:10:19.076+0800: [GC cleanup 265M->263M(674M), 0.0005475 secs]
2021-01-21T16:10:19.077+0800: [GC concurrent-cleanup-start]
2021-01-21T16:10:19.077+0800: [GC concurrent-cleanup-end, 0.0000365 secs]
2021-01-21T16:10:19.170+0800: [GC pause (G1 Evacuation Pause) (young) 551M->345M(762M), 0.0143997 secs]
2021-01-21T16:10:19.187+0800: [GC pause (G1 Evacuation Pause) (mixed) 353M->328M(815M), 0.0070359 secs]
2021-01-21T16:10:19.200+0800: [GC pause (G1 Humongous Allocation) (young) (initial-mark) 338M->329M(857M), 0.0021580 secs]
2021-01-21T16:10:19.202+0800: [GC concurrent-root-region-scan-start]
2021-01-21T16:10:19.202+0800: [GC concurrent-root-region-scan-end, 0.0000992 secs]
2021-01-21T16:10:19.202+0800: [GC concurrent-mark-start]
2021-01-21T16:10:19.204+0800: [GC concurrent-mark-end, 0.0016568 secs]
2021-01-21T16:10:19.204+0800: [GC remark, 0.0016121 secs]
2021-01-21T16:10:19.206+0800: [GC cleanup 336M->336M(857M), 0.0006359 secs]
2021-01-21T16:10:19.319+0800: [GC pause (G1 Evacuation Pause) (young) 725M->438M(930M), 0.0158062 secs]
2021-01-21T16:10:19.341+0800: [GC pause (G1 Evacuation Pause) (mixed) 447M->407M(949M), 0.0071423 secs]
2021-01-21T16:10:19.353+0800: [GC pause (G1 Humongous Allocation) (young) (initial-mark) 417M->408M(964M), 0.0026798 secs]
2021-01-21T16:10:19.356+0800: [GC concurrent-root-region-scan-start]
2021-01-21T16:10:19.356+0800: [GC concurrent-root-region-scan-end, 0.0001373 secs]
2021-01-21T16:10:19.356+0800: [GC concurrent-mark-start]
2021-01-21T16:10:19.359+0800: [GC concurrent-mark-end, 0.0024351 secs]
2021-01-21T16:10:19.359+0800: [GC remark, 0.0019020 secs]
2021-01-21T16:10:19.361+0800: [GC cleanup 414M->413M(964M), 0.0006857 secs]
2021-01-21T16:10:19.362+0800: [GC concurrent-cleanup-start]
2021-01-21T16:10:19.362+0800: [GC concurrent-cleanup-end, 0.0000298 secs]
2021-01-21T16:10:19.474+0800: [GC pause (G1 Evacuation Pause) (young) 811M->497M(1010M), 0.0173468 secs]
2021-01-21T16:10:19.496+0800: [GC pause (G1 Evacuation Pause) (mixed) 508M->434M(1013M), 0.0074636 secs]
2021-01-21T16:10:19.506+0800: [GC pause (G1 Humongous Allocation) (young) (initial-mark) 440M->435M(1016M), 0.0013391 secs]
2021-01-21T16:10:19.507+0800: [GC concurrent-root-region-scan-start]
2021-01-21T16:10:19.507+0800: [GC concurrent-root-region-scan-end, 0.0001321 secs]
2021-01-21T16:10:19.507+0800: [GC concurrent-mark-start]
2021-01-21T16:10:19.509+0800: [GC concurrent-mark-end, 0.0020182 secs]
2021-01-21T16:10:19.509+0800: [GC remark, 0.0016799 secs]
2021-01-21T16:10:19.511+0800: [GC cleanup 442M->438M(1016M), 0.0006811 secs]
2021-01-21T16:10:19.512+0800: [GC concurrent-cleanup-start]
2021-01-21T16:10:19.512+0800: [GC concurrent-cleanup-end, 0.0000236 secs]
2021-01-21T16:10:19.593+0800: [GC pause (G1 Evacuation Pause) (young)-- 856M->665M(1024M), 0.0083755 secs]
2021-01-21T16:10:19.604+0800: [GC pause (G1 Evacuation Pause) (mixed) 676M->609M(1024M), 0.0082583 secs]
2021-01-21T16:10:19.614+0800: [GC pause (G1 Humongous Allocation) (young) (initial-mark) 614M->609M(1024M), 0.0020675 secs]
2021-01-21T16:10:19.616+0800: [GC concurrent-root-region-scan-start]
2021-01-21T16:10:19.616+0800: [GC concurrent-root-region-scan-end, 0.0001316 secs]
2021-01-21T16:10:19.616+0800: [GC concurrent-mark-start]
2021-01-21T16:10:19.619+0800: [GC concurrent-mark-end, 0.0030833 secs]
2021-01-21T16:10:19.619+0800: [GC remark, 0.0027240 secs]
2021-01-21T16:10:19.622+0800: [GC cleanup 621M->617M(1024M), 0.0008857 secs]
2021-01-21T16:10:19.623+0800: [GC concurrent-cleanup-start]
2021-01-21T16:10:19.623+0800: [GC concurrent-cleanup-end, 0.0000334 secs]
Disconnected from the target VM, address: '127.0.0.1:55124', transport: 'socket'
执行结束!共生成对象次数:9731

Process finished with exit code 0
