"C:\Program Files\Java\jdk1.8.0_91\bin\java.exe" -agentlib:jdwp=transport=dt_socket,address=127.0.0.1:55162,suspend=y,server=n -Xmx128m -XX:+UseG1GC -XX:+PrintGC -XX:+PrintGCDateStamps -javaagent:C:\Users\hfzhang\.IdeaIC2018.2\system\captureAgent\debugger-agent.jar=file:/C:/Users/hfzhang/AppData/Local/Temp/capture.props -Dfile.encoding=UTF-8 -classpath "C:\Program Files\Java\jdk1.8.0_91\jre\lib\charsets.jar;C:\Program Files\Java\jdk1.8.0_91\jre\lib\deploy.jar;C:\Program Files\Java\jdk1.8.0_91\jre\lib\ext\access-bridge-64.jar;C:\Program Files\Java\jdk1.8.0_91\jre\lib\ext\cldrdata.jar;C:\Program Files\Java\jdk1.8.0_91\jre\lib\ext\dnsns.jar;C:\Program Files\Java\jdk1.8.0_91\jre\lib\ext\jaccess.jar;C:\Program Files\Java\jdk1.8.0_91\jre\lib\ext\jfxrt.jar;C:\Program Files\Java\jdk1.8.0_91\jre\lib\ext\localedata.jar;C:\Program Files\Java\jdk1.8.0_91\jre\lib\ext\nashorn.jar;C:\Program Files\Java\jdk1.8.0_91\jre\lib\ext\sunec.jar;C:\Program Files\Java\jdk1.8.0_91\jre\lib\ext\sunjce_provider.jar;C:\Program Files\Java\jdk1.8.0_91\jre\lib\ext\sunmscapi.jar;C:\Program Files\Java\jdk1.8.0_91\jre\lib\ext\sunpkcs11.jar;C:\Program Files\Java\jdk1.8.0_91\jre\lib\ext\zipfs.jar;C:\Program Files\Java\jdk1.8.0_91\jre\lib\javaws.jar;C:\Program Files\Java\jdk1.8.0_91\jre\lib\jce.jar;C:\Program Files\Java\jdk1.8.0_91\jre\lib\jfr.jar;C:\Program Files\Java\jdk1.8.0_91\jre\lib\jfxswt.jar;C:\Program Files\Java\jdk1.8.0_91\jre\lib\jsse.jar;C:\Program Files\Java\jdk1.8.0_91\jre\lib\management-agent.jar;C:\Program Files\Java\jdk1.8.0_91\jre\lib\plugin.jar;C:\Program Files\Java\jdk1.8.0_91\jre\lib\resources.jar;C:\Program Files\Java\jdk1.8.0_91\jre\lib\rt.jar;D:\User\workspace\springboot-maven-hf\jvm-actual\target\classes;D:\m2\repository\org\springframework\boot\spring-boot-starter-web\2.3.5.RELEASE\spring-boot-starter-web-2.3.5.RELEASE.jar;D:\m2\repository\org\springframework\boot\spring-boot-starter\2.3.5.RELEASE\spring-boot-starter-2.3.5.RELEASE.jar;D:\m2\repository\org\springframework\boot\spring-boot\2.3.5.RELEASE\spring-boot-2.3.5.RELEASE.jar;D:\m2\repository\org\springframework\boot\spring-boot-autoconfigure\2.3.5.RELEASE\spring-boot-autoconfigure-2.3.5.RELEASE.jar;D:\m2\repository\org\springframework\boot\spring-boot-starter-logging\2.3.5.RELEASE\spring-boot-starter-logging-2.3.5.RELEASE.jar;D:\m2\repository\ch\qos\logback\logback-classic\1.2.3\logback-classic-1.2.3.jar;D:\m2\repository\ch\qos\logback\logback-core\1.2.3\logback-core-1.2.3.jar;D:\m2\repository\org\apache\logging\log4j\log4j-to-slf4j\2.13.3\log4j-to-slf4j-2.13.3.jar;D:\m2\repository\org\apache\logging\log4j\log4j-api\2.13.3\log4j-api-2.13.3.jar;D:\m2\repository\org\slf4j\jul-to-slf4j\1.7.30\jul-to-slf4j-1.7.30.jar;D:\m2\repository\jakarta\annotation\jakarta.annotation-api\1.3.5\jakarta.annotation-api-1.3.5.jar;D:\m2\repository\org\yaml\snakeyaml\1.26\snakeyaml-1.26.jar;D:\m2\repository\org\springframework\boot\spring-boot-starter-json\2.3.5.RELEASE\spring-boot-starter-json-2.3.5.RELEASE.jar;D:\m2\repository\com\fasterxml\jackson\core\jackson-databind\2.11.3\jackson-databind-2.11.3.jar;D:\m2\repository\com\fasterxml\jackson\core\jackson-annotations\2.11.3\jackson-annotations-2.11.3.jar;D:\m2\repository\com\fasterxml\jackson\core\jackson-core\2.11.3\jackson-core-2.11.3.jar;D:\m2\repository\com\fasterxml\jackson\datatype\jackson-datatype-jdk8\2.11.3\jackson-datatype-jdk8-2.11.3.jar;D:\m2\repository\com\fasterxml\jackson\datatype\jackson-datatype-jsr310\2.11.3\jackson-datatype-jsr310-2.11.3.jar;D:\m2\repository\com\fasterxml\jackson\module\jackson-module-parameter-names\2.11.3\jackson-module-parameter-names-2.11.3.jar;D:\m2\repository\org\springframework\boot\spring-boot-starter-tomcat\2.3.5.RELEASE\spring-boot-starter-tomcat-2.3.5.RELEASE.jar;D:\m2\repository\org\apache\tomcat\embed\tomcat-embed-core\9.0.39\tomcat-embed-core-9.0.39.jar;D:\m2\repository\org\glassfish\jakarta.el\3.0.3\jakarta.el-3.0.3.jar;D:\m2\repository\org\apache\tomcat\embed\tomcat-embed-websocket\9.0.39\tomcat-embed-websocket-9.0.39.jar;D:\m2\repository\org\springframework\spring-web\5.2.10.RELEASE\spring-web-5.2.10.RELEASE.jar;D:\m2\repository\org\springframework\spring-beans\5.2.10.RELEASE\spring-beans-5.2.10.RELEASE.jar;D:\m2\repository\org\springframework\spring-webmvc\5.2.10.RELEASE\spring-webmvc-5.2.10.RELEASE.jar;D:\m2\repository\org\springframework\spring-aop\5.2.10.RELEASE\spring-aop-5.2.10.RELEASE.jar;D:\m2\repository\org\springframework\spring-context\5.2.10.RELEASE\spring-context-5.2.10.RELEASE.jar;D:\m2\repository\org\springframework\spring-expression\5.2.10.RELEASE\spring-expression-5.2.10.RELEASE.jar;D:\m2\repository\org\slf4j\slf4j-api\1.7.30\slf4j-api-1.7.30.jar;D:\m2\repository\org\springframework\spring-core\5.2.10.RELEASE\spring-core-5.2.10.RELEASE.jar;D:\m2\repository\org\springframework\spring-jcl\5.2.10.RELEASE\spring-jcl-5.2.10.RELEASE.jar;D:\m2\repository\io\netty\netty-all\4.1.51.Final\netty-all-4.1.51.Final.jar;D:\m2\repository\org\apache\httpcomponents\httpasyncclient\4.1.4\httpasyncclient-4.1.4.jar;D:\m2\repository\org\apache\httpcomponents\httpcore\4.4.13\httpcore-4.4.13.jar;D:\m2\repository\org\apache\httpcomponents\httpcore-nio\4.4.13\httpcore-nio-4.4.13.jar;D:\m2\repository\org\apache\httpcomponents\httpclient\4.5.13\httpclient-4.5.13.jar;D:\m2\repository\commons-codec\commons-codec\1.14\commons-codec-1.14.jar;D:\Program Files\JetBrains\IntelliJ IDEA Community Edition 2018.2\lib\idea_rt.jar" com.hf.job03.GCLogAnalysis
Connected to the target VM, address: '127.0.0.1:55162', transport: 'socket'
正在执行...
2021-01-21T16:10:38.473+0800: [GC pause (G1 Evacuation Pause) (young) 27M->10M(128M), 0.0030000 secs]
2021-01-21T16:10:38.490+0800: [GC pause (G1 Evacuation Pause) (young) 42M->21M(128M), 0.0039891 secs]
2021-01-21T16:10:38.531+0800: [GC pause (G1 Evacuation Pause) (young)-- 112M->98M(128M), 0.0011571 secs]
2021-01-21T16:10:38.533+0800: [GC pause (G1 Humongous Allocation) (young) (initial-mark) 100M->99M(128M), 0.0006729 secs]
2021-01-21T16:10:38.534+0800: [GC concurrent-root-region-scan-start]
2021-01-21T16:10:38.534+0800: [GC concurrent-root-region-scan-end, 0.0001033 secs]
2021-01-21T16:10:38.534+0800: [GC concurrent-mark-start]
2021-01-21T16:10:38.535+0800: [GC concurrent-mark-end, 0.0009901 secs]
2021-01-21T16:10:38.535+0800: [GC remark, 0.0012934 secs]
2021-01-21T16:10:38.537+0800: [GC cleanup 104M->104M(128M), 0.0003979 secs]
2021-01-21T16:10:38.538+0800: [GC pause (G1 Evacuation Pause) (young) 106M->99M(128M), 0.0010291 secs]
2021-01-21T16:10:38.540+0800: [GC pause (G1 Evacuation Pause) (mixed) 106M->90M(128M), 0.0010528 secs]
2021-01-21T16:10:38.543+0800: [GC pause (G1 Evacuation Pause) (mixed) 97M->82M(128M), 0.0013823 secs]
2021-01-21T16:10:38.545+0800: [GC pause (G1 Evacuation Pause) (mixed) 88M->74M(128M), 0.0015375 secs]
2021-01-21T16:10:38.548+0800: [GC pause (G1 Evacuation Pause) (mixed) 80M->69M(128M), 0.0015237 secs]
2021-01-21T16:10:38.551+0800: [GC pause (G1 Evacuation Pause) (mixed) 76M->69M(128M), 0.0011006 secs]
2021-01-21T16:10:38.552+0800: [GC pause (G1 Humongous Allocation) (young) (initial-mark) 70M->69M(128M), 0.0005691 secs]
2021-01-21T16:10:38.553+0800: [GC concurrent-root-region-scan-start]
2021-01-21T16:10:38.553+0800: [GC concurrent-root-region-scan-end, 0.0001167 secs]
2021-01-21T16:10:38.553+0800: [GC concurrent-mark-start]
2021-01-21T16:10:38.554+0800: [GC concurrent-mark-end, 0.0009926 secs]
2021-01-21T16:10:38.554+0800: [GC remark, 0.0011201 secs]
2021-01-21T16:10:38.555+0800: [GC cleanup 76M->76M(128M), 0.0003434 secs]
2021-01-21T16:10:38.560+0800: [GC pause (G1 Evacuation Pause) (young) 101M->83M(128M), 0.0019642 secs]
2021-01-21T16:10:38.563+0800: [GC pause (G1 Evacuation Pause) (mixed) 89M->83M(128M), 0.0013252 secs]
2021-01-21T16:10:38.565+0800: [GC pause (G1 Humongous Allocation) (young) (initial-mark) 84M->83M(128M), 0.0006847 secs]
2021-01-21T16:10:38.565+0800: [GC concurrent-root-region-scan-start]
2021-01-21T16:10:38.566+0800: [GC concurrent-root-region-scan-end, 0.0001080 secs]
2021-01-21T16:10:38.566+0800: [GC concurrent-mark-start]
2021-01-21T16:10:38.567+0800: [GC concurrent-mark-end, 0.0013283 secs]
2021-01-21T16:10:38.567+0800: [GC remark, 0.0010692 secs]
2021-01-21T16:10:38.568+0800: [GC cleanup 92M->92M(128M), 0.0003357 secs]
2021-01-21T16:10:38.570+0800: [GC pause (G1 Evacuation Pause) (young) 99M->88M(128M), 0.0012975 secs]
2021-01-21T16:10:38.572+0800: [GC pause (G1 Evacuation Pause) (mixed) 95M->88M(128M), 0.0015684 secs]
2021-01-21T16:10:38.575+0800: [GC pause (G1 Humongous Allocation) (young) (initial-mark) 93M->89M(128M), 0.0007865 secs]
2021-01-21T16:10:38.576+0800: [GC concurrent-root-region-scan-start]
2021-01-21T16:10:38.576+0800: [GC concurrent-root-region-scan-end, 0.0000992 secs]
2021-01-21T16:10:38.576+0800: [GC concurrent-mark-start]
2021-01-21T16:10:38.577+0800: [GC concurrent-mark-end, 0.0011690 secs]
2021-01-21T16:10:38.577+0800: [GC remark, 0.0011715 secs]
2021-01-21T16:10:38.578+0800: [GC cleanup 99M->99M(128M), 0.0003963 secs]
2021-01-21T16:10:38.579+0800: [GC pause (G1 Evacuation Pause) (young) 100M->93M(128M), 0.0011325 secs]
2021-01-21T16:10:38.581+0800: [GC pause (G1 Evacuation Pause) (mixed) 101M->96M(128M), 0.0014399 secs]
2021-01-21T16:10:38.583+0800: [GC pause (G1 Humongous Allocation) (young) (initial-mark) 97M->96M(128M), 0.0006935 secs]
2021-01-21T16:10:38.584+0800: [GC concurrent-root-region-scan-start]
2021-01-21T16:10:38.584+0800: [GC concurrent-root-region-scan-end, 0.0000473 secs]
2021-01-21T16:10:38.584+0800: [GC concurrent-mark-start]
2021-01-21T16:10:38.585+0800: [GC concurrent-mark-end, 0.0010728 secs]
2021-01-21T16:10:38.585+0800: [GC remark, 0.0012435 secs]
2021-01-21T16:10:38.586+0800: [GC cleanup 102M->102M(128M), 0.0003711 secs]
2021-01-21T16:10:38.587+0800: [GC pause (G1 Evacuation Pause) (young) 103M->98M(128M), 0.0008312 secs]
2021-01-21T16:10:38.589+0800: [GC pause (G1 Evacuation Pause) (mixed) 105M->97M(128M), 0.0013602 secs]
2021-01-21T16:10:38.591+0800: [GC pause (G1 Humongous Allocation) (young) (initial-mark) 99M->97M(128M), 0.0007140 secs]
2021-01-21T16:10:38.592+0800: [GC concurrent-root-region-scan-start]
2021-01-21T16:10:38.592+0800: [GC concurrent-root-region-scan-end, 0.0000535 secs]
2021-01-21T16:10:38.592+0800: [GC concurrent-mark-start]
2021-01-21T16:10:38.593+0800: [GC pause (G1 Evacuation Pause) (young) 104M->99M(128M), 0.0008312 secs]
2021-01-21T16:10:38.594+0800: [GC concurrent-mark-end, 0.0021338 secs]
2021-01-21T16:10:38.594+0800: [GC remark, 0.0011510 secs]
2021-01-21T16:10:38.595+0800: [GC cleanup 102M->102M(128M), 0.0003434 secs]
2021-01-21T16:10:38.597+0800: [GC pause (G1 Evacuation Pause) (young) 105M->102M(128M), 0.0008287 secs]
2021-01-21T16:10:38.598+0800: [GC pause (G1 Evacuation Pause) (mixed)-- 110M->110M(128M), 0.0010703 secs]
2021-01-21T16:10:38.600+0800: [GC pause (G1 Humongous Allocation) (young) (initial-mark)-- 112M->112M(128M), 0.0007634 secs]
2021-01-21T16:10:38.601+0800: [GC concurrent-root-region-scan-start]
2021-01-21T16:10:38.601+0800: [GC concurrent-root-region-scan-end, 0.0000211 secs]
2021-01-21T16:10:38.601+0800: [GC concurrent-mark-start]
2021-01-21T16:10:38.601+0800: [GC pause (G1 Humongous Allocation) (young) 112M->112M(128M), 0.0005408 secs]
2021-01-21T16:10:38.601+0800: [Full GC (Allocation Failure)  112M->94M(128M), 0.0128241 secs]
2021-01-21T16:10:38.614+0800: [GC concurrent-mark-abort]
2021-01-21T16:10:38.615+0800: [GC pause (G1 Humongous Allocation) (young) (initial-mark) 98M->95M(128M), 0.0007300 secs]
2021-01-21T16:10:38.616+0800: [GC concurrent-root-region-scan-start]
2021-01-21T16:10:38.616+0800: [GC concurrent-root-region-scan-end, 0.0001059 secs]
2021-01-21T16:10:38.616+0800: [GC concurrent-mark-start]
2021-01-21T16:10:38.617+0800: [GC pause (G1 Evacuation Pause) (young)-- 101M->101M(128M), 0.0008107 secs]
2021-01-21T16:10:38.618+0800: [GC pause (G1 Humongous Allocation) (young)-- 101M->101M(128M), 0.0005680 secs]
2021-01-21T16:10:38.618+0800: [Full GC (Allocation Failure)  101M->97M(128M), 0.0063203 secs]
2021-01-21T16:10:38.625+0800: [GC concurrent-mark-abort]
2021-01-21T16:10:38.625+0800: [GC pause (G1 Evacuation Pause) (young)-- 100M->99M(128M), 0.0007860 secs]
2021-01-21T16:10:38.626+0800: [GC pause (G1 Evacuation Pause) (young) (initial-mark)-- 100M->100M(128M), 0.0006405 secs]
2021-01-21T16:10:38.627+0800: [GC concurrent-root-region-scan-start]
2021-01-21T16:10:38.627+0800: [GC concurrent-root-region-scan-end, 0.0000211 secs]
2021-01-21T16:10:38.627+0800: [GC concurrent-mark-start]
2021-01-21T16:10:38.627+0800: [Full GC (Allocation Failure)  100M->98M(128M), 0.0026957 secs]
2021-01-21T16:10:38.630+0800: [GC concurrent-mark-abort]
2021-01-21T16:10:38.630+0800: [GC pause (G1 Humongous Allocation) (young) (initial-mark) 98M->98M(128M), 0.0006929 secs]
2021-01-21T16:10:38.631+0800: [GC concurrent-root-region-scan-start]
2021-01-21T16:10:38.631+0800: [GC concurrent-root-region-scan-end, 0.0000406 secs]
2021-01-21T16:10:38.631+0800: [GC concurrent-mark-start]
2021-01-21T16:10:38.631+0800: [GC pause (G1 Evacuation Pause) (young)-- 99M->99M(128M), 0.0006996 secs]
2021-01-21T16:10:38.632+0800: [GC pause (G1 Evacuation Pause) (young) 99M->99M(128M), 0.0005845 secs]
2021-01-21T16:10:38.632+0800: [Full GC (Allocation Failure)  99M->99M(128M), 0.0030586 secs]
2021-01-21T16:10:38.636+0800: [GC concurrent-mark-abort]
2021-01-21T16:10:38.636+0800: [GC pause (G1 Evacuation Pause) (young)-- 100M->100M(128M), 0.0006061 secs]
2021-01-21T16:10:38.636+0800: [Full GC (Allocation Failure)  100M->99M(128M), 0.0039567 secs]
2021-01-21T16:10:38.641+0800: [GC pause (G1 Evacuation Pause) (young)-- 100M->100M(128M), 0.0006714 secs]
2021-01-21T16:10:38.641+0800: [Full GC (Allocation Failure)  100M->99M(128M), 0.0024099 secs]
2021-01-21T16:10:38.644+0800: [GC pause (G1 Evacuation Pause) (young)-- 100M->100M(128M), 0.0006482 secs]
2021-01-21T16:10:38.645+0800: [Full GC (Allocation Failure)  100M->99M(128M), 0.0023456 secs]
2021-01-21T16:10:38.647+0800: [Full GC (Allocation Failure)  99M->99M(128M), 0.0032087 secs]
2021-01-21T16:10:38.650+0800: [GC pause (G1 Evacuation Pause) (young) 99M->99M(128M), 0.0007418 secs]
2021-01-21T16:10:38.651+0800: [GC pause (G1 Evacuation Pause) (young) (initial-mark) 99M->99M(128M), 0.0005516 secs]
2021-01-21T16:10:38.652+0800: [GC concurrent-root-region-scan-start]
2021-01-21T16:10:38.652+0800: [GC concurrent-root-region-scan-end, 0.0000195 secs]
2021-01-21T16:10:38.652+0800: [GC concurrent-mark-start]
2021-01-21T16:10:38.652+0800: [Full GC (Allocation Failure)  99M->690K(8192K), 0.0136996 secs]
Disconnected from the target VM, address: '127.0.0.1:55162', transport: 'socket'
2021-01-21T16:10:38.666+0800: [GC concurrent-mark-abort]
Exception in thread "main" java.lang.OutOfMemoryError: Java heap space
	at com.hf.job03.GCLogAnalysis.generateGarbage(GCLogAnalysis.java:45)
	at com.hf.job03.GCLogAnalysis.main(GCLogAnalysis.java:28)

Process finished with exit code 1
