"C:\Program Files\Java\jdk1.8.0_91\bin\java.exe" -agentlib:jdwp=transport=dt_socket,address=127.0.0.1:56444,suspend=y,server=n -Xmx512m -XX:+UseSerialGC -XX:+PrintGCDetails -XX:+PrintGCDateStamps -javaagent:C:\Users\hfzhang\.IdeaIC2018.2\system\captureAgent\debugger-agent.jar=file:/C:/Users/hfzhang/AppData/Local/Temp/capture.props -Dfile.encoding=UTF-8 -classpath "C:\Program Files\Java\jdk1.8.0_91\jre\lib\charsets.jar;C:\Program Files\Java\jdk1.8.0_91\jre\lib\deploy.jar;C:\Program Files\Java\jdk1.8.0_91\jre\lib\ext\access-bridge-64.jar;C:\Program Files\Java\jdk1.8.0_91\jre\lib\ext\cldrdata.jar;C:\Program Files\Java\jdk1.8.0_91\jre\lib\ext\dnsns.jar;C:\Program Files\Java\jdk1.8.0_91\jre\lib\ext\jaccess.jar;C:\Program Files\Java\jdk1.8.0_91\jre\lib\ext\jfxrt.jar;C:\Program Files\Java\jdk1.8.0_91\jre\lib\ext\localedata.jar;C:\Program Files\Java\jdk1.8.0_91\jre\lib\ext\nashorn.jar;C:\Program Files\Java\jdk1.8.0_91\jre\lib\ext\sunec.jar;C:\Program Files\Java\jdk1.8.0_91\jre\lib\ext\sunjce_provider.jar;C:\Program Files\Java\jdk1.8.0_91\jre\lib\ext\sunmscapi.jar;C:\Program Files\Java\jdk1.8.0_91\jre\lib\ext\sunpkcs11.jar;C:\Program Files\Java\jdk1.8.0_91\jre\lib\ext\zipfs.jar;C:\Program Files\Java\jdk1.8.0_91\jre\lib\javaws.jar;C:\Program Files\Java\jdk1.8.0_91\jre\lib\jce.jar;C:\Program Files\Java\jdk1.8.0_91\jre\lib\jfr.jar;C:\Program Files\Java\jdk1.8.0_91\jre\lib\jfxswt.jar;C:\Program Files\Java\jdk1.8.0_91\jre\lib\jsse.jar;C:\Program Files\Java\jdk1.8.0_91\jre\lib\management-agent.jar;C:\Program Files\Java\jdk1.8.0_91\jre\lib\plugin.jar;C:\Program Files\Java\jdk1.8.0_91\jre\lib\resources.jar;C:\Program Files\Java\jdk1.8.0_91\jre\lib\rt.jar;D:\User\workspace\springboot-maven-hf\jvm-actual\target\classes;D:\m2\repository\org\springframework\boot\spring-boot-starter-web\2.3.5.RELEASE\spring-boot-starter-web-2.3.5.RELEASE.jar;D:\m2\repository\org\springframework\boot\spring-boot-starter\2.3.5.RELEASE\spring-boot-starter-2.3.5.RELEASE.jar;D:\m2\repository\org\springframework\boot\spring-boot\2.3.5.RELEASE\spring-boot-2.3.5.RELEASE.jar;D:\m2\repository\org\springframework\boot\spring-boot-autoconfigure\2.3.5.RELEASE\spring-boot-autoconfigure-2.3.5.RELEASE.jar;D:\m2\repository\org\springframework\boot\spring-boot-starter-logging\2.3.5.RELEASE\spring-boot-starter-logging-2.3.5.RELEASE.jar;D:\m2\repository\ch\qos\logback\logback-classic\1.2.3\logback-classic-1.2.3.jar;D:\m2\repository\ch\qos\logback\logback-core\1.2.3\logback-core-1.2.3.jar;D:\m2\repository\org\apache\logging\log4j\log4j-to-slf4j\2.13.3\log4j-to-slf4j-2.13.3.jar;D:\m2\repository\org\apache\logging\log4j\log4j-api\2.13.3\log4j-api-2.13.3.jar;D:\m2\repository\org\slf4j\jul-to-slf4j\1.7.30\jul-to-slf4j-1.7.30.jar;D:\m2\repository\jakarta\annotation\jakarta.annotation-api\1.3.5\jakarta.annotation-api-1.3.5.jar;D:\m2\repository\org\yaml\snakeyaml\1.26\snakeyaml-1.26.jar;D:\m2\repository\org\springframework\boot\spring-boot-starter-json\2.3.5.RELEASE\spring-boot-starter-json-2.3.5.RELEASE.jar;D:\m2\repository\com\fasterxml\jackson\core\jackson-databind\2.11.3\jackson-databind-2.11.3.jar;D:\m2\repository\com\fasterxml\jackson\core\jackson-annotations\2.11.3\jackson-annotations-2.11.3.jar;D:\m2\repository\com\fasterxml\jackson\core\jackson-core\2.11.3\jackson-core-2.11.3.jar;D:\m2\repository\com\fasterxml\jackson\datatype\jackson-datatype-jdk8\2.11.3\jackson-datatype-jdk8-2.11.3.jar;D:\m2\repository\com\fasterxml\jackson\datatype\jackson-datatype-jsr310\2.11.3\jackson-datatype-jsr310-2.11.3.jar;D:\m2\repository\com\fasterxml\jackson\module\jackson-module-parameter-names\2.11.3\jackson-module-parameter-names-2.11.3.jar;D:\m2\repository\org\springframework\boot\spring-boot-starter-tomcat\2.3.5.RELEASE\spring-boot-starter-tomcat-2.3.5.RELEASE.jar;D:\m2\repository\org\apache\tomcat\embed\tomcat-embed-core\9.0.39\tomcat-embed-core-9.0.39.jar;D:\m2\repository\org\glassfish\jakarta.el\3.0.3\jakarta.el-3.0.3.jar;D:\m2\repository\org\apache\tomcat\embed\tomcat-embed-websocket\9.0.39\tomcat-embed-websocket-9.0.39.jar;D:\m2\repository\org\springframework\spring-web\5.2.10.RELEASE\spring-web-5.2.10.RELEASE.jar;D:\m2\repository\org\springframework\spring-beans\5.2.10.RELEASE\spring-beans-5.2.10.RELEASE.jar;D:\m2\repository\org\springframework\spring-webmvc\5.2.10.RELEASE\spring-webmvc-5.2.10.RELEASE.jar;D:\m2\repository\org\springframework\spring-aop\5.2.10.RELEASE\spring-aop-5.2.10.RELEASE.jar;D:\m2\repository\org\springframework\spring-context\5.2.10.RELEASE\spring-context-5.2.10.RELEASE.jar;D:\m2\repository\org\springframework\spring-expression\5.2.10.RELEASE\spring-expression-5.2.10.RELEASE.jar;D:\m2\repository\org\slf4j\slf4j-api\1.7.30\slf4j-api-1.7.30.jar;D:\m2\repository\org\springframework\spring-core\5.2.10.RELEASE\spring-core-5.2.10.RELEASE.jar;D:\m2\repository\org\springframework\spring-jcl\5.2.10.RELEASE\spring-jcl-5.2.10.RELEASE.jar;D:\m2\repository\io\netty\netty-all\4.1.51.Final\netty-all-4.1.51.Final.jar;D:\m2\repository\org\apache\httpcomponents\httpasyncclient\4.1.4\httpasyncclient-4.1.4.jar;D:\m2\repository\org\apache\httpcomponents\httpcore\4.4.13\httpcore-4.4.13.jar;D:\m2\repository\org\apache\httpcomponents\httpcore-nio\4.4.13\httpcore-nio-4.4.13.jar;D:\m2\repository\org\apache\httpcomponents\httpclient\4.5.13\httpclient-4.5.13.jar;D:\m2\repository\commons-codec\commons-codec\1.14\commons-codec-1.14.jar;D:\Program Files\JetBrains\IntelliJ IDEA Community Edition 2018.2\lib\idea_rt.jar" com.hf.job03.GCLogAnalysis
Connected to the target VM, address: '127.0.0.1:56444', transport: 'socket'
正在执行...
2021-01-21T16:21:02.863+0800: [GC (Allocation Failure) 2021-01-21T16:21:02.863+0800: [DefNew: 68649K->8576K(77440K), 0.0147472 secs] 68649K->25170K(249472K), 0.0148295 secs] [Times: user=0.01 sys=0.00, real=0.02 secs] 
2021-01-21T16:21:02.892+0800: [GC (Allocation Failure) 2021-01-21T16:21:02.892+0800: [DefNew: 76837K->8574K(77440K), 0.0155348 secs] 93432K->50127K(249472K), 0.0155862 secs] [Times: user=0.00 sys=0.02, real=0.02 secs] 
2021-01-21T16:21:02.917+0800: [GC (Allocation Failure) 2021-01-21T16:21:02.917+0800: [DefNew: 77438K->8575K(77440K), 0.0141021 secs] 118991K->77562K(249472K), 0.0141545 secs] [Times: user=0.02 sys=0.00, real=0.01 secs] 
2021-01-21T16:21:02.940+0800: [GC (Allocation Failure) 2021-01-21T16:21:02.940+0800: [DefNew: 77108K->8574K(77440K), 0.0115950 secs] 146094K->101453K(249472K), 0.0116372 secs] [Times: user=0.00 sys=0.01, real=0.01 secs] 
2021-01-21T16:21:02.961+0800: [GC (Allocation Failure) 2021-01-21T16:21:02.961+0800: [DefNew: 77438K->8573K(77440K), 0.0108944 secs] 170317K->123552K(249472K), 0.0109427 secs] [Times: user=0.00 sys=0.00, real=0.01 secs] 
2021-01-21T16:21:02.981+0800: [GC (Allocation Failure) 2021-01-21T16:21:02.981+0800: [DefNew: 77081K->8575K(77440K), 0.0126792 secs] 192060K->149216K(249472K), 0.0127244 secs] [Times: user=0.00 sys=0.02, real=0.01 secs] 
2021-01-21T16:21:03.004+0800: [GC (Allocation Failure) 2021-01-21T16:21:03.004+0800: [DefNew: 76814K->8573K(77440K), 0.0127614 secs] 217455K->173704K(249472K), 0.0128041 secs] [Times: user=0.02 sys=0.00, real=0.01 secs] 
2021-01-21T16:21:03.028+0800: [GC (Allocation Failure) 2021-01-21T16:21:03.028+0800: [DefNew: 77437K->8575K(77440K), 0.0147632 secs]2021-01-21T16:21:03.043+0800: [Tenured: 190605K->170073K(190648K), 0.0268039 secs] 242568K->170073K(268088K), [Metaspace: 3212K->3212K(1056768K)], 0.0419027 secs] [Times: user=0.05 sys=0.00, real=0.04 secs] 
2021-01-21T16:21:03.100+0800: [GC (Allocation Failure) 2021-01-21T16:21:03.100+0800: [DefNew: 113472K->14143K(127616K), 0.0110650 secs] 283545K->207160K(411076K), 0.0111175 secs] [Times: user=0.02 sys=0.00, real=0.01 secs] 
2021-01-21T16:21:03.127+0800: [GC (Allocation Failure) 2021-01-21T16:21:03.127+0800: [DefNew: 127615K->14143K(127616K), 0.0221702 secs] 320632K->244034K(411076K), 0.0222206 secs] [Times: user=0.03 sys=0.00, real=0.02 secs] 
2021-01-21T16:21:03.163+0800: [GC (Allocation Failure) 2021-01-21T16:21:03.163+0800: [DefNew: 127615K->14143K(127616K), 0.0184022 secs] 357506K->284259K(411076K), 0.0184433 secs] [Times: user=0.03 sys=0.00, real=0.02 secs] 
2021-01-21T16:21:03.197+0800: [GC (Allocation Failure) 2021-01-21T16:21:03.197+0800: [DefNew: 127254K->14143K(127616K), 0.0171088 secs]2021-01-21T16:21:03.214+0800: [Tenured: 304251K->249373K(304396K), 0.0369256 secs] 397371K->249373K(432012K), [Metaspace: 3212K->3212K(1056768K)], 0.0543531 secs] [Times: user=0.03 sys=0.02, real=0.05 secs] 
2021-01-21T16:21:03.275+0800: [GC (Allocation Failure) 2021-01-21T16:21:03.275+0800: [DefNew: 139776K->17472K(157248K), 0.0123332 secs] 389149K->294528K(506816K), 0.0123785 secs] [Times: user=0.00 sys=0.00, real=0.01 secs] 
2021-01-21T16:21:03.314+0800: [GC (Allocation Failure) 2021-01-21T16:21:03.314+0800: [DefNew: 156972K->17471K(157248K), 0.0190380 secs] 434028K->335799K(506816K), 0.0190864 secs] [Times: user=0.01 sys=0.00, real=0.02 secs] 
2021-01-21T16:21:03.351+0800: [GC (Allocation Failure) 2021-01-21T16:21:03.351+0800: [DefNew: 157015K->157015K(157248K), 0.0000252 secs]2021-01-21T16:21:03.351+0800: [Tenured: 318328K->287938K(349568K), 0.0399210 secs] 475344K->287938K(506816K), [Metaspace: 3212K->3212K(1056768K)], 0.0400007 secs] [Times: user=0.03 sys=0.00, real=0.04 secs] 
2021-01-21T16:21:03.409+0800: [GC (Allocation Failure) 2021-01-21T16:21:03.409+0800: [DefNew: 139706K->17471K(157248K), 0.0089564 secs] 427644K->337264K(506816K), 0.0090109 secs] [Times: user=0.01 sys=0.00, real=0.01 secs] 
2021-01-21T16:21:03.439+0800: [GC (Allocation Failure) 2021-01-21T16:21:03.439+0800: [DefNew: 156841K->156841K(157248K), 0.0000329 secs]2021-01-21T16:21:03.439+0800: [Tenured: 319792K->302224K(349568K), 0.0536977 secs] 476633K->302224K(506816K), [Metaspace: 3212K->3212K(1056768K)], 0.0538164 secs] [Times: user=0.06 sys=0.00, real=0.05 secs] 
2021-01-21T16:21:03.517+0800: [GC (Allocation Failure) 2021-01-21T16:21:03.518+0800: [DefNew: 139776K->17470K(157248K), 0.0132004 secs] 442000K->346908K(506816K), 0.0133706 secs] [Times: user=0.02 sys=0.00, real=0.01 secs] 
2021-01-21T16:21:03.556+0800: [GC (Allocation Failure) 2021-01-21T16:21:03.556+0800: [DefNew: 157246K->157246K(157248K), 0.0000252 secs]2021-01-21T16:21:03.556+0800: [Tenured: 329438K->340507K(349568K), 0.0534715 secs] 486684K->340507K(506816K), [Metaspace: 3212K->3212K(1056768K)], 0.0535579 secs] [Times: user=0.05 sys=0.00, real=0.05 secs] 
2021-01-21T16:21:03.633+0800: [GC (Allocation Failure) 2021-01-21T16:21:03.633+0800: [DefNew: 139671K->139671K(157248K), 0.0000324 secs]2021-01-21T16:21:03.633+0800: [Tenured: 340507K->345250K(349568K), 0.0578873 secs] 480178K->345250K(506816K), [Metaspace: 3212K->3212K(1056768K)], 0.0580307 secs] [Times: user=0.05 sys=0.00, real=0.06 secs] 
2021-01-21T16:21:03.719+0800: [GC (Allocation Failure) 2021-01-21T16:21:03.719+0800: [DefNew: 139776K->139776K(157248K), 0.0000298 secs]2021-01-21T16:21:03.719+0800: [Tenured: 345250K->349540K(349568K), 0.0670852 secs] 485026K->351413K(506816K), [Metaspace: 3212K->3212K(1056768K)], 0.0671999 secs] [Times: user=0.06 sys=0.00, real=0.07 secs] 
Disconnected from the target VM, address: '127.0.0.1:56444', transport: 'socket'
执行结束!共生成对象次数:9118
Heap
 def new generation   total 157248K, used 142097K [0x00000000e0000000, 0x00000000eaaa0000, 0x00000000eaaa0000)
  eden space 139776K, 100% used [0x00000000e0000000, 0x00000000e8880000, 0x00000000e8880000)
  from space 17472K,  13% used [0x00000000e8880000, 0x00000000e8ac44c8, 0x00000000e9990000)
  to   space 17472K,   0% used [0x00000000e9990000, 0x00000000e9990000, 0x00000000eaaa0000)
 tenured generation   total 349568K, used 349540K [0x00000000eaaa0000, 0x0000000100000000, 0x0000000100000000)
   the space 349568K,  99% used [0x00000000eaaa0000, 0x00000000ffff9270, 0x00000000ffff9400, 0x0000000100000000)
 Metaspace       used 3219K, capacity 4568K, committed 4864K, reserved 1056768K
  class space    used 344K, capacity 392K, committed 512K, reserved 1048576K

Process finished with exit code 0
