"C:\Program Files\Java\jdk1.8.0_91\bin\java.exe" -agentlib:jdwp=transport=dt_socket,address=127.0.0.1:56576,suspend=y,server=n -Xmx4096m -XX:+UseSerialGC -XX:+PrintGCDetails -XX:+PrintGCDateStamps -javaagent:C:\Users\hfzhang\.IdeaIC2018.2\system\captureAgent\debugger-agent.jar=file:/C:/Users/hfzhang/AppData/Local/Temp/capture.props -Dfile.encoding=UTF-8 -classpath "C:\Program Files\Java\jdk1.8.0_91\jre\lib\charsets.jar;C:\Program Files\Java\jdk1.8.0_91\jre\lib\deploy.jar;C:\Program Files\Java\jdk1.8.0_91\jre\lib\ext\access-bridge-64.jar;C:\Program Files\Java\jdk1.8.0_91\jre\lib\ext\cldrdata.jar;C:\Program Files\Java\jdk1.8.0_91\jre\lib\ext\dnsns.jar;C:\Program Files\Java\jdk1.8.0_91\jre\lib\ext\jaccess.jar;C:\Program Files\Java\jdk1.8.0_91\jre\lib\ext\jfxrt.jar;C:\Program Files\Java\jdk1.8.0_91\jre\lib\ext\localedata.jar;C:\Program Files\Java\jdk1.8.0_91\jre\lib\ext\nashorn.jar;C:\Program Files\Java\jdk1.8.0_91\jre\lib\ext\sunec.jar;C:\Program Files\Java\jdk1.8.0_91\jre\lib\ext\sunjce_provider.jar;C:\Program Files\Java\jdk1.8.0_91\jre\lib\ext\sunmscapi.jar;C:\Program Files\Java\jdk1.8.0_91\jre\lib\ext\sunpkcs11.jar;C:\Program Files\Java\jdk1.8.0_91\jre\lib\ext\zipfs.jar;C:\Program Files\Java\jdk1.8.0_91\jre\lib\javaws.jar;C:\Program Files\Java\jdk1.8.0_91\jre\lib\jce.jar;C:\Program Files\Java\jdk1.8.0_91\jre\lib\jfr.jar;C:\Program Files\Java\jdk1.8.0_91\jre\lib\jfxswt.jar;C:\Program Files\Java\jdk1.8.0_91\jre\lib\jsse.jar;C:\Program Files\Java\jdk1.8.0_91\jre\lib\management-agent.jar;C:\Program Files\Java\jdk1.8.0_91\jre\lib\plugin.jar;C:\Program Files\Java\jdk1.8.0_91\jre\lib\resources.jar;C:\Program Files\Java\jdk1.8.0_91\jre\lib\rt.jar;D:\User\workspace\springboot-maven-hf\jvm-actual\target\classes;D:\m2\repository\org\springframework\boot\spring-boot-starter-web\2.3.5.RELEASE\spring-boot-starter-web-2.3.5.RELEASE.jar;D:\m2\repository\org\springframework\boot\spring-boot-starter\2.3.5.RELEASE\spring-boot-starter-2.3.5.RELEASE.jar;D:\m2\repository\org\springframework\boot\spring-boot\2.3.5.RELEASE\spring-boot-2.3.5.RELEASE.jar;D:\m2\repository\org\springframework\boot\spring-boot-autoconfigure\2.3.5.RELEASE\spring-boot-autoconfigure-2.3.5.RELEASE.jar;D:\m2\repository\org\springframework\boot\spring-boot-starter-logging\2.3.5.RELEASE\spring-boot-starter-logging-2.3.5.RELEASE.jar;D:\m2\repository\ch\qos\logback\logback-classic\1.2.3\logback-classic-1.2.3.jar;D:\m2\repository\ch\qos\logback\logback-core\1.2.3\logback-core-1.2.3.jar;D:\m2\repository\org\apache\logging\log4j\log4j-to-slf4j\2.13.3\log4j-to-slf4j-2.13.3.jar;D:\m2\repository\org\apache\logging\log4j\log4j-api\2.13.3\log4j-api-2.13.3.jar;D:\m2\repository\org\slf4j\jul-to-slf4j\1.7.30\jul-to-slf4j-1.7.30.jar;D:\m2\repository\jakarta\annotation\jakarta.annotation-api\1.3.5\jakarta.annotation-api-1.3.5.jar;D:\m2\repository\org\yaml\snakeyaml\1.26\snakeyaml-1.26.jar;D:\m2\repository\org\springframework\boot\spring-boot-starter-json\2.3.5.RELEASE\spring-boot-starter-json-2.3.5.RELEASE.jar;D:\m2\repository\com\fasterxml\jackson\core\jackson-databind\2.11.3\jackson-databind-2.11.3.jar;D:\m2\repository\com\fasterxml\jackson\core\jackson-annotations\2.11.3\jackson-annotations-2.11.3.jar;D:\m2\repository\com\fasterxml\jackson\core\jackson-core\2.11.3\jackson-core-2.11.3.jar;D:\m2\repository\com\fasterxml\jackson\datatype\jackson-datatype-jdk8\2.11.3\jackson-datatype-jdk8-2.11.3.jar;D:\m2\repository\com\fasterxml\jackson\datatype\jackson-datatype-jsr310\2.11.3\jackson-datatype-jsr310-2.11.3.jar;D:\m2\repository\com\fasterxml\jackson\module\jackson-module-parameter-names\2.11.3\jackson-module-parameter-names-2.11.3.jar;D:\m2\repository\org\springframework\boot\spring-boot-starter-tomcat\2.3.5.RELEASE\spring-boot-starter-tomcat-2.3.5.RELEASE.jar;D:\m2\repository\org\apache\tomcat\embed\tomcat-embed-core\9.0.39\tomcat-embed-core-9.0.39.jar;D:\m2\repository\org\glassfish\jakarta.el\3.0.3\jakarta.el-3.0.3.jar;D:\m2\repository\org\apache\tomcat\embed\tomcat-embed-websocket\9.0.39\tomcat-embed-websocket-9.0.39.jar;D:\m2\repository\org\springframework\spring-web\5.2.10.RELEASE\spring-web-5.2.10.RELEASE.jar;D:\m2\repository\org\springframework\spring-beans\5.2.10.RELEASE\spring-beans-5.2.10.RELEASE.jar;D:\m2\repository\org\springframework\spring-webmvc\5.2.10.RELEASE\spring-webmvc-5.2.10.RELEASE.jar;D:\m2\repository\org\springframework\spring-aop\5.2.10.RELEASE\spring-aop-5.2.10.RELEASE.jar;D:\m2\repository\org\springframework\spring-context\5.2.10.RELEASE\spring-context-5.2.10.RELEASE.jar;D:\m2\repository\org\springframework\spring-expression\5.2.10.RELEASE\spring-expression-5.2.10.RELEASE.jar;D:\m2\repository\org\slf4j\slf4j-api\1.7.30\slf4j-api-1.7.30.jar;D:\m2\repository\org\springframework\spring-core\5.2.10.RELEASE\spring-core-5.2.10.RELEASE.jar;D:\m2\repository\org\springframework\spring-jcl\5.2.10.RELEASE\spring-jcl-5.2.10.RELEASE.jar;D:\m2\repository\io\netty\netty-all\4.1.51.Final\netty-all-4.1.51.Final.jar;D:\m2\repository\org\apache\httpcomponents\httpasyncclient\4.1.4\httpasyncclient-4.1.4.jar;D:\m2\repository\org\apache\httpcomponents\httpcore\4.4.13\httpcore-4.4.13.jar;D:\m2\repository\org\apache\httpcomponents\httpcore-nio\4.4.13\httpcore-nio-4.4.13.jar;D:\m2\repository\org\apache\httpcomponents\httpclient\4.5.13\httpclient-4.5.13.jar;D:\m2\repository\commons-codec\commons-codec\1.14\commons-codec-1.14.jar;D:\Program Files\JetBrains\IntelliJ IDEA Community Edition 2018.2\lib\idea_rt.jar" com.hf.job03.GCLogAnalysis
Connected to the target VM, address: '127.0.0.1:56576', transport: 'socket'
正在执行...
2021-01-21T16:22:00.279+0800: [GC (Allocation Failure) 2021-01-21T16:22:00.279+0800: [DefNew: 68814K->8576K(77440K), 0.0130585 secs] 68814K->21902K(249472K), 0.0131500 secs] [Times: user=0.02 sys=0.00, real=0.01 secs] 
2021-01-21T16:22:00.308+0800: [GC (Allocation Failure) 2021-01-21T16:22:00.308+0800: [DefNew: 77135K->8573K(77440K), 0.0164215 secs] 90462K->47343K(249472K), 0.0164678 secs] [Times: user=0.00 sys=0.02, real=0.02 secs] 
2021-01-21T16:22:00.335+0800: [GC (Allocation Failure) 2021-01-21T16:22:00.335+0800: [DefNew: 77437K->8574K(77440K), 0.0118423 secs] 116207K->71904K(249472K), 0.0118952 secs] [Times: user=0.00 sys=0.00, real=0.01 secs] 
2021-01-21T16:22:00.358+0800: [GC (Allocation Failure) 2021-01-21T16:22:00.358+0800: [DefNew: 77410K->8574K(77440K), 0.0119631 secs] 140740K->94592K(249472K), 0.0120042 secs] [Times: user=0.00 sys=0.02, real=0.01 secs] 
2021-01-21T16:22:00.380+0800: [GC (Allocation Failure) 2021-01-21T16:22:00.380+0800: [DefNew: 77438K->8575K(77440K), 0.0114783 secs] 163455K->115486K(249472K), 0.0115323 secs] [Times: user=0.00 sys=0.01, real=0.01 secs] 
2021-01-21T16:22:00.402+0800: [GC (Allocation Failure) 2021-01-21T16:22:00.402+0800: [DefNew: 77224K->8575K(77440K), 0.0133932 secs] 184135K->138516K(249472K), 0.0134539 secs] [Times: user=0.00 sys=0.02, real=0.01 secs] 
2021-01-21T16:22:00.427+0800: [GC (Allocation Failure) 2021-01-21T16:22:00.427+0800: [DefNew: 76879K->8571K(77440K), 0.0114938 secs] 206820K->158882K(249472K), 0.0115560 secs] [Times: user=0.01 sys=0.00, real=0.01 secs] 
2021-01-21T16:22:00.448+0800: [GC (Allocation Failure) 2021-01-21T16:22:00.448+0800: [DefNew: 77435K->8574K(77440K), 0.0127738 secs]2021-01-21T16:22:00.461+0800: [Tenured: 177181K->161184K(177352K), 0.0218607 secs] 227746K->161184K(254792K), [Metaspace: 3212K->3212K(1056768K)], 0.0349439 secs] [Times: user=0.03 sys=0.00, real=0.04 secs] 
2021-01-21T16:22:00.510+0800: [GC (Allocation Failure) 2021-01-21T16:22:00.510+0800: [DefNew: 107213K->13374K(120960K), 0.0147899 secs] 268397K->196261K(389604K), 0.0148475 secs] [Times: user=0.01 sys=0.00, real=0.02 secs] 
2021-01-21T16:22:00.542+0800: [GC (Allocation Failure) 2021-01-21T16:22:00.542+0800: [DefNew: 120683K->13370K(120960K), 0.0249769 secs] 303570K->230906K(389604K), 0.0250283 secs] [Times: user=0.00 sys=0.01, real=0.02 secs] 
2021-01-21T16:22:00.583+0800: [GC (Allocation Failure) 2021-01-21T16:22:00.583+0800: [DefNew: 120617K->13375K(120960K), 0.0195434 secs] 338153K->267566K(389604K), 0.0196030 secs] [Times: user=0.00 sys=0.03, real=0.02 secs] 
2021-01-21T16:22:00.618+0800: [GC (Allocation Failure) 2021-01-21T16:22:00.618+0800: [DefNew: 120959K->13375K(120960K), 0.0185497 secs]2021-01-21T16:22:00.636+0800: [Tenured: 290601K->236532K(290708K), 0.0303981 secs] 375150K->236532K(411668K), [Metaspace: 3212K->3212K(1056768K)], 0.0492820 secs] [Times: user=0.03 sys=0.02, real=0.05 secs] 
2021-01-21T16:22:00.695+0800: [GC (Allocation Failure) 2021-01-21T16:22:00.695+0800: [DefNew: 157696K->19711K(177408K), 0.0170846 secs] 394228K->284940K(571632K), 0.0171360 secs] [Times: user=0.02 sys=0.00, real=0.02 secs] 
2021-01-21T16:22:00.744+0800: [GC (Allocation Failure) 2021-01-21T16:22:00.744+0800: [DefNew: 177407K->19709K(177408K), 0.0270069 secs] 442636K->335210K(571632K), 0.0270666 secs] [Times: user=0.01 sys=0.02, real=0.03 secs] 
2021-01-21T16:22:00.795+0800: [GC (Allocation Failure) 2021-01-21T16:22:00.795+0800: [DefNew: 177405K->19711K(177408K), 0.0211529 secs] 492906K->378656K(571632K), 0.0212032 secs] [Times: user=0.00 sys=0.01, real=0.02 secs] 
2021-01-21T16:22:00.837+0800: [GC (Allocation Failure) 2021-01-21T16:22:00.837+0800: [DefNew: 177407K->19711K(177408K), 0.0238491 secs]2021-01-21T16:22:00.861+0800: [Tenured: 408758K->304380K(408788K), 0.0421489 secs] 536352K->304380K(586196K), [Metaspace: 3213K->3213K(1056768K)], 0.0664843 secs] [Times: user=0.05 sys=0.02, real=0.07 secs] 
2021-01-21T16:22:00.940+0800: [GC (Allocation Failure) 2021-01-21T16:22:00.940+0800: [DefNew: 203008K->25343K(228352K), 0.0209154 secs] 507388K->371445K(735656K), 0.0209817 secs] [Times: user=0.03 sys=0.00, real=0.02 secs] 
2021-01-21T16:22:01.001+0800: [GC (Allocation Failure) 2021-01-21T16:22:01.001+0800: [DefNew: 228351K->25343K(228352K), 0.0249409 secs] 574453K->434346K(735656K), 0.0249877 secs] [Times: user=0.03 sys=0.00, real=0.03 secs] 
2021-01-21T16:22:01.061+0800: [GC (Allocation Failure) 2021-01-21T16:22:01.061+0800: [DefNew: 228136K->25343K(228352K), 0.0343091 secs] 637139K->491516K(735656K), 0.0343595 secs] [Times: user=0.03 sys=0.00, real=0.03 secs] 
2021-01-21T16:22:01.131+0800: [GC (Allocation Failure) 2021-01-21T16:22:01.131+0800: [DefNew: 227861K->25341K(228352K), 0.0365858 secs]2021-01-21T16:22:01.168+0800: [TenuredDisconnected from the target VM, address: '127.0.0.1:56576', transport: 'socket'
: 522364K->325489K(522508K), 0.0527205 secs] 694034K->325489K(750860K), [Metaspace: 3213K->3213K(1056768K)], 0.0895042 secs] [Times: user=0.08 sys=0.00, real=0.09 secs] 
执行结束!共生成对象次数:9155
Heap
 def new generation   total 244224K, used 9376K [0x00000006c0000000, 0x00000006d08f0000, 0x0000000715550000)
  eden space 217152K,   4% used [0x00000006c0000000, 0x00000006c0928078, 0x00000006cd410000)
  from space 27072K,   0% used [0x00000006cd410000, 0x00000006cd410000, 0x00000006cee80000)
  to   space 27072K,   0% used [0x00000006cee80000, 0x00000006cee80000, 0x00000006d08f0000)
 tenured generation   total 542484K, used 325489K [0x0000000715550000, 0x0000000736715000, 0x00000007c0000000)
   the space 542484K,  59% used [0x0000000715550000, 0x000000072932c698, 0x000000072932c800, 0x0000000736715000)
 Metaspace       used 3219K, capacity 4568K, committed 4864K, reserved 1056768K
  class space    used 344K, capacity 392K, committed 512K, reserved 1048576K

Process finished with exit code 0
