"C:\Program Files\Java\jdk1.8.0_91\bin\java.exe" -agentlib:jdwp=transport=dt_socket,address=127.0.0.1:55947,suspend=y,server=n -Xmx512m -XX:+UseConcMarkSweepGC -XX:+PrintGCDetails -XX:+PrintGCDateStamps -javaagent:C:\Users\hfzhang\.IdeaIC2018.2\system\captureAgent\debugger-agent.jar=file:/C:/Users/hfzhang/AppData/Local/Temp/capture.props -Dfile.encoding=UTF-8 -classpath "C:\Program Files\Java\jdk1.8.0_91\jre\lib\charsets.jar;C:\Program Files\Java\jdk1.8.0_91\jre\lib\deploy.jar;C:\Program Files\Java\jdk1.8.0_91\jre\lib\ext\access-bridge-64.jar;C:\Program Files\Java\jdk1.8.0_91\jre\lib\ext\cldrdata.jar;C:\Program Files\Java\jdk1.8.0_91\jre\lib\ext\dnsns.jar;C:\Program Files\Java\jdk1.8.0_91\jre\lib\ext\jaccess.jar;C:\Program Files\Java\jdk1.8.0_91\jre\lib\ext\jfxrt.jar;C:\Program Files\Java\jdk1.8.0_91\jre\lib\ext\localedata.jar;C:\Program Files\Java\jdk1.8.0_91\jre\lib\ext\nashorn.jar;C:\Program Files\Java\jdk1.8.0_91\jre\lib\ext\sunec.jar;C:\Program Files\Java\jdk1.8.0_91\jre\lib\ext\sunjce_provider.jar;C:\Program Files\Java\jdk1.8.0_91\jre\lib\ext\sunmscapi.jar;C:\Program Files\Java\jdk1.8.0_91\jre\lib\ext\sunpkcs11.jar;C:\Program Files\Java\jdk1.8.0_91\jre\lib\ext\zipfs.jar;C:\Program Files\Java\jdk1.8.0_91\jre\lib\javaws.jar;C:\Program Files\Java\jdk1.8.0_91\jre\lib\jce.jar;C:\Program Files\Java\jdk1.8.0_91\jre\lib\jfr.jar;C:\Program Files\Java\jdk1.8.0_91\jre\lib\jfxswt.jar;C:\Program Files\Java\jdk1.8.0_91\jre\lib\jsse.jar;C:\Program Files\Java\jdk1.8.0_91\jre\lib\management-agent.jar;C:\Program Files\Java\jdk1.8.0_91\jre\lib\plugin.jar;C:\Program Files\Java\jdk1.8.0_91\jre\lib\resources.jar;C:\Program Files\Java\jdk1.8.0_91\jre\lib\rt.jar;D:\User\workspace\springboot-maven-hf\jvm-actual\target\classes;D:\m2\repository\org\springframework\boot\spring-boot-starter-web\2.3.5.RELEASE\spring-boot-starter-web-2.3.5.RELEASE.jar;D:\m2\repository\org\springframework\boot\spring-boot-starter\2.3.5.RELEASE\spring-boot-starter-2.3.5.RELEASE.jar;D:\m2\repository\org\springframework\boot\spring-boot\2.3.5.RELEASE\spring-boot-2.3.5.RELEASE.jar;D:\m2\repository\org\springframework\boot\spring-boot-autoconfigure\2.3.5.RELEASE\spring-boot-autoconfigure-2.3.5.RELEASE.jar;D:\m2\repository\org\springframework\boot\spring-boot-starter-logging\2.3.5.RELEASE\spring-boot-starter-logging-2.3.5.RELEASE.jar;D:\m2\repository\ch\qos\logback\logback-classic\1.2.3\logback-classic-1.2.3.jar;D:\m2\repository\ch\qos\logback\logback-core\1.2.3\logback-core-1.2.3.jar;D:\m2\repository\org\apache\logging\log4j\log4j-to-slf4j\2.13.3\log4j-to-slf4j-2.13.3.jar;D:\m2\repository\org\apache\logging\log4j\log4j-api\2.13.3\log4j-api-2.13.3.jar;D:\m2\repository\org\slf4j\jul-to-slf4j\1.7.30\jul-to-slf4j-1.7.30.jar;D:\m2\repository\jakarta\annotation\jakarta.annotation-api\1.3.5\jakarta.annotation-api-1.3.5.jar;D:\m2\repository\org\yaml\snakeyaml\1.26\snakeyaml-1.26.jar;D:\m2\repository\org\springframework\boot\spring-boot-starter-json\2.3.5.RELEASE\spring-boot-starter-json-2.3.5.RELEASE.jar;D:\m2\repository\com\fasterxml\jackson\core\jackson-databind\2.11.3\jackson-databind-2.11.3.jar;D:\m2\repository\com\fasterxml\jackson\core\jackson-annotations\2.11.3\jackson-annotations-2.11.3.jar;D:\m2\repository\com\fasterxml\jackson\core\jackson-core\2.11.3\jackson-core-2.11.3.jar;D:\m2\repository\com\fasterxml\jackson\datatype\jackson-datatype-jdk8\2.11.3\jackson-datatype-jdk8-2.11.3.jar;D:\m2\repository\com\fasterxml\jackson\datatype\jackson-datatype-jsr310\2.11.3\jackson-datatype-jsr310-2.11.3.jar;D:\m2\repository\com\fasterxml\jackson\module\jackson-module-parameter-names\2.11.3\jackson-module-parameter-names-2.11.3.jar;D:\m2\repository\org\springframework\boot\spring-boot-starter-tomcat\2.3.5.RELEASE\spring-boot-starter-tomcat-2.3.5.RELEASE.jar;D:\m2\repository\org\apache\tomcat\embed\tomcat-embed-core\9.0.39\tomcat-embed-core-9.0.39.jar;D:\m2\repository\org\glassfish\jakarta.el\3.0.3\jakarta.el-3.0.3.jar;D:\m2\repository\org\apache\tomcat\embed\tomcat-embed-websocket\9.0.39\tomcat-embed-websocket-9.0.39.jar;D:\m2\repository\org\springframework\spring-web\5.2.10.RELEASE\spring-web-5.2.10.RELEASE.jar;D:\m2\repository\org\springframework\spring-beans\5.2.10.RELEASE\spring-beans-5.2.10.RELEASE.jar;D:\m2\repository\org\springframework\spring-webmvc\5.2.10.RELEASE\spring-webmvc-5.2.10.RELEASE.jar;D:\m2\repository\org\springframework\spring-aop\5.2.10.RELEASE\spring-aop-5.2.10.RELEASE.jar;D:\m2\repository\org\springframework\spring-context\5.2.10.RELEASE\spring-context-5.2.10.RELEASE.jar;D:\m2\repository\org\springframework\spring-expression\5.2.10.RELEASE\spring-expression-5.2.10.RELEASE.jar;D:\m2\repository\org\slf4j\slf4j-api\1.7.30\slf4j-api-1.7.30.jar;D:\m2\repository\org\springframework\spring-core\5.2.10.RELEASE\spring-core-5.2.10.RELEASE.jar;D:\m2\repository\org\springframework\spring-jcl\5.2.10.RELEASE\spring-jcl-5.2.10.RELEASE.jar;D:\m2\repository\io\netty\netty-all\4.1.51.Final\netty-all-4.1.51.Final.jar;D:\m2\repository\org\apache\httpcomponents\httpasyncclient\4.1.4\httpasyncclient-4.1.4.jar;D:\m2\repository\org\apache\httpcomponents\httpcore\4.4.13\httpcore-4.4.13.jar;D:\m2\repository\org\apache\httpcomponents\httpcore-nio\4.4.13\httpcore-nio-4.4.13.jar;D:\m2\repository\org\apache\httpcomponents\httpclient\4.5.13\httpclient-4.5.13.jar;D:\m2\repository\commons-codec\commons-codec\1.14\commons-codec-1.14.jar;D:\Program Files\JetBrains\IntelliJ IDEA Community Edition 2018.2\lib\idea_rt.jar" com.hf.job03.GCLogAnalysis
Connected to the target VM, address: '127.0.0.1:55947', transport: 'socket'
正在执行...
2021-01-21T16:17:03.598+0800: [GC (Allocation Failure) 2021-01-21T16:17:03.598+0800: [ParNew: 68864K->8576K(77440K), 0.0062365 secs] 68864K->24192K(249472K), 0.0063085 secs] [Times: user=0.00 sys=0.00, real=0.01 secs] 
2021-01-21T16:17:03.621+0800: [GC (Allocation Failure) 2021-01-21T16:17:03.621+0800: [ParNew: 77440K->8576K(77440K), 0.0081426 secs] 93056K->44222K(249472K), 0.0081904 secs] [Times: user=0.05 sys=0.05, real=0.01 secs] 
2021-01-21T16:17:03.643+0800: [GC (Allocation Failure) 2021-01-21T16:17:03.643+0800: [ParNew: 76883K->8576K(77440K), 0.0151040 secs] 112530K->69552K(249472K), 0.0151677 secs] [Times: user=0.06 sys=0.02, real=0.02 secs] 
2021-01-21T16:17:03.669+0800: [GC (Allocation Failure) 2021-01-21T16:17:03.669+0800: [ParNew: 77440K->8572K(77440K), 0.0117307 secs] 138416K->91493K(249472K), 0.0117811 secs] [Times: user=0.11 sys=0.00, real=0.01 secs] 
2021-01-21T16:17:03.690+0800: [GC (Allocation Failure) 2021-01-21T16:17:03.690+0800: [ParNew: 77436K->8571K(77440K), 0.0112455 secs] 160357K->112516K(249472K), 0.0112969 secs] [Times: user=0.09 sys=0.02, real=0.01 secs] 
2021-01-21T16:17:03.701+0800: [GC (CMS Initial Mark) [1 CMS-initial-mark: 103945K(172032K)] 112804K(249472K), 0.0001851 secs] [Times: user=0.00 sys=0.00, real=0.00 secs] 
2021-01-21T16:17:03.702+0800: [CMS-concurrent-mark-start]
2021-01-21T16:17:03.703+0800: [CMS-concurrent-mark: 0.001/0.001 secs] [Times: user=0.00 sys=0.00, real=0.00 secs] 
2021-01-21T16:17:03.703+0800: [CMS-concurrent-preclean-start]
2021-01-21T16:17:03.703+0800: [CMS-concurrent-preclean: 0.000/0.000 secs] [Times: user=0.00 sys=0.00, real=0.00 secs] 
2021-01-21T16:17:03.703+0800: [CMS-concurrent-abortable-preclean-start]
2021-01-21T16:17:03.711+0800: [GC (Allocation Failure) 2021-01-21T16:17:03.711+0800: [ParNew: 77236K->8572K(77440K), 0.0121497 secs] 181182K->133782K(249472K), 0.0121965 secs] [Times: user=0.09 sys=0.01, real=0.01 secs] 
2021-01-21T16:17:03.732+0800: [GC (Allocation Failure) 2021-01-21T16:17:03.732+0800: [ParNew: 76949K->8575K(77440K), 0.0113128 secs] 202159K->155556K(249472K), 0.0113745 secs] [Times: user=0.00 sys=0.00, real=0.01 secs] 
2021-01-21T16:17:03.753+0800: [GC (Allocation Failure) 2021-01-21T16:17:03.753+0800: [ParNew: 77405K->8568K(77440K), 0.0128848 secs] 224385K->179557K(249472K), 0.0129470 secs] [Times: user=0.08 sys=0.02, real=0.01 secs] 
2021-01-21T16:17:03.776+0800: [GC (Allocation Failure) 2021-01-21T16:17:03.776+0800: [ParNew: 77432K->8573K(77440K), 0.0159743 secs] 248421K->207454K(277188K), 0.0160226 secs] [Times: user=0.06 sys=0.01, real=0.02 secs] 
2021-01-21T16:17:03.804+0800: [GC (Allocation Failure) 2021-01-21T16:17:03.804+0800: [ParNew: 77308K->8570K(77440K), 0.0120417 secs] 276189K->230209K(300068K), 0.0120952 secs] [Times: user=0.11 sys=0.00, real=0.01 secs] 
2021-01-21T16:17:03.829+0800: [GC (Allocation Failure) 2021-01-21T16:17:03.829+0800: [ParNew: 77348K->8567K(77440K), 0.0138127 secs] 298986K->253345K(323140K), 0.0138815 secs] [Times: user=0.09 sys=0.00, real=0.01 secs] 
2021-01-21T16:17:03.857+0800: [GC (Allocation Failure) 2021-01-21T16:17:03.857+0800: [ParNew: 77408K->8573K(77440K), 0.0141211 secs] 322186K->276447K(346344K), 0.0141838 secs] [Times: user=0.05 sys=0.00, real=0.01 secs] 
2021-01-21T16:17:03.882+0800: [GC (Allocation Failure) 2021-01-21T16:17:03.882+0800: [ParNew: 76781K->8573K(77440K), 0.0131367 secs] 344655K->299016K(368800K), 0.0132004 secs] [Times: user=0.08 sys=0.00, real=0.01 secs] 
2021-01-21T16:17:03.908+0800: [GC (Allocation Failure) 2021-01-21T16:17:03.908+0800: [ParNew: 77437K->8573K(77440K), 0.0132272 secs] 367880K->321308K(391244K), 0.0132847 secs] [Times: user=0.08 sys=0.03, real=0.01 secs] 
2021-01-21T16:17:03.935+0800: [GC (Allocation Failure) 2021-01-21T16:17:03.935+0800: [ParNew: 77437K->8575K(77440K), 0.0139705 secs] 390172K->345096K(415092K), 0.0140183 secs] [Times: user=0.09 sys=0.00, real=0.01 secs] 
2021-01-21T16:17:03.949+0800: [CMS-concurrent-abortable-preclean: 0.009/0.245 secs] [Times: user=0.83 sys=0.08, real=0.25 secs] 
2021-01-21T16:17:03.949+0800: [GC (CMS Final Remark) [YG occupancy: 13776 K (77440 K)]2021-01-21T16:17:03.949+0800: [Rescan (parallel) , 0.0003018 secs]2021-01-21T16:17:03.950+0800: [weak refs processing, 0.0000607 secs]2021-01-21T16:17:03.950+0800: [class unloading, 0.0002498 secs]2021-01-21T16:17:03.950+0800: [scrub symbol table, 0.0003578 secs]2021-01-21T16:17:03.950+0800: [scrub string table, 0.0001090 secs][1 CMS-remark: 336520K(337652K)] 350297K(415092K), 0.0011602 secs] [Times: user=0.00 sys=0.00, real=0.00 secs] 
2021-01-21T16:17:03.951+0800: [CMS-concurrent-sweep-start]
2021-01-21T16:17:03.951+0800: [CMS-concurrent-sweep: 0.001/0.001 secs] [Times: user=0.00 sys=0.00, real=0.00 secs] 
2021-01-21T16:17:03.951+0800: [CMS-concurrent-reset-start]
2021-01-21T16:17:03.952+0800: [CMS-concurrent-reset: 0.001/0.001 secs] [Times: user=0.00 sys=0.00, real=0.00 secs] 
2021-01-21T16:17:03.958+0800: [GC (Allocation Failure) 2021-01-21T16:17:03.958+0800: [ParNew: 77130K->77130K(77440K), 0.0000242 secs]2021-01-21T16:17:03.958+0800: [CMS: 328949K->237975K(349568K), 0.0349691 secs] 406080K->237975K(427008K), [Metaspace: 3213K->3213K(1056768K)], 0.0351747 secs] [Times: user=0.03 sys=0.00, real=0.04 secs] 
2021-01-21T16:17:03.994+0800: [GC (CMS Initial Mark) [1 CMS-initial-mark: 237975K(349568K)] 238411K(506816K), 0.0001424 secs] [Times: user=0.00 sys=0.00, real=0.00 secs] 
2021-01-21T16:17:03.994+0800: [CMS-concurrent-mark-start]
2021-01-21T16:17:03.995+0800: [CMS-concurrent-mark: 0.001/0.001 secs] [Times: user=0.00 sys=0.00, real=0.00 secs] 
2021-01-21T16:17:03.995+0800: [CMS-concurrent-preclean-start]
2021-01-21T16:17:03.996+0800: [CMS-concurrent-preclean: 0.000/0.000 secs] [Times: user=0.00 sys=0.00, real=0.00 secs] 
2021-01-21T16:17:03.996+0800: [CMS-concurrent-abortable-preclean-start]
2021-01-21T16:17:04.025+0800: [GC (Allocation Failure) 2021-01-21T16:17:04.025+0800: [ParNew: 139776K->17470K(157248K), 0.0131141 secs] 377751K->284900K(506816K), 0.0131701 secs] [Times: user=0.08 sys=0.02, real=0.01 secs] 
2021-01-21T16:17:04.067+0800: [GC (Allocation Failure) 2021-01-21T16:17:04.067+0800: [ParNew: 157246K->17471K(157248K), 0.0156489 secs] 424676K->323167K(506816K), 0.0157136 secs] [Times: user=0.08 sys=0.02, real=0.02 secs] 
2021-01-21T16:17:04.110+0800: [GC (Allocation Failure) 2021-01-21T16:17:04.110+0800: [ParNew: 157247K->157247K(157248K), 0.0000344 secs]2021-01-21T16:17:04.110+0800: [CMS2021-01-21T16:17:04.110+0800: [CMS-concurrent-abortable-preclean: 0.003/0.115 secs] [Times: user=0.27 sys=0.03, real=0.11 secs] 
 (concurrent mode failure): 305696K->281553K(349568K), 0.0494429 secs] 462943K->281553K(506816K), [Metaspace: 3213K->3213K(1056768K)], 0.0495503 secs] [Times: user=0.05 sys=0.00, real=0.05 secs] 
2021-01-21T16:17:04.178+0800: [GC (Allocation Failure) 2021-01-21T16:17:04.178+0800: [ParNew: 139776K->17471K(157248K), 0.0071778 secs] 421329K->324501K(506816K), 0.0072384 secs] [Times: user=0.11 sys=0.00, real=0.01 secs] 
2021-01-21T16:17:04.185+0800: [GC (CMS Initial Mark) [1 CMS-initial-mark: 307029K(349568K)] 325247K(506816K), 0.0002133 secs] [Times: user=0.00 sys=0.00, real=0.00 secs] 
2021-01-21T16:17:04.186+0800: [CMS-concurrent-mark-start]
2021-01-21T16:17:04.187+0800: [CMS-concurrent-mark: 0.001/0.001 secs] [Times: user=0.00 sys=0.00, real=0.00 secs] 
2021-01-21T16:17:04.187+0800: [CMS-concurrent-preclean-start]
2021-01-21T16:17:04.187+0800: [CMS-concurrent-preclean: 0.000/0.000 secs] [Times: user=0.00 sys=0.00, real=0.00 secs] 
2021-01-21T16:17:04.187+0800: [CMS-concurrent-abortable-preclean-start]
2021-01-21T16:17:04.206+0800: [GC (Allocation Failure) 2021-01-21T16:17:04.206+0800: [ParNew (promotion failed): 157247K->157247K(157248K), 0.0134461 secs]2021-01-21T16:17:04.220+0800: [CMS2021-01-21T16:17:04.220+0800: [CMS-concurrent-abortable-preclean: 0.000/0.031 secs] [Times: user=0.09 sys=0.03, real=0.03 secs] 
 (concurrent mode failure): 349375K->300219K(349568K), 0.0519330 secs] 464277K->300219K(506816K), [Metaspace: 3213K->3213K(1056768K)], 0.0654505 secs] [Times: user=0.13 sys=0.03, real=0.07 secs] 
2021-01-21T16:17:04.296+0800: [GC (Allocation Failure) 2021-01-21T16:17:04.296+0800: [ParNew: 139776K->139776K(157248K), 0.0000293 secs]2021-01-21T16:17:04.297+0800: [CMS: 300219K->308792K(349568K), 0.0641212 secs] 439995K->308792K(506816K), [Metaspace: 3213K->3213K(1056768K)], 0.0642415 secs] [Times: user=0.06 sys=0.00, real=0.07 secs] 
2021-01-21T16:17:04.361+0800: [GC (CMS Initial Mark) [1 CMS-initial-mark: 308792K(349568K)] 308920K(506816K), 0.0001917 secs] [Times: user=0.00 sys=0.00, real=0.00 secs] 
2021-01-21T16:17:04.361+0800: [CMS-concurrent-mark-start]
2021-01-21T16:17:04.363+0800: [CMS-concurrent-mark: 0.002/0.002 secs] [Times: user=0.00 sys=0.00, real=0.00 secs] 
2021-01-21T16:17:04.363+0800: [CMS-concurrent-preclean-start]
2021-01-21T16:17:04.364+0800: [CMS-concurrent-preclean: 0.001/0.001 secs] [Times: user=0.00 sys=0.00, real=0.00 secs] 
2021-01-21T16:17:04.364+0800: [CMS-concurrent-abortable-preclean-start]
2021-01-21T16:17:04.388+0800: [GC (Allocation Failure) 2021-01-21T16:17:04.388+0800: [ParNew: 139776K->139776K(157248K), 0.0000401 secs]2021-01-21T16:17:04.388+0800: [CMS2021-01-21T16:17:04.388+0800: [CMS-concurrent-abortable-preclean: 0.001/0.024 secs] [Times: user=0.02 sys=0.00, real=0.02 secs] 
 (concurrent mode failure): 308792K->319309K(349568K), 0.0531081 secs] 448568K->319309K(506816K), [Metaspace: 3213K->3213K(1056768K)], 0.0532417 secs] [Times: user=0.06 sys=0.00, real=0.05 secs] 
2021-01-21T16:17:04.463+0800: [GC (Allocation Failure) 2021-01-21T16:17:04.463+0800: [ParNew: 139776K->139776K(157248K), 0.0000267 secs]2021-01-21T16:17:04.463+0800: [CMS: 319309K->322049K(349568K), 0.0682146 secs] 459085K->322049K(506816K), [Metaspace: 3213K->3213K(1056768K)], 0.0683231 secs] [Times: user=0.08 sys=0.00, real=0.07 secs] 
2021-01-21T16:17:04.531+0800: [GC (CMS Initial Mark) [1 CMS-initial-mark: 322049K(349568K)] 322615K(506816K), 0.0004549 secs] [Times: user=0.00 sys=0.00, real=0.00 secs] 
2021-01-21T16:17:04.532+0800: [CMS-concurrent-mark-start]
2021-01-21T16:17:04.534+0800: [CMS-concurrent-mark: 0.002/0.002 secs] [Times: user=0.00 sys=0.00, real=0.00 secs] 
2021-01-21T16:17:04.534+0800: [CMS-concurrent-preclean-start]
2021-01-21T16:17:04.535+0800: [CMS-concurrent-preclean: 0.001/0.001 secs] [Times: user=0.00 sys=0.00, real=0.00 secs] 
2021-01-21T16:17:04.535+0800: [CMS-concurrent-abortable-preclean-start]
Disconnected from the target VM, address: '127.0.0.1:55947', transport: 'socket'
执行结束!共生成对象次数:8716
Heap
 par new generation   total 157248K, used 91945K [0x00000000e0000000, 0x00000000eaaa0000, 0x00000000eaaa0000)
  eden space 139776K,  65% used [0x00000000e0000000, 0x00000000e59ca648, 0x00000000e8880000)
  from space 17472K,   0% used [0x00000000e8880000, 0x00000000e8880000, 0x00000000e9990000)
  to   space 17472K,   0% used [0x00000000e9990000, 0x00000000e9990000, 0x00000000eaaa0000)
 concurrent mark-sweep generation total 349568K, used 322049K [0x00000000eaaa0000, 0x0000000100000000, 0x0000000100000000)
 Metaspace       used 3219K, capacity 4568K, committed 4864K, reserved 1056768K
  class space    used 344K, capacity 392K, committed 512K, reserved 1048576K

Process finished with exit code 0
