"C:\Program Files\Java\jdk1.8.0_91\bin\java.exe" -agentlib:jdwp=transport=dt_socket,address=127.0.0.1:55032,suspend=y,server=n -Xmx512m -XX:+UseG1GC -XX:+PrintGC -XX:+PrintGCDateStamps -javaagent:C:\Users\hfzhang\.IdeaIC2018.2\system\captureAgent\debugger-agent.jar=file:/C:/Users/hfzhang/AppData/Local/Temp/capture.props -Dfile.encoding=UTF-8 -classpath "C:\Program Files\Java\jdk1.8.0_91\jre\lib\charsets.jar;C:\Program Files\Java\jdk1.8.0_91\jre\lib\deploy.jar;C:\Program Files\Java\jdk1.8.0_91\jre\lib\ext\access-bridge-64.jar;C:\Program Files\Java\jdk1.8.0_91\jre\lib\ext\cldrdata.jar;C:\Program Files\Java\jdk1.8.0_91\jre\lib\ext\dnsns.jar;C:\Program Files\Java\jdk1.8.0_91\jre\lib\ext\jaccess.jar;C:\Program Files\Java\jdk1.8.0_91\jre\lib\ext\jfxrt.jar;C:\Program Files\Java\jdk1.8.0_91\jre\lib\ext\localedata.jar;C:\Program Files\Java\jdk1.8.0_91\jre\lib\ext\nashorn.jar;C:\Program Files\Java\jdk1.8.0_91\jre\lib\ext\sunec.jar;C:\Program Files\Java\jdk1.8.0_91\jre\lib\ext\sunjce_provider.jar;C:\Program Files\Java\jdk1.8.0_91\jre\lib\ext\sunmscapi.jar;C:\Program Files\Java\jdk1.8.0_91\jre\lib\ext\sunpkcs11.jar;C:\Program Files\Java\jdk1.8.0_91\jre\lib\ext\zipfs.jar;C:\Program Files\Java\jdk1.8.0_91\jre\lib\javaws.jar;C:\Program Files\Java\jdk1.8.0_91\jre\lib\jce.jar;C:\Program Files\Java\jdk1.8.0_91\jre\lib\jfr.jar;C:\Program Files\Java\jdk1.8.0_91\jre\lib\jfxswt.jar;C:\Program Files\Java\jdk1.8.0_91\jre\lib\jsse.jar;C:\Program Files\Java\jdk1.8.0_91\jre\lib\management-agent.jar;C:\Program Files\Java\jdk1.8.0_91\jre\lib\plugin.jar;C:\Program Files\Java\jdk1.8.0_91\jre\lib\resources.jar;C:\Program Files\Java\jdk1.8.0_91\jre\lib\rt.jar;D:\User\workspace\springboot-maven-hf\jvm-actual\target\classes;D:\m2\repository\org\springframework\boot\spring-boot-starter-web\2.3.5.RELEASE\spring-boot-starter-web-2.3.5.RELEASE.jar;D:\m2\repository\org\springframework\boot\spring-boot-starter\2.3.5.RELEASE\spring-boot-starter-2.3.5.RELEASE.jar;D:\m2\repository\org\springframework\boot\spring-boot\2.3.5.RELEASE\spring-boot-2.3.5.RELEASE.jar;D:\m2\repository\org\springframework\boot\spring-boot-autoconfigure\2.3.5.RELEASE\spring-boot-autoconfigure-2.3.5.RELEASE.jar;D:\m2\repository\org\springframework\boot\spring-boot-starter-logging\2.3.5.RELEASE\spring-boot-starter-logging-2.3.5.RELEASE.jar;D:\m2\repository\ch\qos\logback\logback-classic\1.2.3\logback-classic-1.2.3.jar;D:\m2\repository\ch\qos\logback\logback-core\1.2.3\logback-core-1.2.3.jar;D:\m2\repository\org\apache\logging\log4j\log4j-to-slf4j\2.13.3\log4j-to-slf4j-2.13.3.jar;D:\m2\repository\org\apache\logging\log4j\log4j-api\2.13.3\log4j-api-2.13.3.jar;D:\m2\repository\org\slf4j\jul-to-slf4j\1.7.30\jul-to-slf4j-1.7.30.jar;D:\m2\repository\jakarta\annotation\jakarta.annotation-api\1.3.5\jakarta.annotation-api-1.3.5.jar;D:\m2\repository\org\yaml\snakeyaml\1.26\snakeyaml-1.26.jar;D:\m2\repository\org\springframework\boot\spring-boot-starter-json\2.3.5.RELEASE\spring-boot-starter-json-2.3.5.RELEASE.jar;D:\m2\repository\com\fasterxml\jackson\core\jackson-databind\2.11.3\jackson-databind-2.11.3.jar;D:\m2\repository\com\fasterxml\jackson\core\jackson-annotations\2.11.3\jackson-annotations-2.11.3.jar;D:\m2\repository\com\fasterxml\jackson\core\jackson-core\2.11.3\jackson-core-2.11.3.jar;D:\m2\repository\com\fasterxml\jackson\datatype\jackson-datatype-jdk8\2.11.3\jackson-datatype-jdk8-2.11.3.jar;D:\m2\repository\com\fasterxml\jackson\datatype\jackson-datatype-jsr310\2.11.3\jackson-datatype-jsr310-2.11.3.jar;D:\m2\repository\com\fasterxml\jackson\module\jackson-module-parameter-names\2.11.3\jackson-module-parameter-names-2.11.3.jar;D:\m2\repository\org\springframework\boot\spring-boot-starter-tomcat\2.3.5.RELEASE\spring-boot-starter-tomcat-2.3.5.RELEASE.jar;D:\m2\repository\org\apache\tomcat\embed\tomcat-embed-core\9.0.39\tomcat-embed-core-9.0.39.jar;D:\m2\repository\org\glassfish\jakarta.el\3.0.3\jakarta.el-3.0.3.jar;D:\m2\repository\org\apache\tomcat\embed\tomcat-embed-websocket\9.0.39\tomcat-embed-websocket-9.0.39.jar;D:\m2\repository\org\springframework\spring-web\5.2.10.RELEASE\spring-web-5.2.10.RELEASE.jar;D:\m2\repository\org\springframework\spring-beans\5.2.10.RELEASE\spring-beans-5.2.10.RELEASE.jar;D:\m2\repository\org\springframework\spring-webmvc\5.2.10.RELEASE\spring-webmvc-5.2.10.RELEASE.jar;D:\m2\repository\org\springframework\spring-aop\5.2.10.RELEASE\spring-aop-5.2.10.RELEASE.jar;D:\m2\repository\org\springframework\spring-context\5.2.10.RELEASE\spring-context-5.2.10.RELEASE.jar;D:\m2\repository\org\springframework\spring-expression\5.2.10.RELEASE\spring-expression-5.2.10.RELEASE.jar;D:\m2\repository\org\slf4j\slf4j-api\1.7.30\slf4j-api-1.7.30.jar;D:\m2\repository\org\springframework\spring-core\5.2.10.RELEASE\spring-core-5.2.10.RELEASE.jar;D:\m2\repository\org\springframework\spring-jcl\5.2.10.RELEASE\spring-jcl-5.2.10.RELEASE.jar;D:\m2\repository\io\netty\netty-all\4.1.51.Final\netty-all-4.1.51.Final.jar;D:\m2\repository\org\apache\httpcomponents\httpasyncclient\4.1.4\httpasyncclient-4.1.4.jar;D:\m2\repository\org\apache\httpcomponents\httpcore\4.4.13\httpcore-4.4.13.jar;D:\m2\repository\org\apache\httpcomponents\httpcore-nio\4.4.13\httpcore-nio-4.4.13.jar;D:\m2\repository\org\apache\httpcomponents\httpclient\4.5.13\httpclient-4.5.13.jar;D:\m2\repository\commons-codec\commons-codec\1.14\commons-codec-1.14.jar;D:\Program Files\JetBrains\IntelliJ IDEA Community Edition 2018.2\lib\idea_rt.jar" com.hf.job03.GCLogAnalysis
Connected to the target VM, address: '127.0.0.1:55032', transport: 'socket'
正在执行...
2021-01-21T16:09:39.283+0800: [GC pause (G1 Evacuation Pause) (young) 28M->13M(252M), 0.0028767 secs]
2021-01-21T16:09:39.299+0800: [GC pause (G1 Evacuation Pause) (young) 43M->19M(252M), 0.0024438 secs]
2021-01-21T16:09:39.320+0800: [GC pause (G1 Evacuation Pause) (young) 70M->40M(252M), 0.0049339 secs]
2021-01-21T16:09:39.392+0800: [GC pause (G1 Evacuation Pause) (young) 219M->99M(301M), 0.0111447 secs]
2021-01-21T16:09:39.416+0800: [GC pause (G1 Evacuation Pause) (young) 176M->124M(301M), 0.0045602 secs]
2021-01-21T16:09:39.421+0800: [GC pause (G1 Humongous Allocation) (young) (initial-mark) 126M->126M(301M), 0.0019215 secs]
2021-01-21T16:09:39.424+0800: [GC concurrent-root-region-scan-start]
2021-01-21T16:09:39.424+0800: [GC concurrent-root-region-scan-end, 0.0000668 secs]
2021-01-21T16:09:39.424+0800: [GC concurrent-mark-start]
2021-01-21T16:09:39.425+0800: [GC concurrent-mark-end, 0.0010040 secs]
2021-01-21T16:09:39.425+0800: [GC remark, 0.0012687 secs]
2021-01-21T16:09:39.427+0800: [GC cleanup 132M->132M(301M), 0.0003984 secs]
2021-01-21T16:09:39.446+0800: [GC pause (G1 Evacuation Pause) (young) 242M->166M(315M), 0.0063614 secs]
2021-01-21T16:09:39.453+0800: [GC pause (G1 Evacuation Pause) (mixed) 171M->169M(315M), 0.0021801 secs]
2021-01-21T16:09:39.456+0800: [GC pause (G1 Humongous Allocation) (young) (initial-mark) 170M->169M(315M), 0.0008374 secs]
2021-01-21T16:09:39.457+0800: [GC concurrent-root-region-scan-start]
2021-01-21T16:09:39.457+0800: [GC concurrent-root-region-scan-end, 0.0001213 secs]
2021-01-21T16:09:39.457+0800: [GC concurrent-mark-start]
2021-01-21T16:09:39.458+0800: [GC concurrent-mark-end, 0.0014728 secs]
2021-01-21T16:09:39.459+0800: [GC remark, 0.0012851 secs]
2021-01-21T16:09:39.460+0800: [GC cleanup 177M->177M(315M), 0.0003619 secs]
2021-01-21T16:09:39.472+0800: [GC pause (G1 Evacuation Pause) (young) 246M->191M(315M), 0.0027451 secs]
2021-01-21T16:09:39.475+0800: [GC pause (G1 Evacuation Pause) (mixed) 198M->182M(315M), 0.0026155 secs]
2021-01-21T16:09:39.478+0800: [GC pause (G1 Humongous Allocation) (young) (initial-mark) 184M->183M(355M), 0.0014054 secs]
2021-01-21T16:09:39.480+0800: [GC concurrent-root-region-scan-start]
2021-01-21T16:09:39.480+0800: [GC concurrent-root-region-scan-end, 0.0000992 secs]
2021-01-21T16:09:39.480+0800: [GC concurrent-mark-start]
2021-01-21T16:09:39.481+0800: [GC concurrent-mark-end, 0.0011499 secs]
2021-01-21T16:09:39.481+0800: [GC remark, 0.0011690 secs]
2021-01-21T16:09:39.482+0800: [GC cleanup 185M->185M(355M), 0.0003758 secs]
2021-01-21T16:09:39.514+0800: [GC pause (G1 Evacuation Pause) (young) 278M->210M(387M), 0.0043170 secs]
2021-01-21T16:09:39.523+0800: [GC pause (G1 Evacuation Pause) (mixed) 220M->208M(412M), 0.0044872 secs]
2021-01-21T16:09:39.529+0800: [GC pause (G1 Humongous Allocation) (young) (initial-mark) 211M->209M(432M), 0.0035017 secs]
2021-01-21T16:09:39.533+0800: [GC concurrent-root-region-scan-start]
2021-01-21T16:09:39.533+0800: [GC concurrent-root-region-scan-end, 0.0001573 secs]
2021-01-21T16:09:39.533+0800: [GC concurrent-mark-start]
2021-01-21T16:09:39.535+0800: [GC concurrent-mark-end, 0.0018357 secs]
2021-01-21T16:09:39.535+0800: [GC remark, 0.0019169 secs]
2021-01-21T16:09:39.537+0800: [GC cleanup 213M->213M(432M), 0.0005038 secs]
2021-01-21T16:09:39.588+0800: [GC pause (G1 Evacuation Pause) (young) 348M->248M(448M), 0.0051693 secs]
2021-01-21T16:09:39.598+0800: [GC pause (G1 Evacuation Pause) (mixed) 261M->245M(461M), 0.0045576 secs]
2021-01-21T16:09:39.603+0800: [GC pause (G1 Humongous Allocation) (young) (initial-mark) 246M->245M(472M), 0.0016974 secs]
2021-01-21T16:09:39.605+0800: [GC concurrent-root-region-scan-start]
2021-01-21T16:09:39.605+0800: [GC concurrent-root-region-scan-end, 0.0001989 secs]
2021-01-21T16:09:39.605+0800: [GC concurrent-mark-start]
2021-01-21T16:09:39.607+0800: [GC concurrent-mark-end, 0.0017694 secs]
2021-01-21T16:09:39.607+0800: [GC remark, 0.0017000 secs]
2021-01-21T16:09:39.609+0800: [GC cleanup 249M->249M(472M), 0.0005958 secs]
2021-01-21T16:09:39.642+0800: [GC pause (G1 Evacuation Pause) (young) 388M->287M(487M), 0.0060165 secs]
2021-01-21T16:09:39.652+0800: [GC pause (G1 Evacuation Pause) (mixed) 297M->270M(492M), 0.0044394 secs]
2021-01-21T16:09:39.657+0800: [GC pause (G1 Humongous Allocation) (young) (initial-mark) 273M->271M(496M), 0.0011556 secs]
2021-01-21T16:09:39.659+0800: [GC concurrent-root-region-scan-start]
2021-01-21T16:09:39.659+0800: [GC concurrent-root-region-scan-end, 0.0001337 secs]
2021-01-21T16:09:39.659+0800: [GC concurrent-mark-start]
2021-01-21T16:09:39.660+0800: [GC concurrent-mark-end, 0.0014836 secs]
2021-01-21T16:09:39.660+0800: [GC remark, 0.0013818 secs]
2021-01-21T16:09:39.662+0800: [GC cleanup 279M->279M(496M), 0.0006307 secs]
2021-01-21T16:09:39.688+0800: [GC pause (G1 Evacuation Pause) (young) 414M->311M(508M), 0.0057790 secs]
2021-01-21T16:09:39.696+0800: [GC pause (G1 Evacuation Pause) (mixed) 327M->297M(509M), 0.0047668 secs]
2021-01-21T16:09:39.702+0800: [GC pause (G1 Humongous Allocation) (young) (initial-mark) 301M->297M(510M), 0.0011155 secs]
2021-01-21T16:09:39.703+0800: [GC concurrent-root-region-scan-start]
2021-01-21T16:09:39.704+0800: [GC concurrent-root-region-scan-end, 0.0001660 secs]
2021-01-21T16:09:39.704+0800: [GC concurrent-mark-start]
2021-01-21T16:09:39.705+0800: [GC concurrent-mark-end, 0.0013520 secs]
2021-01-21T16:09:39.705+0800: [GC remark, 0.0014394 secs]
2021-01-21T16:09:39.707+0800: [GC cleanup 304M->304M(510M), 0.0003902 secs]
2021-01-21T16:09:39.724+0800: [GC pause (G1 Evacuation Pause) (young) 416M->328M(512M), 0.0054140 secs]
2021-01-21T16:09:39.733+0800: [GC pause (G1 Evacuation Pause) (mixed) 344M->308M(512M), 0.0056294 secs]
2021-01-21T16:09:39.739+0800: [GC pause (G1 Humongous Allocation) (young) (initial-mark) 309M->308M(512M), 0.0011134 secs]
2021-01-21T16:09:39.740+0800: [GC concurrent-root-region-scan-start]
2021-01-21T16:09:39.740+0800: [GC concurrent-root-region-scan-end, 0.0001969 secs]
2021-01-21T16:09:39.740+0800: [GC concurrent-mark-start]
2021-01-21T16:09:39.742+0800: [GC concurrent-mark-end, 0.0020675 secs]
2021-01-21T16:09:39.743+0800: [GC remark, 0.0016722 secs]
2021-01-21T16:09:39.745+0800: [GC cleanup 321M->321M(512M), 0.0006508 secs]
2021-01-21T16:09:39.745+0800: [GC concurrent-cleanup-start]
2021-01-21T16:09:39.745+0800: [GC concurrent-cleanup-end, 0.0000314 secs]
2021-01-21T16:09:39.765+0800: [GC pause (G1 Evacuation Pause) (young) 413M->336M(512M), 0.0042461 secs]
2021-01-21T16:09:39.773+0800: [GC pause (G1 Evacuation Pause) (mixed) 355M->315M(512M), 0.0054408 secs]
2021-01-21T16:09:39.778+0800: [GC pause (G1 Humongous Allocation) (young) (initial-mark) 315M->315M(512M), 0.0010446 secs]
2021-01-21T16:09:39.779+0800: [GC concurrent-root-region-scan-start]
2021-01-21T16:09:39.780+0800: [GC concurrent-root-region-scan-end, 0.0001301 secs]
2021-01-21T16:09:39.780+0800: [GC concurrent-mark-start]
2021-01-21T16:09:39.782+0800: [GC concurrent-mark-end, 0.0024356 secs]
2021-01-21T16:09:39.782+0800: [GC remark, 0.0018336 secs]
2021-01-21T16:09:39.784+0800: [GC cleanup 323M->323M(512M), 0.0006030 secs]
2021-01-21T16:09:39.805+0800: [GC pause (G1 Evacuation Pause) (young) 413M->342M(512M), 0.0049175 secs]
2021-01-21T16:09:39.815+0800: [GC pause (G1 Evacuation Pause) (mixed) 362M->328M(512M), 0.0058983 secs]
2021-01-21T16:09:39.822+0800: [GC pause (G1 Humongous Allocation) (young) (initial-mark) 334M->329M(512M), 0.0021066 secs]
2021-01-21T16:09:39.825+0800: [GC concurrent-root-region-scan-start]
2021-01-21T16:09:39.825+0800: [GC concurrent-root-region-scan-end, 0.0001450 secs]
2021-01-21T16:09:39.825+0800: [GC concurrent-mark-start]
2021-01-21T16:09:39.827+0800: [GC concurrent-mark-end, 0.0021590 secs]
2021-01-21T16:09:39.827+0800: [GC remark, 0.0020598 secs]
2021-01-21T16:09:39.829+0800: [GC cleanup 337M->337M(512M), 0.0008657 secs]
2021-01-21T16:09:39.848+0800: [GC pause (G1 Evacuation Pause) (young) 408M->350M(512M), 0.0041613 secs]
2021-01-21T16:09:39.856+0800: [GC pause (G1 Evacuation Pause) (mixed) 370M->329M(512M), 0.0058109 secs]
2021-01-21T16:09:39.867+0800: [GC pause (G1 Evacuation Pause) (mixed) 354M->335M(512M), 0.0024813 secs]
2021-01-21T16:09:39.870+0800: [GC pause (G1 Humongous Allocation) (young) (initial-mark) 339M->336M(512M), 0.0014450 secs]
2021-01-21T16:09:39.872+0800: [GC concurrent-root-region-scan-start]
2021-01-21T16:09:39.872+0800: [GC concurrent-root-region-scan-end, 0.0001038 secs]
2021-01-21T16:09:39.872+0800: [GC concurrent-mark-start]
2021-01-21T16:09:39.873+0800: [GC concurrent-mark-end, 0.0014753 secs]
2021-01-21T16:09:39.873+0800: [GC remark, 0.0017555 secs]
2021-01-21T16:09:39.875+0800: [GC cleanup 343M->343M(512M), 0.0004436 secs]
2021-01-21T16:09:39.886+0800: [GC pause (G1 Evacuation Pause) (young) 410M->358M(512M), 0.0034981 secs]
2021-01-21T16:09:39.892+0800: [GC pause (G1 Evacuation Pause) (mixed) 381M->344M(512M), 0.0056978 secs]
2021-01-21T16:09:39.898+0800: [GC pause (G1 Humongous Allocation) (young) (initial-mark) 345M->344M(512M), 0.0011864 secs]
2021-01-21T16:09:39.900+0800: [GC concurrent-root-region-scan-start]
2021-01-21T16:09:39.900+0800: [GC concurrent-root-region-scan-end, 0.0001516 secs]
2021-01-21T16:09:39.900+0800: [GC concurrent-mark-start]
2021-01-21T16:09:39.902+0800: [GC concurrent-mark-end, 0.0019812 secs]
2021-01-21T16:09:39.902+0800: [GC remark, 0.0014676 secs]
2021-01-21T16:09:39.903+0800: [GC cleanup 360M->360M(512M), 0.0004555 secs]
2021-01-21T16:09:39.911+0800: [GC pause (G1 Evacuation Pause) (young) 406M->363M(512M), 0.0037588 secs]
2021-01-21T16:09:39.917+0800: [GC pause (G1 Evacuation Pause) (mixed) 386M->347M(512M), 0.0054094 secs]
2021-01-21T16:09:39.923+0800: [GC pause (G1 Humongous Allocation) (young) (initial-mark) 350M->348M(512M), 0.0013417 secs]
2021-01-21T16:09:39.925+0800: [GC concurrent-root-region-scan-start]
2021-01-21T16:09:39.925+0800: [GC concurrent-root-region-scan-end, 0.0001357 secs]
2021-01-21T16:09:39.925+0800: [GC concurrent-mark-start]
2021-01-21T16:09:39.927+0800: [GC concurrent-mark-end, 0.0020048 secs]
2021-01-21T16:09:39.927+0800: [GC remark, 0.0015093 secs]
2021-01-21T16:09:39.929+0800: [GC cleanup 360M->360M(512M), 0.0005166 secs]
2021-01-21T16:09:39.938+0800: [GC pause (G1 Evacuation Pause) (young) 405M->363M(512M), 0.0038683 secs]
2021-01-21T16:09:39.948+0800: [GC pause (G1 Evacuation Pause) (mixed) 385M->351M(512M), 0.0055071 secs]
2021-01-21T16:09:39.954+0800: [GC pause (G1 Humongous Allocation) (young) (initial-mark) 354M->351M(512M), 0.0014337 secs]
2021-01-21T16:09:39.955+0800: [GC concurrent-root-region-scan-start]
2021-01-21T16:09:39.955+0800: [GC concurrent-root-region-scan-end, 0.0002555 secs]
2021-01-21T16:09:39.955+0800: [GC concurrent-mark-start]
2021-01-21T16:09:39.958+0800: [GC concurrent-mark-end, 0.0023210 secs]
2021-01-21T16:09:39.958+0800: [GC remark, 0.0018100 secs]
2021-01-21T16:09:39.960+0800: [GC cleanup 365M->364M(512M), 0.0004678 secs]
2021-01-21T16:09:39.960+0800: [GC concurrent-cleanup-start]
2021-01-21T16:09:39.960+0800: [GC concurrent-cleanup-end, 0.0000221 secs]
2021-01-21T16:09:39.968+0800: [GC pause (G1 Evacuation Pause) (young) 408M->369M(512M), 0.0036534 secs]
2021-01-21T16:09:39.977+0800: [GC pause (G1 Evacuation Pause) (mixed) 393M->357M(512M), 0.0052706 secs]
2021-01-21T16:09:39.982+0800: [GC pause (G1 Humongous Allocation) (young) (initial-mark) 358M->358M(512M), 0.0017920 secs]
2021-01-21T16:09:39.984+0800: [GC concurrent-root-region-scan-start]
2021-01-21T16:09:39.984+0800: [GC concurrent-root-region-scan-end, 0.0000586 secs]
2021-01-21T16:09:39.984+0800: [GC concurrent-mark-start]
2021-01-21T16:09:39.987+0800: [GC concurrent-mark-end, 0.0023950 secs]
2021-01-21T16:09:39.987+0800: [GC remark, 0.0019678 secs]
2021-01-21T16:09:39.989+0800: [GC cleanup 369M->369M(512M), 0.0005326 secs]
2021-01-21T16:09:39.995+0800: [GC pause (G1 Evacuation Pause) (young) 401M->369M(512M), 0.0029959 secs]
2021-01-21T16:09:40.003+0800: [GC pause (G1 Evacuation Pause) (mixed) 391M->356M(512M), 0.0058165 secs]
2021-01-21T16:09:40.009+0800: [GC pause (G1 Humongous Allocation) (young) (initial-mark) 358M->356M(512M), 0.0012846 secs]
2021-01-21T16:09:40.011+0800: [GC concurrent-root-region-scan-start]
2021-01-21T16:09:40.011+0800: [GC concurrent-root-region-scan-end, 0.0002380 secs]
2021-01-21T16:09:40.011+0800: [GC concurrent-mark-start]
2021-01-21T16:09:40.013+0800: [GC concurrent-mark-end, 0.0023590 secs]
2021-01-21T16:09:40.014+0800: [GC remark, 0.0022474 secs]
2021-01-21T16:09:40.016+0800: [GC cleanup 371M->370M(512M), 0.0005218 secs]
2021-01-21T16:09:40.017+0800: [GC concurrent-cleanup-start]
2021-01-21T16:09:40.017+0800: [GC concurrent-cleanup-end, 0.0000319 secs]
2021-01-21T16:09:40.022+0800: [GC pause (G1 Evacuation Pause) (young) 401M->373M(512M), 0.0031080 secs]
2021-01-21T16:09:40.030+0800: [GC pause (G1 Evacuation Pause) (mixed) 396M->359M(512M), 0.0053354 secs]
2021-01-21T16:09:40.036+0800: [GC pause (G1 Humongous Allocation) (young) (initial-mark) 362M->360M(512M), 0.0016661 secs]
2021-01-21T16:09:40.038+0800: [GC concurrent-root-region-scan-start]
2021-01-21T16:09:40.038+0800: [GC concurrent-root-region-scan-end, 0.0002077 secs]
2021-01-21T16:09:40.038+0800: [GC concurrent-mark-start]
2021-01-21T16:09:40.041+0800: [GC concurrent-mark-end, 0.0024510 secs]
2021-01-21T16:09:40.041+0800: [GC remark, 0.0019246 secs]
2021-01-21T16:09:40.043+0800: [GC cleanup 374M->374M(512M), 0.0005043 secs]
2021-01-21T16:09:40.049+0800: [GC pause (G1 Evacuation Pause) (young) 400M->371M(512M), 0.0023569 secs]
2021-01-21T16:09:40.056+0800: [GC pause (G1 Evacuation Pause) (mixed) 399M->364M(512M), 0.0048666 secs]
2021-01-21T16:09:40.062+0800: [GC pause (G1 Humongous Allocation) (young) (initial-mark) 366M->364M(512M), 0.0013658 secs]
2021-01-21T16:09:40.063+0800: [GC concurrent-root-region-scan-start]
2021-01-21T16:09:40.063+0800: [GC concurrent-root-region-scan-end, 0.0001588 secs]
2021-01-21T16:09:40.063+0800: [GC concurrent-mark-start]
2021-01-21T16:09:40.066+0800: [GC concurrent-mark-end, 0.0026217 secs]
2021-01-21T16:09:40.066+0800: [GC remark, 0.0018007 secs]
2021-01-21T16:09:40.069+0800: [GC cleanup 377M->377M(512M), 0.0005495 secs]
2021-01-21T16:09:40.075+0800: [GC pause (G1 Evacuation Pause) (young) 404M->373M(512M), 0.0024608 secs]
2021-01-21T16:09:40.082+0800: [GC pause (G1 Evacuation Pause) (mixed) 398M->366M(512M), 0.0054156 secs]
2021-01-21T16:09:40.088+0800: [GC pause (G1 Humongous Allocation) (young) (initial-mark) 368M->367M(512M), 0.0013155 secs]
2021-01-21T16:09:40.090+0800: [GC concurrent-root-region-scan-start]
2021-01-21T16:09:40.090+0800: [GC concurrent-root-region-scan-end, 0.0001342 secs]
2021-01-21T16:09:40.090+0800: [GC concurrent-mark-start]
2021-01-21T16:09:40.092+0800: [GC concurrent-mark-end, 0.0020809 secs]
2021-01-21T16:09:40.092+0800: [GC remark, 0.0017293 secs]
2021-01-21T16:09:40.094+0800: [GC cleanup 382M->382M(512M), 0.0005074 secs]
2021-01-21T16:09:40.098+0800: [GC pause (G1 Evacuation Pause) (young) 407M->373M(512M), 0.0025590 secs]
2021-01-21T16:09:40.106+0800: [GC pause (G1 Evacuation Pause) (mixed) 398M->362M(512M), 0.0052279 secs]
2021-01-21T16:09:40.112+0800: [GC pause (G1 Humongous Allocation) (young) (initial-mark) 368M->363M(512M), 0.0015699 secs]
2021-01-21T16:09:40.114+0800: [GC concurrent-root-region-scan-start]
2021-01-21T16:09:40.114+0800: [GC concurrent-root-region-scan-end, 0.0001182 secs]
2021-01-21T16:09:40.114+0800: [GC concurrent-mark-start]
2021-01-21T16:09:40.116+0800: [GC concurrent-mark-end, 0.0018413 secs]
2021-01-21T16:09:40.116+0800: [GC remark, 0.0017432 secs]
2021-01-21T16:09:40.118+0800: [GC cleanup 379M->379M(512M), 0.0005192 secs]
2021-01-21T16:09:40.125+0800: [GC pause (G1 Evacuation Pause) (young) 412M->378M(512M), 0.0032185 secs]
2021-01-21T16:09:40.133+0800: [GC pause (G1 Evacuation Pause) (mixed) 403M->375M(512M), 0.0054577 secs]
2021-01-21T16:09:40.139+0800: [GC pause (G1 Humongous Allocation) (young) (initial-mark) 378M->375M(512M), 0.0011977 secs]
2021-01-21T16:09:40.141+0800: [GC concurrent-root-region-scan-start]
2021-01-21T16:09:40.141+0800: [GC concurrent-root-region-scan-end, 0.0000509 secs]
2021-01-21T16:09:40.141+0800: [GC concurrent-mark-start]
2021-01-21T16:09:40.143+0800: [GC concurrent-mark-end, 0.0020562 secs]
2021-01-21T16:09:40.143+0800: [GC remark, 0.0019066 secs]
2021-01-21T16:09:40.145+0800: [GC cleanup 388M->388M(512M), 0.0005320 secs]
2021-01-21T16:09:40.149+0800: [GC pause (G1 Evacuation Pause) (young) 403M->383M(512M), 0.0023333 secs]
2021-01-21T16:09:40.158+0800: [GC pause (G1 Evacuation Pause) (mixed)-- 411M->392M(512M), 0.0076527 secs]
2021-01-21T16:09:40.167+0800: [GC pause (G1 Humongous Allocation) (young) (initial-mark) 397M->392M(512M), 0.0015638 secs]
2021-01-21T16:09:40.168+0800: [GC concurrent-root-region-scan-start]
2021-01-21T16:09:40.169+0800: [GC concurrent-root-region-scan-end, 0.0001830 secs]
2021-01-21T16:09:40.169+0800: [GC concurrent-mark-start]
2021-01-21T16:09:40.172+0800: [GC concurrent-mark-end, 0.0031085 secs]
2021-01-21T16:09:40.172+0800: [GC remark, 0.0024623 secs]
2021-01-21T16:09:40.175+0800: [GC cleanup 405M->405M(512M), 0.0005732 secs]
2021-01-21T16:09:40.179+0800: [GC pause (G1 Evacuation Pause) (young) 422M->401M(512M), 0.0041638 secs]
2021-01-21T16:09:40.189+0800: [GC pause (G1 Evacuation Pause) (mixed)-- 429M->420M(512M), 0.0044116 secs]
2021-01-21T16:09:40.197+0800: [GC pause (G1 Evacuation Pause) (mixed)-- 443M->445M(512M), 0.0038127 secs]
2021-01-21T16:09:40.201+0800: [GC pause (G1 Humongous Allocation) (young) (initial-mark) 445M->445M(512M), 0.0019185 secs]
2021-01-21T16:09:40.203+0800: [GC concurrent-root-region-scan-start]
2021-01-21T16:09:40.203+0800: [GC concurrent-root-region-scan-end, 0.0000334 secs]
2021-01-21T16:09:40.203+0800: [GC concurrent-mark-start]
2021-01-21T16:09:40.209+0800: [GC concurrent-mark-end, 0.0057528 secs]
2021-01-21T16:09:40.210+0800: [GC remark, 0.0029188 secs]
2021-01-21T16:09:40.213+0800: [GC cleanup 450M->448M(512M), 0.0009433 secs]
2021-01-21T16:09:40.214+0800: [GC concurrent-cleanup-start]
2021-01-21T16:09:40.214+0800: [GC concurrent-cleanup-end, 0.0000365 secs]
2021-01-21T16:09:40.220+0800: [GC pause (G1 Evacuation Pause) (young)-- 455M->452M(512M), 0.0014532 secs]
2021-01-21T16:09:40.224+0800: [GC pause (G1 Evacuation Pause) (mixed)-- 456M->455M(512M), 0.0014075 secs]
2021-01-21T16:09:40.225+0800: [GC pause (G1 Humongous Allocation) (mixed)-- 456M->455M(512M), 0.0012743 secs]
2021-01-21T16:09:40.227+0800: [GC pause (G1 Evacuation Pause) (mixed)-- 456M->455M(512M), 0.0013890 secs]
2021-01-21T16:09:40.228+0800: [GC pause (G1 Evacuation Pause) (young)-- 456M->456M(512M), 0.0012985 secs]
2021-01-21T16:09:40.230+0800: [Full GC (Allocation Failure)  456M->333M(512M), 0.0490928 secs]
执行结束!共生成对象次数:9389
Disconnected from the target VM, address: '127.0.0.1:55032', transport: 'socket'

Process finished with exit code 0
