"C:\Program Files\Java\jdk1.8.0_91\bin\java.exe" -agentlib:jdwp=transport=dt_socket,address=127.0.0.1:56191,suspend=y,server=n -Xmx512m -XX:+UseParallelGC -XX:+PrintGCDetails -XX:+PrintGCDateStamps -javaagent:C:\Users\hfzhang\.IdeaIC2018.2\system\captureAgent\debugger-agent.jar=file:/C:/Users/hfzhang/AppData/Local/Temp/capture.props -Dfile.encoding=UTF-8 -classpath "C:\Program Files\Java\jdk1.8.0_91\jre\lib\charsets.jar;C:\Program Files\Java\jdk1.8.0_91\jre\lib\deploy.jar;C:\Program Files\Java\jdk1.8.0_91\jre\lib\ext\access-bridge-64.jar;C:\Program Files\Java\jdk1.8.0_91\jre\lib\ext\cldrdata.jar;C:\Program Files\Java\jdk1.8.0_91\jre\lib\ext\dnsns.jar;C:\Program Files\Java\jdk1.8.0_91\jre\lib\ext\jaccess.jar;C:\Program Files\Java\jdk1.8.0_91\jre\lib\ext\jfxrt.jar;C:\Program Files\Java\jdk1.8.0_91\jre\lib\ext\localedata.jar;C:\Program Files\Java\jdk1.8.0_91\jre\lib\ext\nashorn.jar;C:\Program Files\Java\jdk1.8.0_91\jre\lib\ext\sunec.jar;C:\Program Files\Java\jdk1.8.0_91\jre\lib\ext\sunjce_provider.jar;C:\Program Files\Java\jdk1.8.0_91\jre\lib\ext\sunmscapi.jar;C:\Program Files\Java\jdk1.8.0_91\jre\lib\ext\sunpkcs11.jar;C:\Program Files\Java\jdk1.8.0_91\jre\lib\ext\zipfs.jar;C:\Program Files\Java\jdk1.8.0_91\jre\lib\javaws.jar;C:\Program Files\Java\jdk1.8.0_91\jre\lib\jce.jar;C:\Program Files\Java\jdk1.8.0_91\jre\lib\jfr.jar;C:\Program Files\Java\jdk1.8.0_91\jre\lib\jfxswt.jar;C:\Program Files\Java\jdk1.8.0_91\jre\lib\jsse.jar;C:\Program Files\Java\jdk1.8.0_91\jre\lib\management-agent.jar;C:\Program Files\Java\jdk1.8.0_91\jre\lib\plugin.jar;C:\Program Files\Java\jdk1.8.0_91\jre\lib\resources.jar;C:\Program Files\Java\jdk1.8.0_91\jre\lib\rt.jar;D:\User\workspace\springboot-maven-hf\jvm-actual\target\classes;D:\m2\repository\org\springframework\boot\spring-boot-starter-web\2.3.5.RELEASE\spring-boot-starter-web-2.3.5.RELEASE.jar;D:\m2\repository\org\springframework\boot\spring-boot-starter\2.3.5.RELEASE\spring-boot-starter-2.3.5.RELEASE.jar;D:\m2\repository\org\springframework\boot\spring-boot\2.3.5.RELEASE\spring-boot-2.3.5.RELEASE.jar;D:\m2\repository\org\springframework\boot\spring-boot-autoconfigure\2.3.5.RELEASE\spring-boot-autoconfigure-2.3.5.RELEASE.jar;D:\m2\repository\org\springframework\boot\spring-boot-starter-logging\2.3.5.RELEASE\spring-boot-starter-logging-2.3.5.RELEASE.jar;D:\m2\repository\ch\qos\logback\logback-classic\1.2.3\logback-classic-1.2.3.jar;D:\m2\repository\ch\qos\logback\logback-core\1.2.3\logback-core-1.2.3.jar;D:\m2\repository\org\apache\logging\log4j\log4j-to-slf4j\2.13.3\log4j-to-slf4j-2.13.3.jar;D:\m2\repository\org\apache\logging\log4j\log4j-api\2.13.3\log4j-api-2.13.3.jar;D:\m2\repository\org\slf4j\jul-to-slf4j\1.7.30\jul-to-slf4j-1.7.30.jar;D:\m2\repository\jakarta\annotation\jakarta.annotation-api\1.3.5\jakarta.annotation-api-1.3.5.jar;D:\m2\repository\org\yaml\snakeyaml\1.26\snakeyaml-1.26.jar;D:\m2\repository\org\springframework\boot\spring-boot-starter-json\2.3.5.RELEASE\spring-boot-starter-json-2.3.5.RELEASE.jar;D:\m2\repository\com\fasterxml\jackson\core\jackson-databind\2.11.3\jackson-databind-2.11.3.jar;D:\m2\repository\com\fasterxml\jackson\core\jackson-annotations\2.11.3\jackson-annotations-2.11.3.jar;D:\m2\repository\com\fasterxml\jackson\core\jackson-core\2.11.3\jackson-core-2.11.3.jar;D:\m2\repository\com\fasterxml\jackson\datatype\jackson-datatype-jdk8\2.11.3\jackson-datatype-jdk8-2.11.3.jar;D:\m2\repository\com\fasterxml\jackson\datatype\jackson-datatype-jsr310\2.11.3\jackson-datatype-jsr310-2.11.3.jar;D:\m2\repository\com\fasterxml\jackson\module\jackson-module-parameter-names\2.11.3\jackson-module-parameter-names-2.11.3.jar;D:\m2\repository\org\springframework\boot\spring-boot-starter-tomcat\2.3.5.RELEASE\spring-boot-starter-tomcat-2.3.5.RELEASE.jar;D:\m2\repository\org\apache\tomcat\embed\tomcat-embed-core\9.0.39\tomcat-embed-core-9.0.39.jar;D:\m2\repository\org\glassfish\jakarta.el\3.0.3\jakarta.el-3.0.3.jar;D:\m2\repository\org\apache\tomcat\embed\tomcat-embed-websocket\9.0.39\tomcat-embed-websocket-9.0.39.jar;D:\m2\repository\org\springframework\spring-web\5.2.10.RELEASE\spring-web-5.2.10.RELEASE.jar;D:\m2\repository\org\springframework\spring-beans\5.2.10.RELEASE\spring-beans-5.2.10.RELEASE.jar;D:\m2\repository\org\springframework\spring-webmvc\5.2.10.RELEASE\spring-webmvc-5.2.10.RELEASE.jar;D:\m2\repository\org\springframework\spring-aop\5.2.10.RELEASE\spring-aop-5.2.10.RELEASE.jar;D:\m2\repository\org\springframework\spring-context\5.2.10.RELEASE\spring-context-5.2.10.RELEASE.jar;D:\m2\repository\org\springframework\spring-expression\5.2.10.RELEASE\spring-expression-5.2.10.RELEASE.jar;D:\m2\repository\org\slf4j\slf4j-api\1.7.30\slf4j-api-1.7.30.jar;D:\m2\repository\org\springframework\spring-core\5.2.10.RELEASE\spring-core-5.2.10.RELEASE.jar;D:\m2\repository\org\springframework\spring-jcl\5.2.10.RELEASE\spring-jcl-5.2.10.RELEASE.jar;D:\m2\repository\io\netty\netty-all\4.1.51.Final\netty-all-4.1.51.Final.jar;D:\m2\repository\org\apache\httpcomponents\httpasyncclient\4.1.4\httpasyncclient-4.1.4.jar;D:\m2\repository\org\apache\httpcomponents\httpcore\4.4.13\httpcore-4.4.13.jar;D:\m2\repository\org\apache\httpcomponents\httpcore-nio\4.4.13\httpcore-nio-4.4.13.jar;D:\m2\repository\org\apache\httpcomponents\httpclient\4.5.13\httpclient-4.5.13.jar;D:\m2\repository\commons-codec\commons-codec\1.14\commons-codec-1.14.jar;D:\Program Files\JetBrains\IntelliJ IDEA Community Edition 2018.2\lib\idea_rt.jar" com.hf.job03.GCLogAnalysis
Connected to the target VM, address: '127.0.0.1:56191', transport: 'socket'
正在执行...
2021-01-21T16:19:02.744+0800: [GC (Allocation Failure) [PSYoungGen: 63878K->10741K(75264K)] 63878K->19929K(247296K), 0.0052716 secs] [Times: user=0.00 sys=0.00, real=0.01 secs] 
2021-01-21T16:19:02.767+0800: [GC (Allocation Failure) [PSYoungGen: 75186K->10749K(139776K)] 84373K->37454K(311808K), 0.0074440 secs] [Times: user=0.00 sys=0.00, real=0.01 secs] 
2021-01-21T16:19:02.812+0800: [GC (Allocation Failure) [PSYoungGen: 139773K->10750K(139776K)] 166478K->76109K(311808K), 0.0109386 secs] [Times: user=0.02 sys=0.08, real=0.01 secs] 
2021-01-21T16:19:02.842+0800: [GC (Allocation Failure) [PSYoungGen: 139774K->10747K(163840K)] 205133K->113763K(335872K), 0.0118140 secs] [Times: user=0.00 sys=0.00, real=0.01 secs] 
2021-01-21T16:19:02.874+0800: [GC (Allocation Failure) [PSYoungGen: 163835K->10748K(163840K)] 266851K->161935K(335872K), 0.0135263 secs] [Times: user=0.00 sys=0.11, real=0.01 secs] 
2021-01-21T16:19:02.888+0800: [Full GC (Ergonomics) [PSYoungGen: 10748K->0K(163840K)] [ParOldGen: 151187K->138503K(271872K)] 161935K->138503K(435712K), [Metaspace: 3210K->3210K(1056768K)], 0.0200898 secs] [Times: user=0.09 sys=0.00, real=0.02 secs] 
2021-01-21T16:19:02.927+0800: [GC (Allocation Failure) [PSYoungGen: 153088K->10749K(69632K)] 291591K->187405K(341504K), 0.0086444 secs] [Times: user=0.00 sys=0.11, real=0.01 secs] 
2021-01-21T16:19:02.946+0800: [GC (Allocation Failure) [PSYoungGen: 69629K->29569K(116736K)] 246285K->206225K(388608K), 0.0036734 secs] [Times: user=0.13 sys=0.00, real=0.00 secs] 
2021-01-21T16:19:02.958+0800: [GC (Allocation Failure) [PSYoungGen: 88358K->51850K(116736K)] 265014K->228506K(388608K), 0.0066447 secs] [Times: user=0.08 sys=0.00, real=0.01 secs] 
2021-01-21T16:19:02.976+0800: [GC (Allocation Failure) [PSYoungGen: 110730K->57833K(116736K)] 287386K->246341K(388608K), 0.0130328 secs] [Times: user=0.03 sys=0.00, real=0.01 secs] 
2021-01-21T16:19:03.001+0800: [GC (Allocation Failure) [PSYoungGen: 116713K->40795K(116736K)] 305221K->266354K(388608K), 0.0125347 secs] [Times: user=0.03 sys=0.05, real=0.01 secs] 
2021-01-21T16:19:03.014+0800: [Full GC (Ergonomics) [PSYoungGen: 40795K->0K(116736K)] [ParOldGen: 225559K->217438K(349696K)] 266354K->217438K(466432K), [Metaspace: 3210K->3210K(1056768K)], 0.0304285 secs] [Times: user=0.19 sys=0.00, real=0.03 secs] 
2021-01-21T16:19:03.055+0800: [GC (Allocation Failure) [PSYoungGen: 58786K->17564K(116736K)] 276224K->235002K(466432K), 0.0028515 secs] [Times: user=0.08 sys=0.00, real=0.00 secs] 
2021-01-21T16:19:03.065+0800: [GC (Allocation Failure) [PSYoungGen: 76153K->20711K(116736K)] 293591K->253760K(466432K), 0.0046830 secs] [Times: user=0.00 sys=0.00, real=0.00 secs] 
2021-01-21T16:19:03.082+0800: [GC (Allocation Failure) [PSYoungGen: 79591K->17334K(116736K)] 312640K->269743K(466432K), 0.0056556 secs] [Times: user=0.06 sys=0.03, real=0.01 secs] 
2021-01-21T16:19:03.097+0800: [GC (Allocation Failure) [PSYoungGen: 75691K->18145K(116736K)] 328100K->286711K(466432K), 0.0049920 secs] [Times: user=0.00 sys=0.00, real=0.01 secs] 
2021-01-21T16:19:03.111+0800: [GC (Allocation Failure) [PSYoungGen: 77025K->21026K(116736K)] 345591K->306771K(466432K), 0.0056469 secs] [Times: user=0.00 sys=0.00, real=0.00 secs] 
2021-01-21T16:19:03.125+0800: [GC (Allocation Failure) [PSYoungGen: 79821K->18009K(116736K)] 365566K->324128K(466432K), 0.0055405 secs] [Times: user=0.00 sys=0.00, real=0.01 secs] 
2021-01-21T16:19:03.141+0800: [GC (Allocation Failure) [PSYoungGen: 76863K->23514K(116736K)] 382982K->346129K(466432K), 0.0052408 secs] [Times: user=0.00 sys=0.00, real=0.01 secs] 
2021-01-21T16:19:03.147+0800: [Full GC (Ergonomics) [PSYoungGen: 23514K->0K(116736K)] [ParOldGen: 322614K->253514K(349696K)] 346129K->253514K(466432K), [Metaspace: 3210K->3210K(1056768K)], 0.0334588 secs] [Times: user=0.19 sys=0.00, real=0.03 secs] 
2021-01-21T16:19:03.190+0800: [GC (Allocation Failure) [PSYoungGen: 58594K->18917K(116736K)] 312109K->272431K(466432K), 0.0037881 secs] [Times: user=0.00 sys=0.00, real=0.00 secs] 
2021-01-21T16:19:03.202+0800: [GC (Allocation Failure) [PSYoungGen: 77797K->19279K(116736K)] 331311K->291211K(466432K), 0.0049776 secs] [Times: user=0.00 sys=0.00, real=0.01 secs] 
2021-01-21T16:19:03.216+0800: [GC (Allocation Failure) [PSYoungGen: 78159K->20057K(116736K)] 350091K->309929K(466432K), 0.0045401 secs] [Times: user=0.00 sys=0.00, real=0.00 secs] 
2021-01-21T16:19:03.227+0800: [GC (Allocation Failure) [PSYoungGen: 78937K->25475K(116736K)] 368809K->334487K(466432K), 0.0053066 secs] [Times: user=0.09 sys=0.00, real=0.01 secs] 
2021-01-21T16:19:03.240+0800: [GC (Allocation Failure) [PSYoungGen: 84355K->22141K(115712K)] 393367K->353765K(465408K), 0.0056089 secs] [Times: user=0.03 sys=0.08, real=0.01 secs] 
2021-01-21T16:19:03.246+0800: [Full GC (Ergonomics) [PSYoungGen: 22141K->0K(115712K)] [ParOldGen: 331624K->280489K(349696K)] 353765K->280489K(465408K), [Metaspace: 3210K->3210K(1056768K)], 0.0336907 secs] [Times: user=0.22 sys=0.00, real=0.03 secs] 
2021-01-21T16:19:03.288+0800: [GC (Allocation Failure) [PSYoungGen: 58880K->19563K(116224K)] 339369K->300053K(465920K), 0.0029589 secs] [Times: user=0.00 sys=0.00, real=0.00 secs] 
2021-01-21T16:19:03.300+0800: [GC (Allocation Failure) [PSYoungGen: 78443K->18897K(114176K)] 358933K->317123K(463872K), 0.0050593 secs] [Times: user=0.00 sys=0.00, real=0.01 secs] 
2021-01-21T16:19:03.316+0800: [GC (Allocation Failure) [PSYoungGen: 80337K->22819K(115200K)] 378563K->338237K(464896K), 0.0065897 secs] [Times: user=0.00 sys=0.00, real=0.01 secs] 
2021-01-21T16:19:03.335+0800: [GC (Allocation Failure) [PSYoungGen: 84259K->23738K(116736K)] 399677K->361046K(466432K), 0.0067059 secs] [Times: user=0.08 sys=0.00, real=0.01 secs] 
2021-01-21T16:19:03.342+0800: [Full GC (Ergonomics) [PSYoungGen: 23738K->0K(116736K)] [ParOldGen: 337308K->302494K(349696K)] 361046K->302494K(466432K), [Metaspace: 3210K->3210K(1056768K)], 0.0363905 secs] [Times: user=0.17 sys=0.00, real=0.04 secs] 
2021-01-21T16:19:03.390+0800: [GC (Allocation Failure) [PSYoungGen: 69120K->21947K(118272K)] 371614K->324442K(467968K), 0.0033470 secs] [Times: user=0.00 sys=0.00, real=0.00 secs] 
2021-01-21T16:19:03.406+0800: [GC (Allocation Failure) [PSYoungGen: 90626K->27316K(122368K)] 393121K->349974K(472064K), 0.0070256 secs] [Times: user=0.00 sys=0.00, real=0.01 secs] 
2021-01-21T16:19:03.413+0800: [Full GC (Ergonomics) [PSYoungGen: 27316K->0K(122368K)] [ParOldGen: 322657K->309919K(349696K)] 349974K->309919K(472064K), [Metaspace: 3210K->3210K(1056768K)], 0.0467230 secs] [Times: user=0.22 sys=0.00, real=0.05 secs] 
2021-01-21T16:19:03.475+0800: [GC (Allocation Failure) [PSYoungGen: 77824K->24223K(123904K)] 387743K->334143K(473600K), 0.0033640 secs] [Times: user=0.00 sys=0.00, real=0.00 secs] 
2021-01-21T16:19:03.493+0800: [GC (Allocation Failure) [PSYoungGen: 102047K->44010K(113152K)] 411967K->363271K(462848K), 0.0064648 secs] [Times: user=0.11 sys=0.00, real=0.01 secs] 
2021-01-21T16:19:03.516+0800: [GC (Allocation Failure) --[PSYoungGen: 113130K->113130K(113152K)] 432391K->462796K(462848K), 0.0074913 secs] [Times: user=0.00 sys=0.00, real=0.01 secs] 
2021-01-21T16:19:03.524+0800: [Full GC (Ergonomics) [PSYoungGen: 113130K->0K(113152K)] [ParOldGen: 349665K->325595K(349696K)] 462796K->325595K(462848K), [Metaspace: 3210K->3210K(1056768K)], 0.0405898 secs] [Times: user=0.30 sys=0.00, real=0.04 secs] 
2021-01-21T16:19:03.576+0800: [Full GC (Ergonomics) [PSYoungGen: 69120K->0K(113152K)] [ParOldGen: 325595K->329517K(349696K)] 394715K->329517K(462848K), [Metaspace: 3210K->3210K(1056768K)], 0.0409342 secs] [Times: user=0.17 sys=0.00, real=0.04 secs] 
2021-01-21T16:19:03.630+0800: [Full GC (Ergonomics) [PSYoungGen: 68439K->0K(113152K)] [ParOldGen: 329517K->333270K(349696K)] 397957K->333270K(462848K), [Metaspace: 3210K->3210K(1056768K)], 0.0468777 secs] [Times: user=0.27 sys=0.00, real=0.05 secs] 
2021-01-21T16:19:03.690+0800: [Full GC (Ergonomics) [PSYoungGen: 69102K->0K(113152K)] [ParOldGen: 333270K->331272K(349696K)] 402372K->331272K(462848K), [Metaspace: 3210K->3210K(1056768K)], 0.0469147 secs] [Times: user=0.22 sys=0.00, real=0.05 secs] 
执行结束!共生成对象次数:9215
Heap
 PSYoungGen      total 113152K, used 2861K [0x00000000f5580000, 0x0000000100000000, 0x0000000100000000)
  eden space 69120K, 4% used [0x00000000f5580000,0x00000000f584b420,0x00000000f9900000)
  from space 44032K, 0% used [0x00000000fd280000,0x00000000fd280000,0x00000000ffd80000)
  to   space 52736K, 0% used [0x00000000f9900000,0x00000000f9900000,0x00000000fcc80000)
 ParOldGen       total 349696K, used 331272K [0x00000000e0000000, 0x00000000f5580000, 0x00000000f5580000)
  object space 349696K, 94% used [0x00000000e0000000,0x00000000f4382080,0x00000000f5580000)
 Metaspace       used 3216K, capacity 4568K, committed 4864K, reserved 1056768K
  class space    used 344K, capacity 392K, committed 512K, reserved 1048576K
Disconnected from the target VM, address: '127.0.0.1:56191', transport: 'socket'

Process finished with exit code 0
